Archive member included to satisfy reference by file (symbol)

C:\Users\Helge\source\repos\PERFOR~1\PANSTA~4\SWAPLE~1\ARDUIN~1\Debug\libArduinoCore.a(HardwareSerial.o)
                              ledstatus.o (_ZN14HardwareSerial5beginEmh)
C:\Users\Helge\source\repos\PERFOR~1\PANSTA~4\SWAPLE~1\ARDUIN~1\Debug\libArduinoCore.a(HardwareSerial0.o)
                              ledstatus.o (Serial)
C:\Users\Helge\source\repos\PERFOR~1\PANSTA~4\SWAPLE~1\ARDUIN~1\Debug\libArduinoCore.a(main.o)
                              C:/Program Files (x86)/Atmel/Studio/7.0/Packs/atmel/ATmega_DFP/1.6.364/gcc/dev/atmega328p/avr5/crtatmega328p.o (main)
C:\Users\Helge\source\repos\PERFOR~1\PANSTA~4\SWAPLE~1\ARDUIN~1\Debug\libArduinoCore.a(Print.o)
                              C:\Users\Helge\source\repos\PERFOR~1\PANSTA~4\SWAPLE~1\ARDUIN~1\Debug\libArduinoCore.a(HardwareSerial.o) (_ZN5Print5writeEPKhj)
C:\Users\Helge\source\repos\PERFOR~1\PANSTA~4\SWAPLE~1\ARDUIN~1\Debug\libArduinoCore.a(wiring.o)
                              ledstatus.o (delay)
C:\Users\Helge\source\repos\PERFOR~1\PANSTA~4\SWAPLE~1\ARDUIN~1\Debug\libArduinoCore.a(wiring_digital.o)
                              ledstatus.o (pinMode)
C:\Users\Helge\source\repos\PERFOR~1\PANSTA~4\SWAPLE~1\ARDUIN~1\Debug\libArduinoCore.a(cc1101.o)
                              ledstatus.o (_ZN6CC11018writeRegEhh)
C:\Users\Helge\source\repos\PERFOR~1\PANSTA~4\SWAPLE~1\ARDUIN~1\Debug\libArduinoCore.a(panstamp.o)
                              ledstatus.o (panstamp)
C:\Users\Helge\source\repos\PERFOR~1\PANSTA~4\SWAPLE~1\ARDUIN~1\Debug\libArduinoCore.a(simplespi.o)
                              C:\Users\Helge\source\repos\PERFOR~1\PANSTA~4\SWAPLE~1\ARDUIN~1\Debug\libArduinoCore.a(cc1101.o) (_ZN9SIMPLESPI4initEv)
C:\Users\Helge\source\repos\PERFOR~1\PANSTA~4\SWAPLE~1\ARDUIN~1\Debug\libArduinoCore.a(register.o)
                              regtable.o (_ZN8REGISTER14sendSwapStatusEv)
C:\Users\Helge\source\repos\PERFOR~1\PANSTA~4\SWAPLE~1\ARDUIN~1\Debug\libArduinoCore.a(swap.o)
                              ledstatus.o (swap)
C:\Users\Helge\source\repos\PERFOR~1\PANSTA~4\SWAPLE~1\ARDUIN~1\Debug\libArduinoCore.a(swpacket.o)
                              C:\Users\Helge\source\repos\PERFOR~1\PANSTA~4\SWAPLE~1\ARDUIN~1\Debug\libArduinoCore.a(swap.o) (_ZN8SWPACKETC1EP8CCPACKET)
C:\Users\Helge\source\repos\PERFOR~1\PANSTA~4\SWAPLE~1\ARDUIN~1\Debug\libArduinoCore.a(swstatus.o)
                              regtable.o (_ZN8SWSTATUSC1EhPhh7SWDTYPE)
C:\Users\Helge\source\repos\PERFOR~1\PANSTA~4\SWAPLE~1\ARDUIN~1\Debug\libArduinoCore.a(abi.o)
                              C:\Users\Helge\source\repos\PERFOR~1\PANSTA~4\SWAPLE~1\ARDUIN~1\Debug\libArduinoCore.a(Print.o) (__cxa_pure_virtual)
C:\Users\Helge\source\repos\PERFOR~1\PANSTA~4\SWAPLE~1\ARDUIN~1\Debug\libArduinoCore.a(hooks.o)
                              C:\Users\Helge\source\repos\PERFOR~1\PANSTA~4\SWAPLE~1\ARDUIN~1\Debug\libArduinoCore.a(wiring.o) (yield)
C:\Users\Helge\source\repos\PERFOR~1\PANSTA~4\SWAPLE~1\ARDUIN~1\Debug\libArduinoCore.a(WInterrupts.o)
                              C:\Users\Helge\source\repos\PERFOR~1\PANSTA~4\SWAPLE~1\ARDUIN~1\Debug\libArduinoCore.a(panstamp.o) (attachInterrupt)
C:\Users\Helge\source\repos\PERFOR~1\PANSTA~4\SWAPLE~1\ARDUIN~1\Debug\libArduinoCore.a(avrrtc.o)
                              C:\Users\Helge\source\repos\PERFOR~1\PANSTA~4\SWAPLE~1\ARDUIN~1\Debug\libArduinoCore.a(panstamp.o) (_ZN6AVRRTC6wakeUpEv)
C:\Users\Helge\source\repos\PERFOR~1\PANSTA~4\SWAPLE~1\ARDUIN~1\Debug\libArduinoCore.a(storage.o)
                              C:\Users\Helge\source\repos\PERFOR~1\PANSTA~4\SWAPLE~1\ARDUIN~1\Debug\libArduinoCore.a(register.o) (_ZN7STORAGE4readEPhhhh)
C:\Users\Helge\source\repos\PERFOR~1\PANSTA~4\SWAPLE~1\ARDUIN~1\Debug\libArduinoCore.a(repeater.o)
                              C:\Users\Helge\source\repos\PERFOR~1\PANSTA~4\SWAPLE~1\ARDUIN~1\Debug\libArduinoCore.a(swap.o) (_ZN8REPEATER4initEh)
c:/program files (x86)/atmel/studio/7.0/toolchain/avr8/avr8-gnu-toolchain/bin/../lib/gcc/avr/5.4.0/../../../../avr/lib/avr5\libm.a(addsf3.o)
                              C:\Users\Helge\source\repos\PERFOR~1\PANSTA~4\SWAPLE~1\ARDUIN~1\Debug\libArduinoCore.a(Print.o) (__subsf3)
c:/program files (x86)/atmel/studio/7.0/toolchain/avr8/avr8-gnu-toolchain/bin/../lib/gcc/avr/5.4.0/../../../../avr/lib/avr5\libm.a(addsf3x.o)
                              c:/program files (x86)/atmel/studio/7.0/toolchain/avr8/avr8-gnu-toolchain/bin/../lib/gcc/avr/5.4.0/../../../../avr/lib/avr5\libm.a(addsf3.o) (__addsf3x)
c:/program files (x86)/atmel/studio/7.0/toolchain/avr8/avr8-gnu-toolchain/bin/../lib/gcc/avr/5.4.0/../../../../avr/lib/avr5\libm.a(cmpsf2.o)
                              C:\Users\Helge\source\repos\PERFOR~1\PANSTA~4\SWAPLE~1\ARDUIN~1\Debug\libArduinoCore.a(Print.o) (__ltsf2)
c:/program files (x86)/atmel/studio/7.0/toolchain/avr8/avr8-gnu-toolchain/bin/../lib/gcc/avr/5.4.0/../../../../avr/lib/avr5\libm.a(divsf3.o)
[...]
Memory Configuration

Name             Origin             Length             Attributes
text             0x00000000         0x00008000         xr
data             0x00800100         0x00000800         rw !x
eeprom           0x00810000         0x00000400         rw !x
fuse             0x00820000         0x00000003         rw !x
lock             0x00830000         0x00000400         rw !x
signature        0x00840000         0x00000400         rw !x
user_signatures  0x00850000         0x00000400         rw !x
*default*        0x00000000         0xffffffff

Linker script and memory map

Address of section .data set to 0x800100
LOAD C:/Program Files (x86)/Atmel/Studio/7.0/Packs/atmel/ATmega_DFP/1.6.364/gcc/dev/atmega328p/avr5/crtatmega328p.o
LOAD ledstatus.o
LOAD regtable.o
START GROUP
LOAD c:/program files (x86)/atmel/studio/7.0/toolchain/avr8/avr8-gnu-toolchain/bin/../lib/gcc/avr/5.4.0/../../../../avr/lib/avr5\libm.a
LOAD C:\Users\Helge\source\repos\PERFOR~1\PANSTA~4\SWAPLE~1\ARDUIN~1\Debug\libArduinoCore.a
END GROUP
LOAD c:/program files (x86)/atmel/studio/7.0/toolchain/avr8/avr8-gnu-toolchain/bin/../lib/gcc/avr/5.4.0/avr5\libgcc.a
LOAD c:/program files (x86)/atmel/studio/7.0/toolchain/avr8/avr8-gnu-toolchain/bin/../lib/gcc/avr/5.4.0/../../../../avr/lib/avr5\libm.a
START GROUP
LOAD c:/program files (x86)/atmel/studio/7.0/toolchain/avr8/avr8-gnu-toolchain/bin/../lib/gcc/avr/5.4.0/avr5\libgcc.a
LOAD c:/program files (x86)/atmel/studio/7.0/toolchain/avr8/avr8-gnu-toolchain/bin/../lib/gcc/avr/5.4.0/../../../../avr/lib/avr5\libm.a
LOAD c:/program files (x86)/atmel/studio/7.0/toolchain/avr8/avr8-gnu-toolchain/bin/../lib/gcc/avr/5.4.0/../../../../avr/lib/avr5\libc.a
LOAD C:/Program Files (x86)/Atmel/Studio/7.0/Packs/atmel/ATmega_DFP/1.6.364/gcc/dev/atmega328p/avr5\libatmega328p.a
END GROUP
                0x00000000                __TEXT_REGION_ORIGIN__ = DEFINED (__TEXT_REGION_ORIGIN__)?__TEXT_REGION_ORIGIN__:0x0
                [0x00800100]                __DATA_REGION_ORIGIN__ = DEFINED (__DATA_REGION_ORIGIN__)?__DATA_REGION_ORIGIN__:0x800060
                [0x00008000]                __TEXT_REGION_LENGTH__ = DEFINED (__TEXT_REGION_LENGTH__)?__TEXT_REGION_LENGTH__:0x20000
                [0x00000800]                __DATA_REGION_LENGTH__ = DEFINED (__DATA_REGION_LENGTH__)?__DATA_REGION_LENGTH__:0xffa0
                [0x00000400]                __EEPROM_REGION_LENGTH__ = DEFINED (__EEPROM_REGION_LENGTH__)?__EEPROM_REGION_LENGTH__:0x10000
                [0x00000003]                __FUSE_REGION_LENGTH__ = DEFINED (__FUSE_REGION_LENGTH__)?__FUSE_REGION_LENGTH__:0x400
                0x00000400                __LOCK_REGION_LENGTH__ = DEFINED (__LOCK_REGION_LENGTH__)?__LOCK_REGION_LENGTH__:0x400
                0x00000400                __SIGNATURE_REGION_LENGTH__ = DEFINED (__SIGNATURE_REGION_LENGTH__)?__SIGNATURE_REGION_LENGTH__:0x400
                0x00000400                __USER_SIGNATURE_REGION_LENGTH__ = DEFINED (__USER_SIGNATURE_REGION_LENGTH__)?__USER_SIGNATURE_REGION_LENGTH__:0x400

.hash
 *(.hash)

.dynsym
 *(.dynsym)

.dynstr
 *(.dynstr)

.gnu.version
 *(.gnu.version)

.gnu.version_d
 *(.gnu.version_d)

.gnu.version_r
 *(.gnu.version_r)

.rel.init
 *(.rel.init)

.rela.init
 *(.rela.init)

.rel.text
 *(.rel.text)
 *(.rel.text.*)
 *(.rel.gnu.linkonce.t*)

.rela.text
 *(.rela.text)
 *(.rela.text.*)
 *(.rela.gnu.linkonce.t*)

.rel.fini
 *(.rel.fini)

.rela.fini
 *(.rela.fini)

.rel.rodata
 *(.rel.rodata)
 *(.rel.rodata.*)
 *(.rel.gnu.linkonce.r*)

.rela.rodata
 *(.rela.rodata)
 *(.rela.rodata.*)
 *(.rela.gnu.linkonce.r*)

.rel.data
 *(.rel.data)
 *(.rel.data.*)
 *(.rel.gnu.linkonce.d*)

.rela.data
 *(.rela.data)
 *(.rela.data.*)
 *(.rela.gnu.linkonce.d*)

.rel.ctors
 *(.rel.ctors)

.rela.ctors
 *(.rela.ctors)

.rel.dtors
 *(.rel.dtors)

.rela.dtors
 *(.rela.dtors)

.rel.got
 *(.rel.got)

.rela.got
 *(.rela.got)

.rel.bss
 *(.rel.bss)

.rela.bss
 *(.rela.bss)

.rel.plt
 *(.rel.plt)

.rela.plt
 *(.rela.plt)

.text           0x00000000     0x276e
 *(.vectors)
 .vectors       0x00000000       0x68 C:/Program Files (x86)/Atmel/Studio/7.0/Packs/atmel/ATmega_DFP/1.6.364/gcc/dev/atmega328p/avr5/crtatmega328p.o
                0x00000000                __vector_default
                0x00000000                __vectors
 *(.vectors)
 *(.progmem.gcc*)
                0x00000068                . = ALIGN (0x2)
                0x00000068                __trampolines_start = .
 *(.trampolines)
 .trampolines   0x00000068        0x0 linker stubs
 *(.trampolines*)
                0x00000068                __trampolines_end = .
 *libprintf_flt.a:*(.progmem.data)
 *libc.a:*(.progmem.data)
 *(.progmem*)
 .progmem.data.digital_pin_to_timer_PGM
                0x00000068       0x14 C:\Users\Helge\source\repos\PERFOR~1\PANSTA~4\SWAPLE~1\ARDUIN~1\Debug\libArduinoCore.a(wiring_digital.o)
                0x00000068                digital_pin_to_timer_PGM
 .progmem.data.digital_pin_to_bit_mask_PGM
                0x0000007c       0x14 C:\Users\Helge\source\repos\PERFOR~1\PANSTA~4\SWAPLE~1\ARDUIN~1\Debug\libArduinoCore.a(wiring_digital.o)
                0x0000007c                digital_pin_to_bit_mask_PGM
 .progmem.data.digital_pin_to_port_PGM
                0x00000090       0x14 C:\Users\Helge\source\repos\PERFOR~1\PANSTA~4\SWAPLE~1\ARDUIN~1\Debug\libArduinoCore.a(wiring_digital.o)
                0x00000090                digital_pin_to_port_PGM
 .progmem.data.port_to_output_PGM
                0x000000a4        0xa C:\Users\Helge\source\repos\PERFOR~1\PANSTA~4\SWAPLE~1\ARDUIN~1\Debug\libArduinoCore.a(wiring_digital.o)
                0x000000a4                port_to_output_PGM
 .progmem.data.port_to_mode_PGM
                0x000000ae        0xa C:\Users\Helge\source\repos\PERFOR~1\PANSTA~4\SWAPLE~1\ARDUIN~1\Debug\libArduinoCore.a(wiring_digital.o)
                0x000000ae                port_to_mode_PGM
                0x000000b8                . = ALIGN (0x2)
 *(.jumptables)
 *(.jumptables*)
 *(.lowtext)
 *(.lowtext*)
                0x000000b8                __ctors_start = .
 *(.ctors)
 .ctors         0x000000b8        0x2 regtable.o
 .ctors         0x000000ba        0x2 C:\Users\Helge\source\repos\PERFOR~1\PANSTA~4\SWAPLE~1\ARDUIN~1\Debug\libArduinoCore.a(HardwareSerial0.o)
 .ctors         0x000000bc        0x2 C:\Users\Helge\source\repos\PERFOR~1\PANSTA~4\SWAPLE~1\ARDUIN~1\Debug\libArduinoCore.a(panstamp.o)
 .ctors         0x000000be        0x2 C:\Users\Helge\source\repos\PERFOR~1\PANSTA~4\SWAPLE~1\ARDUIN~1\Debug\libArduinoCore.a(swap.o)
                0x000000c0                __ctors_end = .
                0x000000c0                __dtors_start = .
 *(.dtors)
                0x000000c0                __dtors_end = .
 SORT(*)(.ctors)
 SORT(*)(.dtors)
 *(.init0)
 .init0         0x000000c0        0x0 C:/Program Files (x86)/Atmel/Studio/7.0/Packs/atmel/ATmega_DFP/1.6.364/gcc/dev/atmega328p/avr5/crtatmega328p.o
                0x000000c0                __init
 *(.init0)
 *(.init1)
 *(.init1)
 *(.init2)
 .init2         0x000000c0        0xc C:/Program Files (x86)/Atmel/Studio/7.0/Packs/atmel/ATmega_DFP/1.6.364/gcc/dev/atmega328p/avr5/crtatmega328p.o
 *(.init2)
 *(.init3)
 *(.init3)
 *(.init4)
 .init4         0x000000cc       0x16 c:/program files (x86)/atmel/studio/7.0/toolchain/avr8/avr8-gnu-toolchain/bin/../lib/gcc/avr/5.4.0/avr5\libgcc.a(_copy_data.o)
                0x000000cc                __do_copy_data
 .init4         0x000000e2       0x10 c:/program files (x86)/atmel/studio/7.0/toolchain/avr8/avr8-gnu-toolchain/bin/../lib/gcc/avr/5.4.0/avr5\libgcc.a(_clear_bss.o)
                0x000000e2                __do_clear_bss
 *(.init4)
 *(.init5)
 *(.init5)
 *(.init6)
 .init6         0x000000f2       0x16 c:/program files (x86)/atmel/studio/7.0/toolchain/avr8/avr8-gnu-toolchain/bin/../lib/gcc/avr/5.4.0/avr5\libgcc.a(_ctors.o)
                0x000000f2                __do_global_ctors
 *(.init6)
 *(.init7)
 *(.init7)
 *(.init8)
 *(.init8)
 *(.init9)
 .init9         0x00000108        0x8 C:/Program Files (x86)/Atmel/Studio/7.0/Packs/atmel/ATmega_DFP/1.6.364/gcc/dev/atmega328p/avr5/crtatmega328p.o
 *(.init9)
 *(.text)
 .text          0x00000110        0x4 C:/Program Files (x86)/Atmel/Studio/7.0/Packs/atmel/ATmega_DFP/1.6.364/gcc/dev/atmega328p/avr5/crtatmega328p.o
                0x00000110                __vector_22
                0x00000110                __vector_24
                0x00000110                __vector_12
                0x00000110                __bad_interrupt
                0x00000110                __vector_3
                0x00000110                __vector_23
                0x00000110                __vector_25
                0x00000110                __vector_11
                0x00000110                __vector_13
                0x00000110                __vector_17
                0x00000110                __vector_7
                0x00000110                __vector_5
                0x00000110                __vector_4
                0x00000110                __vector_21
                0x00000110                __vector_15
                0x00000110                __vector_8
                0x00000110                __vector_14
                0x00000110                __vector_10
                0x00000110                __vector_20
                0x00000114                . = ALIGN (0x2)
 *(.text.*)
 .text.setup    0x00000114      0x132 ledstatus.o
                0x00000114                setup
 .text.loop     0x00000246       0x2e ledstatus.o
                0x00000246                loop
 .text._Z7setled1hPh
                0x00000274       0x20 regtable.o
                0x00000274                _Z7setled1hPh
 .text._Z13setTxIntervalhPh
                0x00000294        0x8 regtable.o
                0x00000294                _Z13setTxIntervalhPh
 .text._Z13setDevAddresshPh
                0x0000029c       0x80 regtable.o
                0x0000029c                _Z13setDevAddresshPh
 .text._Z12setNetworkIdhPh
                0x0000031c       0x7a regtable.o
                0x0000031c                _Z12setNetworkIdhPh
 .text._Z18updtProcVoltSupplyh
                0x00000396       0x3a regtable.o
                0x00000396                _Z18updtProcVoltSupplyh
 .text._Z14setFreqChannelhPh
                0x000003d0       0x72 regtable.o
                0x000003d0                _Z14setFreqChannelhPh
 .text._Z7setled0hPh
                0x00000442       0x32 regtable.o
                0x00000442                _Z7setled0hPh
 .text._Z11setSysStatehPh
                0x00000474       0x32 regtable.o
                0x00000474                _Z11setSysStatehPh
 .text.startup._GLOBAL__sub_I_regProductCode
                0x000004a6      0x254 regtable.o
 .text._ZN14HardwareSerial9availableEv
                0x000006fa       0x18 C:\Users\Helge\source\repos\PERFOR~1\PANSTA~4\SWAPLE~1\ARDUIN~1\Debug\libArduinoCore.a(HardwareSerial.o)
                0x000006fa                _ZN14HardwareSerial9availableEv
 .text._ZN14HardwareSerial4peekEv
                0x00000712       0x1c C:\Users\Helge\source\repos\PERFOR~1\PANSTA~4\SWAPLE~1\ARDUIN~1\Debug\libArduinoCore.a(HardwareSerial.o)
                0x00000712                _ZN14HardwareSerial4peekEv
 .text._ZN14HardwareSerial4readEv
                0x0000072e       0x28 C:\Users\Helge\source\repos\PERFOR~1\PANSTA~4\SWAPLE~1\ARDUIN~1\Debug\libArduinoCore.a(HardwareSerial.o)
                0x0000072e                _ZN14HardwareSerial4readEv
 .text._ZN14HardwareSerial17availableForWriteEv
                0x00000756       0x1e C:\Users\Helge\source\repos\PERFOR~1\PANSTA~4\SWAPLE~1\ARDUIN~1\Debug\libArduinoCore.a(HardwareSerial.o)
                0x00000756                _ZN14HardwareSerial17availableForWriteEv
 .text._Z14serialEventRunv
                0x00000774       0x1c C:\Users\Helge\source\repos\PERFOR~1\PANSTA~4\SWAPLE~1\ARDUIN~1\Debug\libArduinoCore.a(HardwareSerial.o)
                0x00000774                _Z14serialEventRunv
 .text._ZN14HardwareSerial17_tx_udr_empty_irqEv
                0x00000790       0x44 C:\Users\Helge\source\repos\PERFOR~1\PANSTA~4\SWAPLE~1\ARDUIN~1\Debug\libArduinoCore.a(HardwareSerial.o)
                0x00000790                _ZN14HardwareSerial17_tx_udr_empty_irqEv
 .text._ZN14HardwareSerial5writeEh
                0x000007d4       0x9a C:\Users\Helge\source\repos\PERFOR~1\PANSTA~4\SWAPLE~1\ARDUIN~1\Debug\libArduinoCore.a(HardwareSerial.o)
                0x000007d4                _ZN14HardwareSerial5writeEh
 .text._ZN14HardwareSerial5flushEv
                0x0000086e       0x44 C:\Users\Helge\source\repos\PERFOR~1\PANSTA~4\SWAPLE~1\ARDUIN~1\Debug\libArduinoCore.a(HardwareSerial.o)
                0x0000086e                _ZN14HardwareSerial5flushEv
 .text._ZN14HardwareSerial5beginEmh
                0x000008b2       0xc0 C:\Users\Helge\source\repos\PERFOR~1\PANSTA~4\SWAPLE~1\ARDUIN~1\Debug\libArduinoCore.a(HardwareSerial.o)
                0x000008b2                _ZN14HardwareSerial5beginEmh
 .text.__vector_18
                0x00000972       0x64 C:\Users\Helge\source\repos\PERFOR~1\PANSTA~4\SWAPLE~1\ARDUIN~1\Debug\libArduinoCore.a(HardwareSerial0.o)
                0x00000972                __vector_18
 .text.__vector_19
                0x000009d6       0x4c C:\Users\Helge\source\repos\PERFOR~1\PANSTA~4\SWAPLE~1\ARDUIN~1\Debug\libArduinoCore.a(HardwareSerial0.o)
                0x000009d6                __vector_19
 .text._Z17Serial0_availablev
                0x00000a22       0x14 C:\Users\Helge\source\repos\PERFOR~1\PANSTA~4\SWAPLE~1\ARDUIN~1\Debug\libArduinoCore.a(HardwareSerial0.o)
                0x00000a22                _Z17Serial0_availablev
 .text.startup._GLOBAL__sub_I___vector_18
                0x00000a36       0x5a C:\Users\Helge\source\repos\PERFOR~1\PANSTA~4\SWAPLE~1\ARDUIN~1\Debug\libArduinoCore.a(HardwareSerial0.o)
 .text.initVariant
                0x00000a90        0x2 C:\Users\Helge\source\repos\PERFOR~1\PANSTA~4\SWAPLE~1\ARDUIN~1\Debug\libArduinoCore.a(main.o)
                0x00000a90                initVariant
 .text.startup.main
                0x00000a92       0x1e C:\Users\Helge\source\repos\PERFOR~1\PANSTA~4\SWAPLE~1\ARDUIN~1\Debug\libArduinoCore.a(main.o)
                0x00000a92                main
 .text._ZN5Print5writeEPKhj
                0x00000ab0       0x54 C:\Users\Helge\source\repos\PERFOR~1\PANSTA~4\SWAPLE~1\ARDUIN~1\Debug\libArduinoCore.a(Print.o)
                0x00000ab0                _ZN5Print5writeEPKhj
 .text._ZN5Print5writeEPKc
                0x00000b04       0x2a C:\Users\Helge\source\repos\PERFOR~1\PANSTA~4\SWAPLE~1\ARDUIN~1\Debug\libArduinoCore.a(Print.o)
                0x00000b04                _ZN5Print5writeEPKc
 .text._ZN5Print5printEc
                0x00000b2e        0xe C:\Users\Helge\source\repos\PERFOR~1\PANSTA~4\SWAPLE~1\ARDUIN~1\Debug\libArduinoCore.a(Print.o)
                0x00000b2e                _ZN5Print5printEc
 .text._ZN5Print7printlnEv
                0x00000b3c        0x8 C:\Users\Helge\source\repos\PERFOR~1\PANSTA~4\SWAPLE~1\ARDUIN~1\Debug\libArduinoCore.a(Print.o)
                0x00000b3c                _ZN5Print7printlnEv
 .text._ZN5Print7printlnEPKc
                0x00000b44       0x24 C:\Users\Helge\source\repos\PERFOR~1\PANSTA~4\SWAPLE~1\ARDUIN~1\Debug\libArduinoCore.a(Print.o)
                0x00000b44                _ZN5Print7printlnEPKc
 .text._ZN5Print11printNumberEmh
                0x00000b68       0x92 C:\Users\Helge\source\repos\PERFOR~1\PANSTA~4\SWAPLE~1\ARDUIN~1\Debug\libArduinoCore.a(Print.o)
                0x00000b68                _ZN5Print11printNumberEmh
 .text._ZN5Print5printEli
                0x00000bfa       0x90 C:\Users\Helge\source\repos\PERFOR~1\PANSTA~4\SWAPLE~1\ARDUIN~1\Debug\libArduinoCore.a(Print.o)
                0x00000bfa                _ZN5Print5printEli
 .text._ZN5Print5printEii
                0x00000c8a        0xe C:\Users\Helge\source\repos\PERFOR~1\PANSTA~4\SWAPLE~1\ARDUIN~1\Debug\libArduinoCore.a(Print.o)
                0x00000c8a                _ZN5Print5printEii
 .text.__vector_16
                0x00000c98       0x94 C:\Users\Helge\source\repos\PERFOR~1\PANSTA~4\SWAPLE~1\ARDUIN~1\Debug\libArduinoCore.a(wiring.o)
                0x00000c98                __vector_16
 .text.millis   0x00000d2c       0x18 C:\Users\Helge\source\repos\PERFOR~1\PANSTA~4\SWAPLE~1\ARDUIN~1\Debug\libArduinoCore.a(wiring.o)
                0x00000d2c                millis
 .text.micros   0x00000d44       0x4a C:\Users\Helge\source\repos\PERFOR~1\PANSTA~4\SWAPLE~1\ARDUIN~1\Debug\libArduinoCore.a(wiring.o)
                0x00000d44                micros
 .text.delay    0x00000d8e       0x78 C:\Users\Helge\source\repos\PERFOR~1\PANSTA~4\SWAPLE~1\ARDUIN~1\Debug\libArduinoCore.a(wiring.o)
                0x00000d8e                delay
 .text.delayMicroseconds
                0x00000e06       0x16 C:\Users\Helge\source\repos\PERFOR~1\PANSTA~4\SWAPLE~1\ARDUIN~1\Debug\libArduinoCore.a(wiring.o)
                0x00000e06                delayMicroseconds
 .text.init     0x00000e1c       0x70 C:\Users\Helge\source\repos\PERFOR~1\PANSTA~4\SWAPLE~1\ARDUIN~1\Debug\libArduinoCore.a(wiring.o)
                0x00000e1c                init
 .text.turnOffPWM
                0x00000e8c       0x52 C:\Users\Helge\source\repos\PERFOR~1\PANSTA~4\SWAPLE~1\ARDUIN~1\Debug\libArduinoCore.a(wiring_digital.o)
 .text.pinMode  0x00000ede       0x78 C:\Users\Helge\source\repos\PERFOR~1\PANSTA~4\SWAPLE~1\ARDUIN~1\Debug\libArduinoCore.a(wiring_digital.o)
                0x00000ede                pinMode
 .text.digitalWrite
                0x00000f56       0x5e C:\Users\Helge\source\repos\PERFOR~1\PANSTA~4\SWAPLE~1\ARDUIN~1\Debug\libArduinoCore.a(wiring_digital.o)
                0x00000f56                digitalWrite
 .text._ZN6CC1101C2Ev
                0x00000fb4       0x16 C:\Users\Helge\source\repos\PERFOR~1\PANSTA~4\SWAPLE~1\ARDUIN~1\Debug\libArduinoCore.a(cc1101.o)
                0x00000fb4                _ZN6CC1101C1Ev
                0x00000fb4                _ZN6CC1101C2Ev
 .text._ZN6CC11016wakeUpEv
                0x00000fca        0xa C:\Users\Helge\source\repos\PERFOR~1\PANSTA~4\SWAPLE~1\ARDUIN~1\Debug\libArduinoCore.a(cc1101.o)
                0x00000fca                _ZN6CC11016wakeUpEv
 .text._ZN6CC11018writeRegEhh
                0x00000fd4       0x28 C:\Users\Helge\source\repos\PERFOR~1\PANSTA~4\SWAPLE~1\ARDUIN~1\Debug\libArduinoCore.a(cc1101.o)
                0x00000fd4                _ZN6CC11018writeRegEhh
 .text._ZN6CC110113writeBurstRegEhPhh
                0x00000ffc       0x52 C:\Users\Helge\source\repos\PERFOR~1\PANSTA~4\SWAPLE~1\ARDUIN~1\Debug\libArduinoCore.a(cc1101.o)
                0x00000ffc                _ZN6CC110113writeBurstRegEhPhh
 .text._ZN6CC11019cmdStrobeEh
                0x0000104e        0xe C:\Users\Helge\source\repos\PERFOR~1\PANSTA~4\SWAPLE~1\ARDUIN~1\Debug\libArduinoCore.a(cc1101.o)
                0x0000104e                _ZN6CC11019cmdStrobeEh
 .text._ZN6CC11017readRegEhh
                0x0000105c       0x24 C:\Users\Helge\source\repos\PERFOR~1\PANSTA~4\SWAPLE~1\ARDUIN~1\Debug\libArduinoCore.a(cc1101.o)
                0x0000105c                _ZN6CC11017readRegEhh
 .text._ZN6CC110112readBurstRegEPhhh
                0x00001080       0x56 C:\Users\Helge\source\repos\PERFOR~1\PANSTA~4\SWAPLE~1\ARDUIN~1\Debug\libArduinoCore.a(cc1101.o)
                0x00001080                _ZN6CC110112readBurstRegEPhhh
 .text._ZN6CC110111setSyncWordEhh
                0x000010d6       0x2e C:\Users\Helge\source\repos\PERFOR~1\PANSTA~4\SWAPLE~1\ARDUIN~1\Debug\libArduinoCore.a(cc1101.o)
                0x000010d6                _ZN6CC110111setSyncWordEhh
 .text._ZN6CC110111setSyncWordEPh
                0x00001104        0xa C:\Users\Helge\source\repos\PERFOR~1\PANSTA~4\SWAPLE~1\ARDUIN~1\Debug\libArduinoCore.a(cc1101.o)
                0x00001104                _ZN6CC110111setSyncWordEPh
 .text._ZN6CC110113setDevAddressEh
                0x0000110e       0x1c C:\Users\Helge\source\repos\PERFOR~1\PANSTA~4\SWAPLE~1\ARDUIN~1\Debug\libArduinoCore.a(cc1101.o)
                0x0000110e                _ZN6CC110113setDevAddressEh
 .text._ZN6CC110110setChannelEh
                0x0000112a       0x1c C:\Users\Helge\source\repos\PERFOR~1\PANSTA~4\SWAPLE~1\ARDUIN~1\Debug\libArduinoCore.a(cc1101.o)
                0x0000112a                _ZN6CC110110setChannelEh
 .text._ZN6CC110114setCarrierFreqEh
                0x00001146       0x7e C:\Users\Helge\source\repos\PERFOR~1\PANSTA~4\SWAPLE~1\ARDUIN~1\Debug\libArduinoCore.a(cc1101.o)
                0x00001146                _ZN6CC110114setCarrierFreqEh
 .text._ZN6CC11018enablePAEv
                0x000011c4       0x10 C:\Users\Helge\source\repos\PERFOR~1\PANSTA~4\SWAPLE~1\ARDUIN~1\Debug\libArduinoCore.a(cc1101.o)
                0x000011c4                _ZN6CC11018enablePAEv
 .text._ZN6CC110110setTxStateEv
                0x000011d4       0x24 C:\Users\Helge\source\repos\PERFOR~1\PANSTA~4\SWAPLE~1\ARDUIN~1\Debug\libArduinoCore.a(cc1101.o)
                0x000011d4                _ZN6CC110110setTxStateEv
 .text._ZN6CC11019enableLNAEv
                0x000011f8       0x10 C:\Users\Helge\source\repos\PERFOR~1\PANSTA~4\SWAPLE~1\ARDUIN~1\Debug\libArduinoCore.a(cc1101.o)
                0x000011f8                _ZN6CC11019enableLNAEv
 .text._ZN6CC110110setRxStateEv
                0x00001208       0x26 C:\Users\Helge\source\repos\PERFOR~1\PANSTA~4\SWAPLE~1\ARDUIN~1\Debug\libArduinoCore.a(cc1101.o)
                0x00001208                _ZN6CC110110setRxStateEv
 .text._ZN6CC11018sendDataE8CCPACKET
                0x0000122e       0xe0 C:\Users\Helge\source\repos\PERFOR~1\PANSTA~4\SWAPLE~1\ARDUIN~1\Debug\libArduinoCore.a(cc1101.o)
                0x0000122e                _ZN6CC11018sendDataE8CCPACKET
 .text._ZN6CC11019setCCregsEv
                0x0000130e      0x230 C:\Users\Helge\source\repos\PERFOR~1\PANSTA~4\SWAPLE~1\ARDUIN~1\Debug\libArduinoCore.a(cc1101.o)
                0x0000130e                _ZN6CC11019setCCregsEv
 .text._ZN6CC11015resetEv
                0x0000153e       0x42 C:\Users\Helge\source\repos\PERFOR~1\PANSTA~4\SWAPLE~1\ARDUIN~1\Debug\libArduinoCore.a(cc1101.o)
                0x0000153e                _ZN6CC11015resetEv
 .text._ZN6CC11014initEhh
                0x00001580       0x2a C:\Users\Helge\source\repos\PERFOR~1\PANSTA~4\SWAPLE~1\ARDUIN~1\Debug\libArduinoCore.a(cc1101.o)
                0x00001580                _ZN6CC11014initEhh
 .text._ZN6CC110111receiveDataEP8CCPACKET
                0x000015aa       0x98 C:\Users\Helge\source\repos\PERFOR~1\PANSTA~4\SWAPLE~1\ARDUIN~1\Debug\libArduinoCore.a(cc1101.o)
                0x000015aa                _ZN6CC110111receiveDataEP8CCPACKET
 .text._ZN6CC110110disableLNAEv
                0x00001642       0x10 C:\Users\Helge\source\repos\PERFOR~1\PANSTA~4\SWAPLE~1\ARDUIN~1\Debug\libArduinoCore.a(cc1101.o)
                0x00001642                _ZN6CC110110disableLNAEv
 .text._ZN6CC110117setPowerDownStateEv
                0x00001652       0x26 C:\Users\Helge\source\repos\PERFOR~1\PANSTA~4\SWAPLE~1\ARDUIN~1\Debug\libArduinoCore.a(cc1101.o)
                0x00001652                _ZN6CC110117setPowerDownStateEv
 .text._Z8radioISRv
                0x00001678       0x46 C:\Users\Helge\source\repos\PERFOR~1\PANSTA~4\SWAPLE~1\ARDUIN~1\Debug\libArduinoCore.a(panstamp.o)
                0x00001678                _Z8radioISRv
 .text._ZN8PANSTAMPC2Ev
                0x000016be       0x16 C:\Users\Helge\source\repos\PERFOR~1\PANSTA~4\SWAPLE~1\ARDUIN~1\Debug\libArduinoCore.a(panstamp.o)
                0x000016be                _ZN8PANSTAMPC1Ev
                0x000016be                _ZN8PANSTAMPC2Ev
 .text._ZN8PANSTAMP4initEhh
                0x000016d4       0x3e C:\Users\Helge\source\repos\PERFOR~1\PANSTA~4\SWAPLE~1\ARDUIN~1\Debug\libArduinoCore.a(panstamp.o)
                0x000016d4                _ZN8PANSTAMP4initEhh
 .text._ZN8PANSTAMP5resetEv
                0x00001712       0x2c C:\Users\Helge\source\repos\PERFOR~1\PANSTA~4\SWAPLE~1\ARDUIN~1\Debug\libArduinoCore.a(panstamp.o)
                0x00001712                _ZN8PANSTAMP5resetEv
 .text._ZN8PANSTAMP8sleepSecEj6RTCSRC
                0x0000173e       0xe6 C:\Users\Helge\source\repos\PERFOR~1\PANSTA~4\SWAPLE~1\ARDUIN~1\Debug\libArduinoCore.a(panstamp.o)
                0x0000173e                _ZN8PANSTAMP8sleepSecEj6RTCSRC
 .text._ZN8PANSTAMP6getVccEv
                0x00001824       0x44 C:\Users\Helge\source\repos\PERFOR~1\PANSTA~4\SWAPLE~1\ARDUIN~1\Debug\libArduinoCore.a(panstamp.o)
                0x00001824                _ZN8PANSTAMP6getVccEv
 .text.startup._GLOBAL__sub_I__Z8radioISRv
                0x00001868        0x8 C:\Users\Helge\source\repos\PERFOR~1\PANSTA~4\SWAPLE~1\ARDUIN~1\Debug\libArduinoCore.a(panstamp.o)
 .text._ZN9SIMPLESPI4initEv
                0x00001870       0x3e C:\Users\Helge\source\repos\PERFOR~1\PANSTA~4\SWAPLE~1\ARDUIN~1\Debug\libArduinoCore.a(simplespi.o)
                0x00001870                _ZN9SIMPLESPI4initEv
 .text._ZN9SIMPLESPI4sendEh
                0x000018ae        0xc C:\Users\Helge\source\repos\PERFOR~1\PANSTA~4\SWAPLE~1\ARDUIN~1\Debug\libArduinoCore.a(simplespi.o)
                0x000018ae                _ZN9SIMPLESPI4sendEh
 .text._ZN8REGISTER4initEv
                0x000018ba       0x30 C:\Users\Helge\source\repos\PERFOR~1\PANSTA~4\SWAPLE~1\ARDUIN~1\Debug\libArduinoCore.a(register.o)
                0x000018ba                _ZN8REGISTER4initEv
 .text._ZN8REGISTER14sendSwapStatusEv
                0x000018ea       0x4a C:\Users\Helge\source\repos\PERFOR~1\PANSTA~4\SWAPLE~1\ARDUIN~1\Debug\libArduinoCore.a(register.o)
                0x000018ea                _ZN8REGISTER14sendSwapStatusEv
 .text._ZN8REGISTER7getDataEv
                0x00001934       0x1c C:\Users\Helge\source\repos\PERFOR~1\PANSTA~4\SWAPLE~1\ARDUIN~1\Debug\libArduinoCore.a(register.o)
                0x00001934                _ZN8REGISTER7getDataEv
 .text._ZN8REGISTER7setDataEPh
                0x00001950       0x54 C:\Users\Helge\source\repos\PERFOR~1\PANSTA~4\SWAPLE~1\ARDUIN~1\Debug\libArduinoCore.a(register.o)
                0x00001950                _ZN8REGISTER7setDataEPh
 .text._ZN8REGISTER20setValueFromBeBufferEPh
                0x000019a4       0x36 C:\Users\Helge\source\repos\PERFOR~1\PANSTA~4\SWAPLE~1\ARDUIN~1\Debug\libArduinoCore.a(register.o)
                0x000019a4                _ZN8REGISTER20setValueFromBeBufferEPh
 .text._Z14pacKetReceivedP8CCPACKET
                0x000019da      0x184 C:\Users\Helge\source\repos\PERFOR~1\PANSTA~4\SWAPLE~1\ARDUIN~1\Debug\libArduinoCore.a(swap.o)
                0x000019da                _Z14pacKetReceivedP8CCPACKET
 .text._ZN4SWAP9goToSleepEv
                0x00001b5e       0x62 C:\Users\Helge\source\repos\PERFOR~1\PANSTA~4\SWAPLE~1\ARDUIN~1\Debug\libArduinoCore.a(swap.o)
                0x00001b5e                _ZN4SWAP9goToSleepEv
 .text._ZN4SWAP23nvolatToFactoryDefaultsEv
                0x00001bc0       0xaa C:\Users\Helge\source\repos\PERFOR~1\PANSTA~4\SWAPLE~1\ARDUIN~1\Debug\libArduinoCore.a(swap.o)
                0x00001bc0                _ZN4SWAP23nvolatToFactoryDefaultsEv
 .text._ZN4SWAP4initEv
                0x00001c6a       0xaa C:\Users\Helge\source\repos\PERFOR~1\PANSTA~4\SWAPLE~1\ARDUIN~1\Debug\libArduinoCore.a(swap.o)
                0x00001c6a                _ZN4SWAP4initEv
 .text.startup._GLOBAL__sub_I__Z14pacKetReceivedP8CCPACKET
                0x00001d14       0x14 C:\Users\Helge\source\repos\PERFOR~1\PANSTA~4\SWAPLE~1\ARDUIN~1\Debug\libArduinoCore.a(swap.o)
 .text._ZN8SWPACKETC2Ev
                0x00001d28        0x2 C:\Users\Helge\source\repos\PERFOR~1\PANSTA~4\SWAPLE~1\ARDUIN~1\Debug\libArduinoCore.a(swpacket.o)
                0x00001d28                _ZN8SWPACKETC2Ev
                0x00001d28                _ZN8SWPACKETC1Ev
 .text._ZN8SWPACKET12smartEncryptEb
                0x00001d2a       0xe6 C:\Users\Helge\source\repos\PERFOR~1\PANSTA~4\SWAPLE~1\ARDUIN~1\Debug\libArduinoCore.a(swpacket.o)
                0x00001d2a                _ZN8SWPACKET12smartEncryptEb
 .text._ZN8SWPACKETC2EP8CCPACKET
                0x00001e10      0x114 C:\Users\Helge\source\repos\PERFOR~1\PANSTA~4\SWAPLE~1\ARDUIN~1\Debug\libArduinoCore.a(swpacket.o)
                0x00001e10                _ZN8SWPACKETC1EP8CCPACKET
                0x00001e10                _ZN8SWPACKETC2EP8CCPACKET
 .text._ZN8SWPACKET4sendEv
                0x00001f24      0x1ac C:\Users\Helge\source\repos\PERFOR~1\PANSTA~4\SWAPLE~1\ARDUIN~1\Debug\libArduinoCore.a(swpacket.o)
                0x00001f24                _ZN8SWPACKET4sendEv
 .text._ZN8SWSTATUSC2EhPhh7SWDTYPE
                0x000020d0       0x80 C:\Users\Helge\source\repos\PERFOR~1\PANSTA~4\SWAPLE~1\ARDUIN~1\Debug\libArduinoCore.a(swstatus.o)
                0x000020d0                _ZN8SWSTATUSC1EhPhh7SWDTYPE
                0x000020d0                _ZN8SWSTATUSC2EhPhh7SWDTYPE
 .text.__empty  0x00002150        0x2 C:\Users\Helge\source\repos\PERFOR~1\PANSTA~4\SWAPLE~1\ARDUIN~1\Debug\libArduinoCore.a(hooks.o)
                0x00002150                yield
 .text.nothing  0x00002152        0x2 C:\Users\Helge\source\repos\PERFOR~1\PANSTA~4\SWAPLE~1\ARDUIN~1\Debug\libArduinoCore.a(WInterrupts.o)
 .text.attachInterrupt
                0x00002154       0x40 C:\Users\Helge\source\repos\PERFOR~1\PANSTA~4\SWAPLE~1\ARDUIN~1\Debug\libArduinoCore.a(WInterrupts.o)
                0x00002154                attachInterrupt
 .text.detachInterrupt
                0x00002194       0x24 C:\Users\Helge\source\repos\PERFOR~1\PANSTA~4\SWAPLE~1\ARDUIN~1\Debug\libArduinoCore.a(WInterrupts.o)
                0x00002194                detachInterrupt
 .text.__vector_1
                0x000021b8       0x4e C:\Users\Helge\source\repos\PERFOR~1\PANSTA~4\SWAPLE~1\ARDUIN~1\Debug\libArduinoCore.a(WInterrupts.o)
                0x000021b8                __vector_1
 .text.__vector_2
                0x00002206       0x4e C:\Users\Helge\source\repos\PERFOR~1\PANSTA~4\SWAPLE~1\ARDUIN~1\Debug\libArduinoCore.a(WInterrupts.o)
                0x00002206                __vector_2
 .text._ZN6AVRRTC6wakeUpEv
                0x00002254       0x20 C:\Users\Helge\source\repos\PERFOR~1\PANSTA~4\SWAPLE~1\ARDUIN~1\Debug\libArduinoCore.a(avrrtc.o)
                0x00002254                _ZN6AVRRTC6wakeUpEv
 .text.__vector_6
                0x00002274       0x14 C:\Users\Helge\source\repos\PERFOR~1\PANSTA~4\SWAPLE~1\ARDUIN~1\Debug\libArduinoCore.a(avrrtc.o)
                0x00002274                __vector_6
 .text._ZN6AVRRTC14setup_watchdogEh
                0x00002288       0x2c C:\Users\Helge\source\repos\PERFOR~1\PANSTA~4\SWAPLE~1\ARDUIN~1\Debug\libArduinoCore.a(avrrtc.o)
                0x00002288                _ZN6AVRRTC14setup_watchdogEh
 .text.__vector_9
                0x000022b4       0x4a C:\Users\Helge\source\repos\PERFOR~1\PANSTA~4\SWAPLE~1\ARDUIN~1\Debug\libArduinoCore.a(avrrtc.o)
                0x000022b4                __vector_9
 .text._ZN6AVRRTC9setup_rtcEh
                0x000022fe       0x26 C:\Users\Helge\source\repos\PERFOR~1\PANSTA~4\SWAPLE~1\ARDUIN~1\Debug\libArduinoCore.a(avrrtc.o)
                0x000022fe                _ZN6AVRRTC9setup_rtcEh
 .text._ZN6AVRRTC7sleepWdEh
                0x00002324       0x4a C:\Users\Helge\source\repos\PERFOR~1\PANSTA~4\SWAPLE~1\ARDUIN~1\Debug\libArduinoCore.a(avrrtc.o)
                0x00002324                _ZN6AVRRTC7sleepWdEh
 .text._ZN6AVRRTC8sleepRtcEh
                0x0000236e       0x4a C:\Users\Helge\source\repos\PERFOR~1\PANSTA~4\SWAPLE~1\ARDUIN~1\Debug\libArduinoCore.a(avrrtc.o)
                0x0000236e                _ZN6AVRRTC8sleepRtcEh
 .text._ZN7STORAGE4readEPhhhh
                0x000023b8       0x5c C:\Users\Helge\source\repos\PERFOR~1\PANSTA~4\SWAPLE~1\ARDUIN~1\Debug\libArduinoCore.a(storage.o)
                0x000023b8                _ZN7STORAGE4readEPhhhh
 .text._ZN7STORAGE5writeEPhhhh
                0x00002414       0x5a C:\Users\Helge\source\repos\PERFOR~1\PANSTA~4\SWAPLE~1\ARDUIN~1\Debug\libArduinoCore.a(storage.o)
                0x00002414                _ZN7STORAGE5writeEPhhhh
 .text._ZN8REPEATER15saveTransactionEP8SWPACKET
                0x0000246e       0x96 C:\Users\Helge\source\repos\PERFOR~1\PANSTA~4\SWAPLE~1\ARDUIN~1\Debug\libArduinoCore.a(repeater.o)
                0x0000246e                _ZN8REPEATER15saveTransactionEP8SWPACKET
 .text._ZN8REPEATER13packetHandlerEP8SWPACKET
                0x00002504      0x15c C:\Users\Helge\source\repos\PERFOR~1\PANSTA~4\SWAPLE~1\ARDUIN~1\Debug\libArduinoCore.a(repeater.o)
                0x00002504                _ZN8REPEATER13packetHandlerEP8SWPACKET
 .text.libgcc.div
                0x00002660       0x28 c:/program files (x86)/atmel/studio/7.0/toolchain/avr8/avr8-gnu-toolchain/bin/../lib/gcc/avr/5.4.0/avr5\libgcc.a(_divmodhi4.o)
                0x00002660                _div
                0x00002660                __divmodhi4
 .text.libgcc.div
                0x00002688       0x44 c:/program files (x86)/atmel/studio/7.0/toolchain/avr8/avr8-gnu-toolchain/bin/../lib/gcc/avr/5.4.0/avr5\libgcc.a(_udivmodsi4.o)
                0x00002688                __udivmodsi4
 .text.libgcc.div
                0x000026cc       0x2e c:/program files (x86)/atmel/studio/7.0/toolchain/avr8/avr8-gnu-toolchain/bin/../lib/gcc/avr/5.4.0/avr5\libgcc.a(_divmodsi4.o)
                0x000026cc                __divmodsi4
 .text.libgcc.div
                0x000026fa       0x10 c:/program files (x86)/atmel/studio/7.0/toolchain/avr8/avr8-gnu-toolchain/bin/../lib/gcc/avr/5.4.0/avr5\libgcc.a(_negsi2.o)
                0x000026fa                __negsi2
 .text.libgcc.div
                0x0000270a       0x28 c:/program files (x86)/atmel/studio/7.0/toolchain/avr8/avr8-gnu-toolchain/bin/../lib/gcc/avr/5.4.0/avr5\libgcc.a(_udivmodhi4.o)
                0x0000270a                __udivmodhi4
 .text.libgcc   0x00002732        0xc c:/program files (x86)/atmel/studio/7.0/toolchain/avr8/avr8-gnu-toolchain/bin/../lib/gcc/avr/5.4.0/avr5\libgcc.a(_tablejump2.o)
                0x00002732                __tablejump2__
 .text.avr-libc
                0x0000273e       0x10 C:/Program Files (x86)/Atmel/Studio/7.0/Packs/atmel/ATmega_DFP/1.6.364/gcc/dev/atmega328p/avr5\libatmega328p.a(eerd_byte.o)
                0x0000273e                eeprom_read_byte
 .text.avr-libc
                0x0000274e       0x1c C:/Program Files (x86)/Atmel/Studio/7.0/Packs/atmel/ATmega_DFP/1.6.364/gcc/dev/atmega328p/avr5\libatmega328p.a(eewr_byte.o)
                0x0000274e                eeprom_write_byte
                0x00002750                eeprom_write_r18
                0x0000276a                . = ALIGN (0x2)
 *(.fini9)
 .fini9         0x0000276a        0x0 c:/program files (x86)/atmel/studio/7.0/toolchain/avr8/avr8-gnu-toolchain/bin/../lib/gcc/avr/5.4.0/avr5\libgcc.a(_exit.o)
                0x0000276a                _exit
                0x0000276a                exit
 *(.fini9)
 *(.fini8)
 *(.fini8)
 *(.fini7)
 *(.fini7)
 *(.fini6)
 *(.fini6)
 *(.fini5)
 *(.fini5)
 *(.fini4)
 *(.fini4)
 *(.fini3)
 *(.fini3)
 *(.fini2)
 *(.fini2)
 *(.fini1)
 *(.fini1)
 *(.fini0)
 .fini0         0x0000276a        0x4 c:/program files (x86)/atmel/studio/7.0/toolchain/avr8/avr8-gnu-toolchain/bin/../lib/gcc/avr/5.4.0/avr5\libgcc.a(_exit.o)
 *(.fini0)
                0x0000276e                _etext = .

.data           0x00800100       0x58 load address 0x0000276e
                0x00800100                PROVIDE (__data_start, .)
 *(.data)
 *(.data*)
 .data.regTableSize
                0x00800100        0x1 regtable.o
                0x00800100                regTableSize
 .data.regTable
                0x00800101       0x1c regtable.o
                0x00800101                regTable
 .data._ZL11dtFwVersion
                0x0080011d        0x4 regtable.o
 .data._ZL11dtHwVersion
                0x00800121        0x4 regtable.o
 .data._ZL13dtProductCode
                0x00800125        0x8 regtable.o
 .data.intFunc  0x0080012d        0x4 C:\Users\Helge\source\repos\PERFOR~1\PANSTA~4\SWAPLE~1\ARDUIN~1\Debug\libArduinoCore.a(WInterrupts.o)
 *(.gnu.linkonce.d*)
 *(.rodata)
 *(.rodata*)
 .rodata._ZTV14HardwareSerial
                0x00800131       0x12 C:\Users\Helge\source\repos\PERFOR~1\PANSTA~4\SWAPLE~1\ARDUIN~1\Debug\libArduinoCore.a(HardwareSerial.o)
                0x00800131                _ZTV14HardwareSerial
 .rodata.str1.1
                0x00800143        0xf C:\Users\Helge\source\repos\PERFOR~1\PANSTA~4\SWAPLE~1\ARDUIN~1\Debug\libArduinoCore.a(Print.o)
 .rodata.str1.1
                0x00800152        0x6 C:\Users\Helge\source\repos\PERFOR~1\PANSTA~4\SWAPLE~1\ARDUIN~1\Debug\libArduinoCore.a(swap.o)
 .rodata.str1.1
                0x00800158        0x6 C:\Users\Helge\source\repos\PERFOR~1\PANSTA~4\SWAPLE~1\ARDUIN~1\Debug\libArduinoCore.a(swpacket.o)
                                  0x2 (size before relaxing)
 *(.gnu.linkonce.r*)
                0x0080015e                . = ALIGN (0x2)
                0x0080015e                _edata = .
                0x0080015e                PROVIDE (__data_end, .)

.bss            0x00800158      0x1fe
                0x00800158                PROVIDE (__bss_start, .)
 *(.bss)
 *(.bss*)
 .bss.regLed1   0x00800158        0xd regtable.o
                0x00800158                regLed1
 .bss.led1      0x00800165        0x1 regtable.o
                0x00800165                led1
 .bss.regLed0   0x00800166        0xd regtable.o
                0x00800166                regLed0
 .bss.led0      0x00800173        0x1 regtable.o
                0x00800173                led0
 .bss.regProcVoltSupply
                0x00800174        0xd regtable.o
                0x00800174                regProcVoltSupply
 .bss._ZL16dtProcVoltSupply
                0x00800181        0x2 regtable.o
 .bss.regTxInterval
                0x00800183        0xd regtable.o
                0x00800183                regTxInterval
 .bss.regDevAddress
                0x00800190        0xd regtable.o
                0x00800190                regDevAddress
 .bss.regNetworkId
                0x0080019d        0xd regtable.o
                0x0080019d                regNetworkId
 .bss.regSecuNonce
                0x008001aa        0xd regtable.o
                0x008001aa                regSecuNonce
 .bss.regPassword
                0x008001b7        0xd regtable.o
                0x008001b7                regPassword
 .bss._ZL10dtPassword
                0x008001c4        0x1 regtable.o
 .bss.regSecuOption
                0x008001c5        0xd regtable.o
                0x008001c5                regSecuOption
 .bss.regFreqChannel
                0x008001d2        0xd regtable.o
                0x008001d2                regFreqChannel
 .bss.regSysState
                0x008001df        0xd regtable.o
                0x008001df                regSysState
 .bss.regFwVersion
                0x008001ec        0xd regtable.o
                0x008001ec                regFwVersion
 .bss.regHwVersion
                0x008001f9        0xd regtable.o
                0x008001f9                regHwVersion
 .bss.regProductCode
                0x00800206        0xd regtable.o
                0x00800206                regProductCode
 .bss.Serial    0x00800213       0x9d C:\Users\Helge\source\repos\PERFOR~1\PANSTA~4\SWAPLE~1\ARDUIN~1\Debug\libArduinoCore.a(HardwareSerial0.o)
                0x00800213                Serial
 .bss.timer0_fract
                0x008002b0        0x1 C:\Users\Helge\source\repos\PERFOR~1\PANSTA~4\SWAPLE~1\ARDUIN~1\Debug\libArduinoCore.a(wiring.o)
 .bss.timer0_millis
                0x008002b1        0x4 C:\Users\Helge\source\repos\PERFOR~1\PANSTA~4\SWAPLE~1\ARDUIN~1\Debug\libArduinoCore.a(wiring.o)
                0x008002b1                timer0_millis
 .bss.timer0_overflow_count
                0x008002b5        0x4 C:\Users\Helge\source\repos\PERFOR~1\PANSTA~4\SWAPLE~1\ARDUIN~1\Debug\libArduinoCore.a(wiring.o)
                0x008002b5                timer0_overflow_count
 .bss._ZZ8radioISRvE8ccPacket
                0x008002b9       0x41 C:\Users\Helge\source\repos\PERFOR~1\PANSTA~4\SWAPLE~1\ARDUIN~1\Debug\libArduinoCore.a(panstamp.o)
 .bss.panstamp  0x008002fa        0xd C:\Users\Helge\source\repos\PERFOR~1\PANSTA~4\SWAPLE~1\ARDUIN~1\Debug\libArduinoCore.a(panstamp.o)
                0x008002fa                panstamp
 .bss.regIndex  0x00800307        0x1 C:\Users\Helge\source\repos\PERFOR~1\PANSTA~4\SWAPLE~1\ARDUIN~1\Debug\libArduinoCore.a(register.o)
                0x00800307                regIndex
 .bss.swap      0x00800308        0xc C:\Users\Helge\source\repos\PERFOR~1\PANSTA~4\SWAPLE~1\ARDUIN~1\Debug\libArduinoCore.a(swap.o)
                0x00800308                swap
 .bss._ZZN8SWPACKET12smartEncryptEbE7newData
                0x00800314       0x3d C:\Users\Helge\source\repos\PERFOR~1\PANSTA~4\SWAPLE~1\ARDUIN~1\Debug\libArduinoCore.a(swpacket.o)
 .bss._ZN6AVRRTC5countE
                0x00800351        0x4 C:\Users\Helge\source\repos\PERFOR~1\PANSTA~4\SWAPLE~1\ARDUIN~1\Debug\libArduinoCore.a(avrrtc.o)
                0x00800351                _ZN6AVRRTC5countE
 .bss._ZZN8REPEATER15saveTransactionEP8SWPACKETE16transactionIndex
                0x00800355        0x1 C:\Users\Helge\source\repos\PERFOR~1\PANSTA~4\SWAPLE~1\ARDUIN~1\Debug\libArduinoCore.a(repeater.o)
 *(COMMON)
                0x00800356                PROVIDE (__bss_end, .)
                0x0000276e                __data_load_start = LOADADDR (.data)
                0x000027c6                __data_load_end = (__data_load_start + SIZEOF (.data))

.noinit         0x00800356        0x0
                [!provide]                PROVIDE (__noinit_start, .)
 *(.noinit*)
                [!provide]                PROVIDE (__noinit_end, .)
                0x00800356                _end = .
                [!provide]                PROVIDE (__heap_start, .)

.eeprom         0x00810000        0x0
 *(.eeprom*)
                0x00810000                __eeprom_end = .

.fuse
 *(.fuse)
 *(.lfuse)
 *(.hfuse)
 *(.efuse)

.lock
 *(.lock*)

.signature
 *(.signature*)

.user_signatures
 *(.user_signatures*)

.stab
 *(.stab)

.stabstr
 *(.stabstr)

.stab.excl
 *(.stab.excl)

.stab.exclstr
 *(.stab.exclstr)

.stab.index
 *(.stab.index)

.stab.indexstr
 *(.stab.indexstr)

.comment        0x00000000       0x30
 *(.comment)
 .comment       0x00000000       0x30 ledstatus.o
                                 0x31 (size before relaxing)
 .comment       0x00000030       0x31 regtable.o
 .comment       0x00000030       0x31 C:\Users\Helge\source\repos\PERFOR~1\PANSTA~4\SWAPLE~1\ARDUIN~1\Debug\libArduinoCore.a(HardwareSerial.o)
 .comment       0x00000030       0x31 C:\Users\Helge\source\repos\PERFOR~1\PANSTA~4\SWAPLE~1\ARDUIN~1\Debug\libArduinoCore.a(HardwareSerial0.o)
 .comment       0x00000030       0x31 C:\Users\Helge\source\repos\PERFOR~1\PANSTA~4\SWAPLE~1\ARDUIN~1\Debug\libArduinoCore.a(main.o)
 .comment       0x00000030       0x31 C:\Users\Helge\source\repos\PERFOR~1\PANSTA~4\SWAPLE~1\ARDUIN~1\Debug\libArduinoCore.a(Print.o)
 .comment       0x00000030       0x31 C:\Users\Helge\source\repos\PERFOR~1\PANSTA~4\SWAPLE~1\ARDUIN~1\Debug\libArduinoCore.a(wiring.o)
 .comment       0x00000030       0x31 C:\Users\Helge\source\repos\PERFOR~1\PANSTA~4\SWAPLE~1\ARDUIN~1\Debug\libArduinoCore.a(wiring_digital.o)
 .comment       0x00000030       0x31 C:\Users\Helge\source\repos\PERFOR~1\PANSTA~4\SWAPLE~1\ARDUIN~1\Debug\libArduinoCore.a(cc1101.o)
 .comment       0x00000030       0x31 C:\Users\Helge\source\repos\PERFOR~1\PANSTA~4\SWAPLE~1\ARDUIN~1\Debug\libArduinoCore.a(panstamp.o)
 .comment       0x00000030       0x31 C:\Users\Helge\source\repos\PERFOR~1\PANSTA~4\SWAPLE~1\ARDUIN~1\Debug\libArduinoCore.a(simplespi.o)
 .comment       0x00000030       0x31 C:\Users\Helge\source\repos\PERFOR~1\PANSTA~4\SWAPLE~1\ARDUIN~1\Debug\libArduinoCore.a(register.o)
 .comment       0x00000030       0x31 C:\Users\Helge\source\repos\PERFOR~1\PANSTA~4\SWAPLE~1\ARDUIN~1\Debug\libArduinoCore.a(swap.o)
 .comment       0x00000030       0x31 C:\Users\Helge\source\repos\PERFOR~1\PANSTA~4\SWAPLE~1\ARDUIN~1\Debug\libArduinoCore.a(swpacket.o)
 .comment       0x00000030       0x31 C:\Users\Helge\source\repos\PERFOR~1\PANSTA~4\SWAPLE~1\ARDUIN~1\Debug\libArduinoCore.a(swstatus.o)
 .comment       0x00000030       0x31 C:\Users\Helge\source\repos\PERFOR~1\PANSTA~4\SWAPLE~1\ARDUIN~1\Debug\libArduinoCore.a(hooks.o)
 .comment       0x00000030       0x31 C:\Users\Helge\source\repos\PERFOR~1\PANSTA~4\SWAPLE~1\ARDUIN~1\Debug\libArduinoCore.a(WInterrupts.o)
 .comment       0x00000030       0x31 C:\Users\Helge\source\repos\PERFOR~1\PANSTA~4\SWAPLE~1\ARDUIN~1\Debug\libArduinoCore.a(avrrtc.o)
 .comment       0x00000030       0x31 C:\Users\Helge\source\repos\PERFOR~1\PANSTA~4\SWAPLE~1\ARDUIN~1\Debug\libArduinoCore.a(storage.o)
 .comment       0x00000030       0x31 C:\Users\Helge\source\repos\PERFOR~1\PANSTA~4\SWAPLE~1\ARDUIN~1\Debug\libArduinoCore.a(repeater.o)

.note.gnu.avr.deviceinfo
                0x00000000       0x40
 .note.gnu.avr.deviceinfo
                0x00000000       0x40 C:/Program Files (x86)/Atmel/Studio/7.0/Packs/atmel/ATmega_DFP/1.6.364/gcc/dev/atmega328p/avr5/crtatmega328p.o

.note.gnu.build-id
 *(.note.gnu.build-id)

.debug
 *(.debug)

.line
 *(.line)

.debug_srcinfo
 *(.debug_srcinfo)

.debug_sfnames
 *(.debug_sfnames)

.debug_aranges  0x00000000      0x6a8
 *(.debug_aranges)
 .debug_aranges
                0x00000000       0x28 ledstatus.o
 .debug_aranges
                0x00000028       0x60 regtable.o
 .debug_aranges
                0x00000088       0x68 C:\Users\Helge\source\repos\PERFOR~1\PANSTA~4\SWAPLE~1\ARDUIN~1\Debug\libArduinoCore.a(HardwareSerial.o)
 .debug_aranges
                0x000000f0       0x48 C:\Users\Helge\source\repos\PERFOR~1\PANSTA~4\SWAPLE~1\ARDUIN~1\Debug\libArduinoCore.a(HardwareSerial0.o)
 .debug_aranges
                0x00000138       0x30 C:\Users\Helge\source\repos\PERFOR~1\PANSTA~4\SWAPLE~1\ARDUIN~1\Debug\libArduinoCore.a(main.o)
 .debug_aranges
                0x00000168      0x100 C:\Users\Helge\source\repos\PERFOR~1\PANSTA~4\SWAPLE~1\ARDUIN~1\Debug\libArduinoCore.a(Print.o)
 .debug_aranges
                0x00000268       0x48 C:\Users\Helge\source\repos\PERFOR~1\PANSTA~4\SWAPLE~1\ARDUIN~1\Debug\libArduinoCore.a(wiring.o)
 .debug_aranges
                0x000002b0       0x38 C:\Users\Helge\source\repos\PERFOR~1\PANSTA~4\SWAPLE~1\ARDUIN~1\Debug\libArduinoCore.a(wiring_digital.o)
 .debug_aranges
                0x000002e8       0xe0 C:\Users\Helge\source\repos\PERFOR~1\PANSTA~4\SWAPLE~1\ARDUIN~1\Debug\libArduinoCore.a(cc1101.o)
 .debug_aranges
                0x000003c8       0x70 C:\Users\Helge\source\repos\PERFOR~1\PANSTA~4\SWAPLE~1\ARDUIN~1\Debug\libArduinoCore.a(panstamp.o)
 .debug_aranges
                0x00000438       0x28 C:\Users\Helge\source\repos\PERFOR~1\PANSTA~4\SWAPLE~1\ARDUIN~1\Debug\libArduinoCore.a(simplespi.o)
 .debug_aranges
                0x00000460       0x40 C:\Users\Helge\source\repos\PERFOR~1\PANSTA~4\SWAPLE~1\ARDUIN~1\Debug\libArduinoCore.a(register.o)
 .debug_aranges
                0x000004a0       0x50 C:\Users\Helge\source\repos\PERFOR~1\PANSTA~4\SWAPLE~1\ARDUIN~1\Debug\libArduinoCore.a(swap.o)
 .debug_aranges
                0x000004f0       0x38 C:\Users\Helge\source\repos\PERFOR~1\PANSTA~4\SWAPLE~1\ARDUIN~1\Debug\libArduinoCore.a(swpacket.o)
 .debug_aranges
                0x00000528       0x20 C:\Users\Helge\source\repos\PERFOR~1\PANSTA~4\SWAPLE~1\ARDUIN~1\Debug\libArduinoCore.a(swstatus.o)
 .debug_aranges
                0x00000548       0x20 C:\Users\Helge\source\repos\PERFOR~1\PANSTA~4\SWAPLE~1\ARDUIN~1\Debug\libArduinoCore.a(hooks.o)
 .debug_aranges
                0x00000568       0x40 C:\Users\Helge\source\repos\PERFOR~1\PANSTA~4\SWAPLE~1\ARDUIN~1\Debug\libArduinoCore.a(WInterrupts.o)
 .debug_aranges
                0x000005a8       0x50 C:\Users\Helge\source\repos\PERFOR~1\PANSTA~4\SWAPLE~1\ARDUIN~1\Debug\libArduinoCore.a(avrrtc.o)
 .debug_aranges
                0x000005f8       0x28 C:\Users\Helge\source\repos\PERFOR~1\PANSTA~4\SWAPLE~1\ARDUIN~1\Debug\libArduinoCore.a(storage.o)
 .debug_aranges
                0x00000620       0x48 C:\Users\Helge\source\repos\PERFOR~1\PANSTA~4\SWAPLE~1\ARDUIN~1\Debug\libArduinoCore.a(repeater.o)
 .debug_aranges
                0x00000668       0x20 C:/Program Files (x86)/Atmel/Studio/7.0/Packs/atmel/ATmega_DFP/1.6.364/gcc/dev/atmega328p/avr5\libatmega328p.a(eerd_byte.o)
 .debug_aranges
                0x00000688       0x20 C:/Program Files (x86)/Atmel/Studio/7.0/Packs/atmel/ATmega_DFP/1.6.364/gcc/dev/atmega328p/avr5\libatmega328p.a(eewr_byte.o)

.debug_pubnames
 *(.debug_pubnames)

.debug_info     0x00000000    0x12e28
 *(.debug_info .gnu.linkonce.wi.*)
 .debug_info    0x00000000      0x5f4 C:/Program Files (x86)/Atmel/Studio/7.0/Packs/atmel/ATmega_DFP/1.6.364/gcc/dev/atmega328p/avr5/crtatmega328p.o
 .debug_info    0x000005f4     0x14d2 ledstatus.o
 .debug_info    0x00001ac6     0x1cb5 regtable.o
 .debug_info    0x0000377b     0x1f6d C:\Users\Helge\source\repos\PERFOR~1\PANSTA~4\SWAPLE~1\ARDUIN~1\Debug\libArduinoCore.a(HardwareSerial.o)
 .debug_info    0x000056e8     0x1b16 C:\Users\Helge\source\repos\PERFOR~1\PANSTA~4\SWAPLE~1\ARDUIN~1\Debug\libArduinoCore.a(HardwareSerial0.o)
 .debug_info    0x000071fe      0x237 C:\Users\Helge\source\repos\PERFOR~1\PANSTA~4\SWAPLE~1\ARDUIN~1\Debug\libArduinoCore.a(main.o)
 .debug_info    0x00007435     0x28ff C:\Users\Helge\source\repos\PERFOR~1\PANSTA~4\SWAPLE~1\ARDUIN~1\Debug\libArduinoCore.a(Print.o)
 .debug_info    0x00009d34      0x2cb C:\Users\Helge\source\repos\PERFOR~1\PANSTA~4\SWAPLE~1\ARDUIN~1\Debug\libArduinoCore.a(wiring.o)
 .debug_info    0x00009fff      0x5fe C:\Users\Helge\source\repos\PERFOR~1\PANSTA~4\SWAPLE~1\ARDUIN~1\Debug\libArduinoCore.a(wiring_digital.o)
 .debug_info    0x0000a5fd     0x1b90 C:\Users\Helge\source\repos\PERFOR~1\PANSTA~4\SWAPLE~1\ARDUIN~1\Debug\libArduinoCore.a(cc1101.o)
 .debug_info    0x0000c18d      0xf41 C:\Users\Helge\source\repos\PERFOR~1\PANSTA~4\SWAPLE~1\ARDUIN~1\Debug\libArduinoCore.a(panstamp.o)
 .debug_info    0x0000d0ce      0x2e4 C:\Users\Helge\source\repos\PERFOR~1\PANSTA~4\SWAPLE~1\ARDUIN~1\Debug\libArduinoCore.a(simplespi.o)
 .debug_info    0x0000d3b2      0x7e1 C:\Users\Helge\source\repos\PERFOR~1\PANSTA~4\SWAPLE~1\ARDUIN~1\Debug\libArduinoCore.a(register.o)
 .debug_info    0x0000db93     0x18eb C:\Users\Helge\source\repos\PERFOR~1\PANSTA~4\SWAPLE~1\ARDUIN~1\Debug\libArduinoCore.a(swap.o)
 .debug_info    0x0000f47e     0x1301 C:\Users\Helge\source\repos\PERFOR~1\PANSTA~4\SWAPLE~1\ARDUIN~1\Debug\libArduinoCore.a(swpacket.o)
 .debug_info    0x0001077f      0x98f C:\Users\Helge\source\repos\PERFOR~1\PANSTA~4\SWAPLE~1\ARDUIN~1\Debug\libArduinoCore.a(swstatus.o)
 .debug_info    0x0001110e       0x3e C:\Users\Helge\source\repos\PERFOR~1\PANSTA~4\SWAPLE~1\ARDUIN~1\Debug\libArduinoCore.a(hooks.o)
 .debug_info    0x0001114c      0x21c C:\Users\Helge\source\repos\PERFOR~1\PANSTA~4\SWAPLE~1\ARDUIN~1\Debug\libArduinoCore.a(WInterrupts.o)
 .debug_info    0x00011368      0x43f C:\Users\Helge\source\repos\PERFOR~1\PANSTA~4\SWAPLE~1\ARDUIN~1\Debug\libArduinoCore.a(avrrtc.o)
 .debug_info    0x000117a7      0x322 C:\Users\Helge\source\repos\PERFOR~1\PANSTA~4\SWAPLE~1\ARDUIN~1\Debug\libArduinoCore.a(storage.o)
 .debug_info    0x00011ac9     0x122b C:\Users\Helge\source\repos\PERFOR~1\PANSTA~4\SWAPLE~1\ARDUIN~1\Debug\libArduinoCore.a(repeater.o)
 .debug_info    0x00012cf4       0x9a C:/Program Files (x86)/Atmel/Studio/7.0/Packs/atmel/ATmega_DFP/1.6.364/gcc/dev/atmega328p/avr5\libatmega328p.a(eerd_byte.o)
 .debug_info    0x00012d8e       0x9a C:/Program Files (x86)/Atmel/Studio/7.0/Packs/atmel/ATmega_DFP/1.6.364/gcc/dev/atmega328p/avr5\libatmega328p.a(eewr_byte.o)

.debug_abbrev   0x00000000     0x3b0c
 *(.debug_abbrev)
 .debug_abbrev  0x00000000      0x5a2 C:/Program Files (x86)/Atmel/Studio/7.0/Packs/atmel/ATmega_DFP/1.6.364/gcc/dev/atmega328p/avr5/crtatmega328p.o
 .debug_abbrev  0x000005a2      0x358 ledstatus.o
 .debug_abbrev  0x000008fa      0x43b regtable.o
 .debug_abbrev  0x00000d35      0x4c6 C:\Users\Helge\source\repos\PERFOR~1\PANSTA~4\SWAPLE~1\ARDUIN~1\Debug\libArduinoCore.a(HardwareSerial.o)
 .debug_abbrev  0x000011fb      0x3ce C:\Users\Helge\source\repos\PERFOR~1\PANSTA~4\SWAPLE~1\ARDUIN~1\Debug\libArduinoCore.a(HardwareSerial0.o)
 .debug_abbrev  0x000015c9      0x12d C:\Users\Helge\source\repos\PERFOR~1\PANSTA~4\SWAPLE~1\ARDUIN~1\Debug\libArduinoCore.a(main.o)
 .debug_abbrev  0x000016f6      0x47a C:\Users\Helge\source\repos\PERFOR~1\PANSTA~4\SWAPLE~1\ARDUIN~1\Debug\libArduinoCore.a(Print.o)
 .debug_abbrev  0x00001b70      0x146 C:\Users\Helge\source\repos\PERFOR~1\PANSTA~4\SWAPLE~1\ARDUIN~1\Debug\libArduinoCore.a(wiring.o)
 .debug_abbrev  0x00001cb6      0x15b C:\Users\Helge\source\repos\PERFOR~1\PANSTA~4\SWAPLE~1\ARDUIN~1\Debug\libArduinoCore.a(wiring_digital.o)
 .debug_abbrev  0x00001e11      0x37b C:\Users\Helge\source\repos\PERFOR~1\PANSTA~4\SWAPLE~1\ARDUIN~1\Debug\libArduinoCore.a(cc1101.o)
 .debug_abbrev  0x0000218c      0x418 C:\Users\Helge\source\repos\PERFOR~1\PANSTA~4\SWAPLE~1\ARDUIN~1\Debug\libArduinoCore.a(panstamp.o)
 .debug_abbrev  0x000025a4      0x13d C:\Users\Helge\source\repos\PERFOR~1\PANSTA~4\SWAPLE~1\ARDUIN~1\Debug\libArduinoCore.a(simplespi.o)
 .debug_abbrev  0x000026e1      0x25f C:\Users\Helge\source\repos\PERFOR~1\PANSTA~4\SWAPLE~1\ARDUIN~1\Debug\libArduinoCore.a(register.o)
 .debug_abbrev  0x00002940      0x439 C:\Users\Helge\source\repos\PERFOR~1\PANSTA~4\SWAPLE~1\ARDUIN~1\Debug\libArduinoCore.a(swap.o)
 .debug_abbrev  0x00002d79      0x3bb C:\Users\Helge\source\repos\PERFOR~1\PANSTA~4\SWAPLE~1\ARDUIN~1\Debug\libArduinoCore.a(swpacket.o)
 .debug_abbrev  0x00003134      0x20a C:\Users\Helge\source\repos\PERFOR~1\PANSTA~4\SWAPLE~1\ARDUIN~1\Debug\libArduinoCore.a(swstatus.o)
 .debug_abbrev  0x0000333e       0x2a C:\Users\Helge\source\repos\PERFOR~1\PANSTA~4\SWAPLE~1\ARDUIN~1\Debug\libArduinoCore.a(hooks.o)
 .debug_abbrev  0x00003368       0xfc C:\Users\Helge\source\repos\PERFOR~1\PANSTA~4\SWAPLE~1\ARDUIN~1\Debug\libArduinoCore.a(WInterrupts.o)
 .debug_abbrev  0x00003464      0x1c7 C:\Users\Helge\source\repos\PERFOR~1\PANSTA~4\SWAPLE~1\ARDUIN~1\Debug\libArduinoCore.a(avrrtc.o)
 .debug_abbrev  0x0000362b      0x141 C:\Users\Helge\source\repos\PERFOR~1\PANSTA~4\SWAPLE~1\ARDUIN~1\Debug\libArduinoCore.a(storage.o)
 .debug_abbrev  0x0000376c      0x378 C:\Users\Helge\source\repos\PERFOR~1\PANSTA~4\SWAPLE~1\ARDUIN~1\Debug\libArduinoCore.a(repeater.o)
 .debug_abbrev  0x00003ae4       0x14 C:/Program Files (x86)/Atmel/Studio/7.0/Packs/atmel/ATmega_DFP/1.6.364/gcc/dev/atmega328p/avr5\libatmega328p.a(eerd_byte.o)
 .debug_abbrev  0x00003af8       0x14 C:/Program Files (x86)/Atmel/Studio/7.0/Packs/atmel/ATmega_DFP/1.6.364/gcc/dev/atmega328p/avr5\libatmega328p.a(eewr_byte.o)

.debug_line     0x00000000     0x449a
 *(.debug_line .debug_line.* .debug_line_end)
 .debug_line    0x00000000      0x134 C:/Program Files (x86)/Atmel/Studio/7.0/Packs/atmel/ATmega_DFP/1.6.364/gcc/dev/atmega328p/avr5/crtatmega328p.o
 .debug_line    0x00000134      0x3f1 ledstatus.o
 .debug_line    0x00000525      0x346 regtable.o
 .debug_line    0x0000086b      0x4cb C:\Users\Helge\source\repos\PERFOR~1\PANSTA~4\SWAPLE~1\ARDUIN~1\Debug\libArduinoCore.a(HardwareSerial.o)
 .debug_line    0x00000d36      0x2a1 C:\Users\Helge\source\repos\PERFOR~1\PANSTA~4\SWAPLE~1\ARDUIN~1\Debug\libArduinoCore.a(HardwareSerial0.o)
 .debug_line    0x00000fd7      0x17a C:\Users\Helge\source\repos\PERFOR~1\PANSTA~4\SWAPLE~1\ARDUIN~1\Debug\libArduinoCore.a(main.o)
 .debug_line    0x00001151      0x69a C:\Users\Helge\source\repos\PERFOR~1\PANSTA~4\SWAPLE~1\ARDUIN~1\Debug\libArduinoCore.a(Print.o)
 .debug_line    0x000017eb      0x2a9 C:\Users\Helge\source\repos\PERFOR~1\PANSTA~4\SWAPLE~1\ARDUIN~1\Debug\libArduinoCore.a(wiring.o)
 .debug_line    0x00001a94      0x267 C:\Users\Helge\source\repos\PERFOR~1\PANSTA~4\SWAPLE~1\ARDUIN~1\Debug\libArduinoCore.a(wiring_digital.o)
 .debug_line    0x00001cfb      0x825 C:\Users\Helge\source\repos\PERFOR~1\PANSTA~4\SWAPLE~1\ARDUIN~1\Debug\libArduinoCore.a(cc1101.o)
 .debug_line    0x00002520      0x45a C:\Users\Helge\source\repos\PERFOR~1\PANSTA~4\SWAPLE~1\ARDUIN~1\Debug\libArduinoCore.a(panstamp.o)
 .debug_line    0x0000297a      0x1a9 C:\Users\Helge\source\repos\PERFOR~1\PANSTA~4\SWAPLE~1\ARDUIN~1\Debug\libArduinoCore.a(simplespi.o)
 .debug_line    0x00002b23      0x26d C:\Users\Helge\source\repos\PERFOR~1\PANSTA~4\SWAPLE~1\ARDUIN~1\Debug\libArduinoCore.a(register.o)
 .debug_line    0x00002d90      0x50b C:\Users\Helge\source\repos\PERFOR~1\PANSTA~4\SWAPLE~1\ARDUIN~1\Debug\libArduinoCore.a(swap.o)
 .debug_line    0x0000329b      0x4a9 C:\Users\Helge\source\repos\PERFOR~1\PANSTA~4\SWAPLE~1\ARDUIN~1\Debug\libArduinoCore.a(swpacket.o)
 .debug_line    0x00003744      0x1f7 C:\Users\Helge\source\repos\PERFOR~1\PANSTA~4\SWAPLE~1\ARDUIN~1\Debug\libArduinoCore.a(swstatus.o)
 .debug_line    0x0000393b       0x41 C:\Users\Helge\source\repos\PERFOR~1\PANSTA~4\SWAPLE~1\ARDUIN~1\Debug\libArduinoCore.a(hooks.o)
 .debug_line    0x0000397c      0x1b7 C:\Users\Helge\source\repos\PERFOR~1\PANSTA~4\SWAPLE~1\ARDUIN~1\Debug\libArduinoCore.a(WInterrupts.o)
 .debug_line    0x00003b33      0x317 C:\Users\Helge\source\repos\PERFOR~1\PANSTA~4\SWAPLE~1\ARDUIN~1\Debug\libArduinoCore.a(avrrtc.o)
 .debug_line    0x00003e4a      0x247 C:\Users\Helge\source\repos\PERFOR~1\PANSTA~4\SWAPLE~1\ARDUIN~1\Debug\libArduinoCore.a(storage.o)
 .debug_line    0x00004091      0x2f1 C:\Users\Helge\source\repos\PERFOR~1\PANSTA~4\SWAPLE~1\ARDUIN~1\Debug\libArduinoCore.a(repeater.o)
 .debug_line    0x00004382       0x7a C:/Program Files (x86)/Atmel/Studio/7.0/Packs/atmel/ATmega_DFP/1.6.364/gcc/dev/atmega328p/avr5\libatmega328p.a(eerd_byte.o)
 .debug_line    0x000043fc       0x9e C:/Program Files (x86)/Atmel/Studio/7.0/Packs/atmel/ATmega_DFP/1.6.364/gcc/dev/atmega328p/avr5\libatmega328p.a(eewr_byte.o)

.debug_frame    0x00000000     0x130c
 *(.debug_frame)
 .debug_frame   0x00000000       0x50 ledstatus.o
 .debug_frame   0x00000050      0x118 regtable.o
 .debug_frame   0x00000168      0x110 C:\Users\Helge\source\repos\PERFOR~1\PANSTA~4\SWAPLE~1\ARDUIN~1\Debug\libArduinoCore.a(HardwareSerial.o)
 .debug_frame   0x00000278       0xe0 C:\Users\Helge\source\repos\PERFOR~1\PANSTA~4\SWAPLE~1\ARDUIN~1\Debug\libArduinoCore.a(HardwareSerial0.o)
 .debug_frame   0x00000358       0x54 C:\Users\Helge\source\repos\PERFOR~1\PANSTA~4\SWAPLE~1\ARDUIN~1\Debug\libArduinoCore.a(main.o)
 .debug_frame   0x000003ac      0x3ac C:\Users\Helge\source\repos\PERFOR~1\PANSTA~4\SWAPLE~1\ARDUIN~1\Debug\libArduinoCore.a(Print.o)
 .debug_frame   0x00000758       0xc4 C:\Users\Helge\source\repos\PERFOR~1\PANSTA~4\SWAPLE~1\ARDUIN~1\Debug\libArduinoCore.a(wiring.o)
 .debug_frame   0x0000081c       0x7c C:\Users\Helge\source\repos\PERFOR~1\PANSTA~4\SWAPLE~1\ARDUIN~1\Debug\libArduinoCore.a(wiring_digital.o)
 .debug_frame   0x00000898      0x2d4 C:\Users\Helge\source\repos\PERFOR~1\PANSTA~4\SWAPLE~1\ARDUIN~1\Debug\libArduinoCore.a(cc1101.o)
 .debug_frame   0x00000b6c      0x138 C:\Users\Helge\source\repos\PERFOR~1\PANSTA~4\SWAPLE~1\ARDUIN~1\Debug\libArduinoCore.a(panstamp.o)
 .debug_frame   0x00000ca4       0x34 C:\Users\Helge\source\repos\PERFOR~1\PANSTA~4\SWAPLE~1\ARDUIN~1\Debug\libArduinoCore.a(simplespi.o)
 .debug_frame   0x00000cd8       0xc0 C:\Users\Helge\source\repos\PERFOR~1\PANSTA~4\SWAPLE~1\ARDUIN~1\Debug\libArduinoCore.a(register.o)
 .debug_frame   0x00000d98      0x104 C:\Users\Helge\source\repos\PERFOR~1\PANSTA~4\SWAPLE~1\ARDUIN~1\Debug\libArduinoCore.a(swap.o)
 .debug_frame   0x00000e9c       0xe0 C:\Users\Helge\source\repos\PERFOR~1\PANSTA~4\SWAPLE~1\ARDUIN~1\Debug\libArduinoCore.a(swpacket.o)
 .debug_frame   0x00000f7c       0x48 C:\Users\Helge\source\repos\PERFOR~1\PANSTA~4\SWAPLE~1\ARDUIN~1\Debug\libArduinoCore.a(swstatus.o)
 .debug_frame   0x00000fc4       0x24 C:\Users\Helge\source\repos\PERFOR~1\PANSTA~4\SWAPLE~1\ARDUIN~1\Debug\libArduinoCore.a(hooks.o)
 .debug_frame   0x00000fe8       0xf4 C:\Users\Helge\source\repos\PERFOR~1\PANSTA~4\SWAPLE~1\ARDUIN~1\Debug\libArduinoCore.a(WInterrupts.o)
 .debug_frame   0x000010dc       0xc8 C:\Users\Helge\source\repos\PERFOR~1\PANSTA~4\SWAPLE~1\ARDUIN~1\Debug\libArduinoCore.a(avrrtc.o)
 .debug_frame   0x000011a4       0x84 C:\Users\Helge\source\repos\PERFOR~1\PANSTA~4\SWAPLE~1\ARDUIN~1\Debug\libArduinoCore.a(storage.o)
 .debug_frame   0x00001228       0xe4 C:\Users\Helge\source\repos\PERFOR~1\PANSTA~4\SWAPLE~1\ARDUIN~1\Debug\libArduinoCore.a(repeater.o)

.debug_str      0x00000000     0x3404
 *(.debug_str)
 .debug_str     0x00000000      0x208 C:/Program Files (x86)/Atmel/Studio/7.0/Packs/atmel/ATmega_DFP/1.6.364/gcc/dev/atmega328p/avr5/crtatmega328p.o
 .debug_str     0x00000208      0xfee ledstatus.o
                               0x1080 (size before relaxing)
 .debug_str     0x000011f6      0x2d6 regtable.o
                               0x12d6 (size before relaxing)
 .debug_str     0x000014cc     0x133f C:\Users\Helge\source\repos\PERFOR~1\PANSTA~4\SWAPLE~1\ARDUIN~1\Debug\libArduinoCore.a(HardwareSerial.o)
                               0x163c (size before relaxing)
 .debug_str     0x0000280b       0x86 C:\Users\Helge\source\repos\PERFOR~1\PANSTA~4\SWAPLE~1\ARDUIN~1\Debug\libArduinoCore.a(HardwareSerial0.o)
                               0x142f (size before relaxing)
 .debug_str     0x00002891       0x37 C:\Users\Helge\source\repos\PERFOR~1\PANSTA~4\SWAPLE~1\ARDUIN~1\Debug\libArduinoCore.a(main.o)
                                0x2db (size before relaxing)
 .debug_str     0x000028c8      0x3f1 C:\Users\Helge\source\repos\PERFOR~1\PANSTA~4\SWAPLE~1\ARDUIN~1\Debug\libArduinoCore.a(Print.o)
                               0x1269 (size before relaxing)
 .debug_str     0x00002cb9      0x156 C:\Users\Helge\source\repos\PERFOR~1\PANSTA~4\SWAPLE~1\ARDUIN~1\Debug\libArduinoCore.a(wiring.o)
                                0x271 (size before relaxing)
 .debug_str     0x00002e0f       0xc7 C:\Users\Helge\source\repos\PERFOR~1\PANSTA~4\SWAPLE~1\ARDUIN~1\Debug\libArduinoCore.a(wiring_digital.o)
                                0x2d6 (size before relaxing)
 .debug_str     0x00002ed6       0x94 C:\Users\Helge\source\repos\PERFOR~1\PANSTA~4\SWAPLE~1\ARDUIN~1\Debug\libArduinoCore.a(cc1101.o)
                                0x80f (size before relaxing)
 .debug_str     0x00002f6a       0xbb C:\Users\Helge\source\repos\PERFOR~1\PANSTA~4\SWAPLE~1\ARDUIN~1\Debug\libArduinoCore.a(panstamp.o)
                                0xb39 (size before relaxing)
 .debug_str     0x00003025       0x28 C:\Users\Helge\source\repos\PERFOR~1\PANSTA~4\SWAPLE~1\ARDUIN~1\Debug\libArduinoCore.a(simplespi.o)
                                0x2fc (size before relaxing)
 .debug_str     0x0000304d       0x69 C:\Users\Helge\source\repos\PERFOR~1\PANSTA~4\SWAPLE~1\ARDUIN~1\Debug\libArduinoCore.a(register.o)
                                0x592 (size before relaxing)
 .debug_str     0x000030b6      0x113 C:\Users\Helge\source\repos\PERFOR~1\PANSTA~4\SWAPLE~1\ARDUIN~1\Debug\libArduinoCore.a(swap.o)
                               0x1200 (size before relaxing)
 .debug_str     0x000031c9       0x66 C:\Users\Helge\source\repos\PERFOR~1\PANSTA~4\SWAPLE~1\ARDUIN~1\Debug\libArduinoCore.a(swpacket.o)
                               0x1001 (size before relaxing)
 .debug_str     0x0000322f       0x3f C:\Users\Helge\source\repos\PERFOR~1\PANSTA~4\SWAPLE~1\ARDUIN~1\Debug\libArduinoCore.a(swstatus.o)
                                0x893 (size before relaxing)
 .debug_str     0x0000326e       0x1c C:\Users\Helge\source\repos\PERFOR~1\PANSTA~4\SWAPLE~1\ARDUIN~1\Debug\libArduinoCore.a(hooks.o)
                                0x166 (size before relaxing)
 .debug_str     0x0000328a       0x62 C:\Users\Helge\source\repos\PERFOR~1\PANSTA~4\SWAPLE~1\ARDUIN~1\Debug\libArduinoCore.a(WInterrupts.o)
                                0x25e (size before relaxing)
 .debug_str     0x000032ec       0x60 C:\Users\Helge\source\repos\PERFOR~1\PANSTA~4\SWAPLE~1\ARDUIN~1\Debug\libArduinoCore.a(avrrtc.o)
                                0x39e (size before relaxing)
 .debug_str     0x0000334c       0x5a C:\Users\Helge\source\repos\PERFOR~1\PANSTA~4\SWAPLE~1\ARDUIN~1\Debug\libArduinoCore.a(storage.o)
                                0x329 (size before relaxing)
 .debug_str     0x000033a6       0x5e C:\Users\Helge\source\repos\PERFOR~1\PANSTA~4\SWAPLE~1\ARDUIN~1\Debug\libArduinoCore.a(repeater.o)
                                0xf64 (size before relaxing)

.debug_loc      0x00000000     0x617c
 *(.debug_loc)
 .debug_loc     0x00000000      0x1c3 ledstatus.o
 .debug_loc     0x000001c3      0x91b regtable.o
 .debug_loc     0x00000ade      0x449 C:\Users\Helge\source\repos\PERFOR~1\PANSTA~4\SWAPLE~1\ARDUIN~1\Debug\libArduinoCore.a(HardwareSerial.o)
 .debug_loc     0x00000f27      0x1b0 C:\Users\Helge\source\repos\PERFOR~1\PANSTA~4\SWAPLE~1\ARDUIN~1\Debug\libArduinoCore.a(HardwareSerial0.o)
 .debug_loc     0x000010d7     0x1c87 C:\Users\Helge\source\repos\PERFOR~1\PANSTA~4\SWAPLE~1\ARDUIN~1\Debug\libArduinoCore.a(Print.o)
 .debug_loc     0x00002d5e      0x28d C:\Users\Helge\source\repos\PERFOR~1\PANSTA~4\SWAPLE~1\ARDUIN~1\Debug\libArduinoCore.a(wiring.o)
 .debug_loc     0x00002feb      0x5fc C:\Users\Helge\source\repos\PERFOR~1\PANSTA~4\SWAPLE~1\ARDUIN~1\Debug\libArduinoCore.a(wiring_digital.o)
 .debug_loc     0x000035e7      0xe80 C:\Users\Helge\source\repos\PERFOR~1\PANSTA~4\SWAPLE~1\ARDUIN~1\Debug\libArduinoCore.a(cc1101.o)
 .debug_loc     0x00004467      0x5d1 C:\Users\Helge\source\repos\PERFOR~1\PANSTA~4\SWAPLE~1\ARDUIN~1\Debug\libArduinoCore.a(panstamp.o)
 .debug_loc     0x00004a38       0x4c C:\Users\Helge\source\repos\PERFOR~1\PANSTA~4\SWAPLE~1\ARDUIN~1\Debug\libArduinoCore.a(simplespi.o)
 .debug_loc     0x00004a84      0x29d C:\Users\Helge\source\repos\PERFOR~1\PANSTA~4\SWAPLE~1\ARDUIN~1\Debug\libArduinoCore.a(register.o)
 .debug_loc     0x00004d21      0x4c0 C:\Users\Helge\source\repos\PERFOR~1\PANSTA~4\SWAPLE~1\ARDUIN~1\Debug\libArduinoCore.a(swap.o)
 .debug_loc     0x000051e1      0x36f C:\Users\Helge\source\repos\PERFOR~1\PANSTA~4\SWAPLE~1\ARDUIN~1\Debug\libArduinoCore.a(swpacket.o)
 .debug_loc     0x00005550      0x15b C:\Users\Helge\source\repos\PERFOR~1\PANSTA~4\SWAPLE~1\ARDUIN~1\Debug\libArduinoCore.a(swstatus.o)
 .debug_loc     0x000056ab      0x235 C:\Users\Helge\source\repos\PERFOR~1\PANSTA~4\SWAPLE~1\ARDUIN~1\Debug\libArduinoCore.a(WInterrupts.o)
 .debug_loc     0x000058e0      0x24f C:\Users\Helge\source\repos\PERFOR~1\PANSTA~4\SWAPLE~1\ARDUIN~1\Debug\libArduinoCore.a(avrrtc.o)
 .debug_loc     0x00005b2f      0x393 C:\Users\Helge\source\repos\PERFOR~1\PANSTA~4\SWAPLE~1\ARDUIN~1\Debug\libArduinoCore.a(storage.o)
 .debug_loc     0x00005ec2      0x2ba C:\Users\Helge\source\repos\PERFOR~1\PANSTA~4\SWAPLE~1\ARDUIN~1\Debug\libArduinoCore.a(repeater.o)

.debug_macinfo
 *(.debug_macinfo)

.debug_weaknames
 *(.debug_weaknames)

.debug_funcnames
 *(.debug_funcnames)

.debug_typenames
 *(.debug_typenames)

.debug_varnames
 *(.debug_varnames)

.debug_pubtypes
 *(.debug_pubtypes)

.debug_ranges   0x00000000      0x5a0
 *(.debug_ranges)
 .debug_ranges  0x00000000       0x18 ledstatus.o
 .debug_ranges  0x00000018       0x50 regtable.o
 .debug_ranges  0x00000068       0x58 C:\Users\Helge\source\repos\PERFOR~1\PANSTA~4\SWAPLE~1\ARDUIN~1\Debug\libArduinoCore.a(HardwareSerial.o)
 .debug_ranges  0x000000c0       0x38 C:\Users\Helge\source\repos\PERFOR~1\PANSTA~4\SWAPLE~1\ARDUIN~1\Debug\libArduinoCore.a(HardwareSerial0.o)
 .debug_ranges  0x000000f8       0x20 C:\Users\Helge\source\repos\PERFOR~1\PANSTA~4\SWAPLE~1\ARDUIN~1\Debug\libArduinoCore.a(main.o)
 .debug_ranges  0x00000118      0x120 C:\Users\Helge\source\repos\PERFOR~1\PANSTA~4\SWAPLE~1\ARDUIN~1\Debug\libArduinoCore.a(Print.o)
 .debug_ranges  0x00000238       0x38 C:\Users\Helge\source\repos\PERFOR~1\PANSTA~4\SWAPLE~1\ARDUIN~1\Debug\libArduinoCore.a(wiring.o)
 .debug_ranges  0x00000270       0x28 C:\Users\Helge\source\repos\PERFOR~1\PANSTA~4\SWAPLE~1\ARDUIN~1\Debug\libArduinoCore.a(wiring_digital.o)
 .debug_ranges  0x00000298       0xe8 C:\Users\Helge\source\repos\PERFOR~1\PANSTA~4\SWAPLE~1\ARDUIN~1\Debug\libArduinoCore.a(cc1101.o)
 .debug_ranges  0x00000380       0x60 C:\Users\Helge\source\repos\PERFOR~1\PANSTA~4\SWAPLE~1\ARDUIN~1\Debug\libArduinoCore.a(panstamp.o)
 .debug_ranges  0x000003e0       0x18 C:\Users\Helge\source\repos\PERFOR~1\PANSTA~4\SWAPLE~1\ARDUIN~1\Debug\libArduinoCore.a(simplespi.o)
 .debug_ranges  0x000003f8       0x30 C:\Users\Helge\source\repos\PERFOR~1\PANSTA~4\SWAPLE~1\ARDUIN~1\Debug\libArduinoCore.a(register.o)
 .debug_ranges  0x00000428       0x40 C:\Users\Helge\source\repos\PERFOR~1\PANSTA~4\SWAPLE~1\ARDUIN~1\Debug\libArduinoCore.a(swap.o)
 .debug_ranges  0x00000468       0x40 C:\Users\Helge\source\repos\PERFOR~1\PANSTA~4\SWAPLE~1\ARDUIN~1\Debug\libArduinoCore.a(swpacket.o)
 .debug_ranges  0x000004a8       0x10 C:\Users\Helge\source\repos\PERFOR~1\PANSTA~4\SWAPLE~1\ARDUIN~1\Debug\libArduinoCore.a(swstatus.o)
 .debug_ranges  0x000004b8       0x10 C:\Users\Helge\source\repos\PERFOR~1\PANSTA~4\SWAPLE~1\ARDUIN~1\Debug\libArduinoCore.a(hooks.o)
 .debug_ranges  0x000004c8       0x30 C:\Users\Helge\source\repos\PERFOR~1\PANSTA~4\SWAPLE~1\ARDUIN~1\Debug\libArduinoCore.a(WInterrupts.o)
 .debug_ranges  0x000004f8       0x40 C:\Users\Helge\source\repos\PERFOR~1\PANSTA~4\SWAPLE~1\ARDUIN~1\Debug\libArduinoCore.a(avrrtc.o)
 .debug_ranges  0x00000538       0x18 C:\Users\Helge\source\repos\PERFOR~1\PANSTA~4\SWAPLE~1\ARDUIN~1\Debug\libArduinoCore.a(storage.o)
 .debug_ranges  0x00000550       0x50 C:\Users\Helge\source\repos\PERFOR~1\PANSTA~4\SWAPLE~1\ARDUIN~1\Debug\libArduinoCore.a(repeater.o)

.debug_macro
 *(.debug_macro)
OUTPUT(binouts2.elf elf32-avr)
LOAD linker stubs
