Archive member included to satisfy reference by file (symbol)

c:/program files (x86)/atmel/studio/7.0/toolchain/avr8/avr8-gnu-toolchain/bin/../lib/gcc/avr/5.4.0/../../../../avr/lib/avr5\libm.a(addsf3.o)
                              regtable.o (__addsf3)
c:/program files (x86)/atmel/studio/7.0/toolchain/avr8/avr8-gnu-toolchain/bin/../lib/gcc/avr/5.4.0/../../../../avr/lib/avr5\libm.a(addsf3x.o)
                              c:/program files (x86)/atmel/studio/7.0/toolchain/avr8/avr8-gnu-toolchain/bin/../lib/gcc/avr/5.4.0/../../../../avr/lib/avr5\libm.a(addsf3.o) (__addsf3x)
c:/program files (x86)/atmel/studio/7.0/toolchain/avr8/avr8-gnu-toolchain/bin/../lib/gcc/avr/5.4.0/../../../../avr/lib/avr5\libm.a(fixunssfsi.o)
                              regtable.o (__fixunssfsi)
c:/program files (x86)/atmel/studio/7.0/toolchain/avr8/avr8-gnu-toolchain/bin/../lib/gcc/avr/5.4.0/../../../../avr/lib/avr5\libm.a(floatsisf.o)
                              regtable.o (__floatunsisf)
c:/program files (x86)/atmel/studio/7.0/toolchain/avr8/avr8-gnu-toolchain/bin/../lib/gcc/avr/5.4.0/../../../../avr/lib/avr5\libm.a(fp_inf.o)
                              c:/program files (x86)/atmel/studio/7.0/toolchain/avr8/avr8-gnu-toolchain/bin/../lib/gcc/avr/5.4.0/../../../../avr/lib/avr5\libm.a(addsf3x.o) (__fp_inf)
c:/program files (x86)/atmel/studio/7.0/toolchain/avr8/avr8-gnu-toolchain/bin/../lib/gcc/avr/5.4.0/../../../../avr/lib/avr5\libm.a(fp_nan.o)
                              c:/program files (x86)/atmel/studio/7.0/toolchain/avr8/avr8-gnu-toolchain/bin/../lib/gcc/avr/5.4.0/../../../../avr/lib/avr5\libm.a(addsf3x.o) (__fp_nan)
c:/program files (x86)/atmel/studio/7.0/toolchain/avr8/avr8-gnu-toolchain/bin/../lib/gcc/avr/5.4.0/../../../../avr/lib/avr5\libm.a(fp_pscA.o)
                              c:/program files (x86)/atmel/studio/7.0/toolchain/avr8/avr8-gnu-toolchain/bin/../lib/gcc/avr/5.4.0/../../../../avr/lib/avr5\libm.a(addsf3x.o) (__fp_pscA)
c:/program files (x86)/atmel/studio/7.0/toolchain/avr8/avr8-gnu-toolchain/bin/../lib/gcc/avr/5.4.0/../../../../avr/lib/avr5\libm.a(fp_pscB.o)
                              c:/program files (x86)/atmel/studio/7.0/toolchain/avr8/avr8-gnu-toolchain/bin/../lib/gcc/avr/5.4.0/../../../../avr/lib/avr5\libm.a(addsf3x.o) (__fp_pscB)
c:/program files (x86)/atmel/studio/7.0/toolchain/avr8/avr8-gnu-toolchain/bin/../lib/gcc/avr/5.4.0/../../../../avr/lib/avr5\libm.a(fp_round.o)
                              c:/program files (x86)/atmel/studio/7.0/toolchain/avr8/avr8-gnu-toolchain/bin/../lib/gcc/avr/5.4.0/../../../../avr/lib/avr5\libm.a(addsf3.o) (__fp_round)
c:/program files (x86)/atmel/studio/7.0/toolchain/avr8/avr8-gnu-toolchain/bin/../lib/gcc/avr/5.4.0/../../../../avr/lib/avr5\libm.a(fp_split3.o)
                              c:/program files (x86)/atmel/studio/7.0/toolchain/avr8/avr8-gnu-toolchain/bin/../lib/gcc/avr/5.4.0/../../../../avr/lib/avr5\libm.a(addsf3x.o) (__fp_split3)
c:/program files (x86)/atmel/studio/7.0/toolchain/avr8/avr8-gnu-toolchain/bin/../lib/gcc/avr/5.4.0/../../../../avr/lib/avr5\libm.a(fp_zero.o)
                              c:/program files (x86)/atmel/studio/7.0/toolchain/avr8/avr8-gnu-toolchain/bin/../lib/gcc/avr/5.4.0/../../../../avr/lib/avr5\libm.a(addsf3x.o) (__fp_zero)
c:/program files (x86)/atmel/studio/7.0/toolchain/avr8/avr8-gnu-toolchain/bin/../lib/gcc/avr/5.4.0/../../../../avr/lib/avr5\libm.a(mulsf3.o)
                              regtable.o (__mulsf3)
c:/program files (x86)/atmel/studio/7.0/toolchain/avr8/avr8-gnu-toolchain/bin/../lib/gcc/avr/5.4.0/../../../../avr/lib/avr5\libm.a(mulsf3x.o)
                              c:/program files (x86)/atmel/studio/7.0/toolchain/avr8/avr8-gnu-toolchain/bin/../lib/gcc/avr/5.4.0/../../../../avr/lib/avr5\libm.a(mulsf3.o) (__mulsf3x)
C:\Users\Helge\source\repos\PERFOR~1\PA1137~1\SWAPKA~1\ARDUIN~1\RELEAS~1\libArduinoCore.a(main.o)
                              C:/Program Files (x86)/Atmel/Studio/7.0/Packs/atmel/ATmega_DFP/1.6.364/gcc/dev/atmega328p/avr5/crtatmega328p.o (main)
C:\Users\Helge\source\repos\PERFOR~1\PA1137~1\SWAPKA~1\ARDUIN~1\RELEAS~1\libArduinoCore.a(wiring.o)
                              klappe.o (delay)
C:\Users\Helge\source\repos\PERFOR~1\PA1137~1\SWAPKA~1\ARDUIN~1\RELEAS~1\libArduinoCore.a(wiring_analog.o)
                              regtable.o (analogReference)
C:\Users\Helge\source\repos\PERFOR~1\PA1137~1\SWAPKA~1\ARDUIN~1\RELEAS~1\libArduinoCore.a(wiring_digital.o)
                              klappe.o (pinMode)
C:\Users\Helge\source\repos\PERFOR~1\PA1137~1\SWAPKA~1\ARDUIN~1\RELEAS~1\libArduinoCore.a(AS5600.o)
                              klappe.o (_ZN8AMS_5600C1Ev)
C:\Users\Helge\source\repos\PERFOR~1\PA1137~1\SWAPKA~1\ARDUIN~1\RELEAS~1\libArduinoCore.a(cc1101.o)
                              klappe.o (_ZN6CC11016wakeUpEv)
C:\Users\Helge\source\repos\PERFOR~1\PA1137~1\SWAPKA~1\ARDUIN~1\RELEAS~1\libArduinoCore.a(panstamp.o)
                              klappe.o (panstamp)
[...]
Memory Configuration

Name             Origin             Length             Attributes
text             0x00000000         0x00008000         xr
data             0x00800100         0x00000800         rw !x
eeprom           0x00810000         0x00000400         rw !x
fuse             0x00820000         0x00000003         rw !x
lock             0x00830000         0x00000400         rw !x
signature        0x00840000         0x00000400         rw !x
user_signatures  0x00850000         0x00000400         rw !x
*default*        0x00000000         0xffffffff

Linker script and memory map

Address of section .data set to 0x800100
LOAD C:/Program Files (x86)/Atmel/Studio/7.0/Packs/atmel/ATmega_DFP/1.6.364/gcc/dev/atmega328p/avr5/crtatmega328p.o
LOAD klappe.o
LOAD regtable.o
START GROUP
LOAD c:/program files (x86)/atmel/studio/7.0/toolchain/avr8/avr8-gnu-toolchain/bin/../lib/gcc/avr/5.4.0/../../../../avr/lib/avr5\libm.a
LOAD C:\Users\Helge\source\repos\PERFOR~1\PA1137~1\SWAPKA~1\ARDUIN~1\RELEAS~1\libArduinoCore.a
END GROUP
LOAD c:/program files (x86)/atmel/studio/7.0/toolchain/avr8/avr8-gnu-toolchain/bin/../lib/gcc/avr/5.4.0/avr5\libgcc.a
LOAD c:/program files (x86)/atmel/studio/7.0/toolchain/avr8/avr8-gnu-toolchain/bin/../lib/gcc/avr/5.4.0/../../../../avr/lib/avr5\libm.a
START GROUP
LOAD c:/program files (x86)/atmel/studio/7.0/toolchain/avr8/avr8-gnu-toolchain/bin/../lib/gcc/avr/5.4.0/avr5\libgcc.a
LOAD c:/program files (x86)/atmel/studio/7.0/toolchain/avr8/avr8-gnu-toolchain/bin/../lib/gcc/avr/5.4.0/../../../../avr/lib/avr5\libm.a
LOAD c:/program files (x86)/atmel/studio/7.0/toolchain/avr8/avr8-gnu-toolchain/bin/../lib/gcc/avr/5.4.0/../../../../avr/lib/avr5\libc.a
LOAD C:/Program Files (x86)/Atmel/Studio/7.0/Packs/atmel/ATmega_DFP/1.6.364/gcc/dev/atmega328p/avr5\libatmega328p.a
END GROUP
                0x00000000                __TEXT_REGION_ORIGIN__ = DEFINED (__TEXT_REGION_ORIGIN__)?__TEXT_REGION_ORIGIN__:0x0
                [0x00800100]                __DATA_REGION_ORIGIN__ = DEFINED (__DATA_REGION_ORIGIN__)?__DATA_REGION_ORIGIN__:0x800060
                [0x00008000]                __TEXT_REGION_LENGTH__ = DEFINED (__TEXT_REGION_LENGTH__)?__TEXT_REGION_LENGTH__:0x20000
                [0x00000800]                __DATA_REGION_LENGTH__ = DEFINED (__DATA_REGION_LENGTH__)?__DATA_REGION_LENGTH__:0xffa0
                [0x00000400]                __EEPROM_REGION_LENGTH__ = DEFINED (__EEPROM_REGION_LENGTH__)?__EEPROM_REGION_LENGTH__:0x10000
                [0x00000003]                __FUSE_REGION_LENGTH__ = DEFINED (__FUSE_REGION_LENGTH__)?__FUSE_REGION_LENGTH__:0x400
                0x00000400                __LOCK_REGION_LENGTH__ = DEFINED (__LOCK_REGION_LENGTH__)?__LOCK_REGION_LENGTH__:0x400
                0x00000400                __SIGNATURE_REGION_LENGTH__ = DEFINED (__SIGNATURE_REGION_LENGTH__)?__SIGNATURE_REGION_LENGTH__:0x400
                0x00000400                __USER_SIGNATURE_REGION_LENGTH__ = DEFINED (__USER_SIGNATURE_REGION_LENGTH__)?__USER_SIGNATURE_REGION_LENGTH__:0x400

.hash
 *(.hash)

.dynsym
 *(.dynsym)

.dynstr
 *(.dynstr)

.gnu.version
 *(.gnu.version)

.gnu.version_d
 *(.gnu.version_d)

.gnu.version_r
 *(.gnu.version_r)

.rel.init
 *(.rel.init)

.rela.init
 *(.rela.init)

.rel.text
 *(.rel.text)
 *(.rel.text.*)
 *(.rel.gnu.linkonce.t*)

.rela.text
 *(.rela.text)
 *(.rela.text.*)
 *(.rela.gnu.linkonce.t*)

.rel.fini
 *(.rel.fini)

.rela.fini
 *(.rela.fini)

.rel.rodata
 *(.rel.rodata)
 *(.rel.rodata.*)
 *(.rel.gnu.linkonce.r*)

.rela.rodata
 *(.rela.rodata)
 *(.rela.rodata.*)
 *(.rela.gnu.linkonce.r*)

.rel.data
 *(.rel.data)
 *(.rel.data.*)
 *(.rel.gnu.linkonce.d*)

.rela.data
 *(.rela.data)
 *(.rela.data.*)
 *(.rela.gnu.linkonce.d*)

.rel.ctors
 *(.rel.ctors)

.rela.ctors
 *(.rela.ctors)

.rel.dtors
 *(.rel.dtors)

.rela.dtors
 *(.rela.dtors)

.rel.got
 *(.rel.got)

.rela.got
 *(.rela.got)

.rel.bss
 *(.rel.bss)

.rela.bss
 *(.rela.bss)

.rel.plt
 *(.rel.plt)

.rela.plt
 *(.rela.plt)

.text           0x00000000     0x3652
 *(.vectors)
 .vectors       0x00000000       0x68 C:/Program Files (x86)/Atmel/Studio/7.0/Packs/atmel/ATmega_DFP/1.6.364/gcc/dev/atmega328p/avr5/crtatmega328p.o
                0x00000000                __vector_default
                0x00000000                __vectors
 *(.vectors)
 *(.progmem.gcc*)
                0x00000068                . = ALIGN (0x2)
                0x00000068                __trampolines_start = .
 *(.trampolines)
 .trampolines   0x00000068        0x0 linker stubs
 *(.trampolines*)
                0x00000068                __trampolines_end = .
 *libprintf_flt.a:*(.progmem.data)
 *libc.a:*(.progmem.data)
 *(.progmem*)
 .progmem.data.digital_pin_to_timer_PGM
                0x00000068       0x14 C:\Users\Helge\source\repos\PERFOR~1\PA1137~1\SWAPKA~1\ARDUIN~1\RELEAS~1\libArduinoCore.a(wiring_digital.o)
                0x00000068                digital_pin_to_timer_PGM
 .progmem.data.digital_pin_to_bit_mask_PGM
                0x0000007c       0x14 C:\Users\Helge\source\repos\PERFOR~1\PA1137~1\SWAPKA~1\ARDUIN~1\RELEAS~1\libArduinoCore.a(wiring_digital.o)
                0x0000007c                digital_pin_to_bit_mask_PGM
 .progmem.data.digital_pin_to_port_PGM
                0x00000090       0x14 C:\Users\Helge\source\repos\PERFOR~1\PA1137~1\SWAPKA~1\ARDUIN~1\RELEAS~1\libArduinoCore.a(wiring_digital.o)
                0x00000090                digital_pin_to_port_PGM
 .progmem.data.port_to_output_PGM
                0x000000a4        0xa C:\Users\Helge\source\repos\PERFOR~1\PA1137~1\SWAPKA~1\ARDUIN~1\RELEAS~1\libArduinoCore.a(wiring_digital.o)
                0x000000a4                port_to_output_PGM
 .progmem.data.port_to_mode_PGM
                0x000000ae        0xa C:\Users\Helge\source\repos\PERFOR~1\PA1137~1\SWAPKA~1\ARDUIN~1\RELEAS~1\libArduinoCore.a(wiring_digital.o)
                0x000000ae                port_to_mode_PGM
                0x000000b8                . = ALIGN (0x2)
 *(.jumptables)
 *(.jumptables*)
 *(.lowtext)
 *(.lowtext*)
                0x000000b8                __ctors_start = .
 *(.ctors)
 .ctors         0x000000b8        0x2 klappe.o
 .ctors         0x000000ba        0x2 regtable.o
 .ctors         0x000000bc        0x2 C:\Users\Helge\source\repos\PERFOR~1\PA1137~1\SWAPKA~1\ARDUIN~1\RELEAS~1\libArduinoCore.a(panstamp.o)
 .ctors         0x000000be        0x2 C:\Users\Helge\source\repos\PERFOR~1\PA1137~1\SWAPKA~1\ARDUIN~1\RELEAS~1\libArduinoCore.a(swap.o)
 .ctors         0x000000c0        0x2 C:\Users\Helge\source\repos\PERFOR~1\PA1137~1\SWAPKA~1\ARDUIN~1\RELEAS~1\libArduinoCore.a(Wire.o)
                0x000000c2                __ctors_end = .
                0x000000c2                __dtors_start = .
 *(.dtors)
                0x000000c2                __dtors_end = .
 SORT(*)(.ctors)
 SORT(*)(.dtors)
 *(.init0)
 .init0         0x000000c2        0x0 C:/Program Files (x86)/Atmel/Studio/7.0/Packs/atmel/ATmega_DFP/1.6.364/gcc/dev/atmega328p/avr5/crtatmega328p.o
                0x000000c2                __init
 *(.init0)
 *(.init1)
 *(.init1)
 *(.init2)
 .init2         0x000000c2        0xc C:/Program Files (x86)/Atmel/Studio/7.0/Packs/atmel/ATmega_DFP/1.6.364/gcc/dev/atmega328p/avr5/crtatmega328p.o
 *(.init2)
 *(.init3)
 *(.init3)
 *(.init4)
 .init4         0x000000ce       0x16 c:/program files (x86)/atmel/studio/7.0/toolchain/avr8/avr8-gnu-toolchain/bin/../lib/gcc/avr/5.4.0/avr5\libgcc.a(_copy_data.o)
                0x000000ce                __do_copy_data
 .init4         0x000000e4       0x10 c:/program files (x86)/atmel/studio/7.0/toolchain/avr8/avr8-gnu-toolchain/bin/../lib/gcc/avr/5.4.0/avr5\libgcc.a(_clear_bss.o)
                0x000000e4                __do_clear_bss
 *(.init4)
 *(.init5)
 *(.init5)
 *(.init6)
 .init6         0x000000f4       0x16 c:/program files (x86)/atmel/studio/7.0/toolchain/avr8/avr8-gnu-toolchain/bin/../lib/gcc/avr/5.4.0/avr5\libgcc.a(_ctors.o)
                0x000000f4                __do_global_ctors
 *(.init6)
 *(.init7)
 *(.init7)
 *(.init8)
 *(.init8)
 *(.init9)
 .init9         0x0000010a        0x8 C:/Program Files (x86)/Atmel/Studio/7.0/Packs/atmel/ATmega_DFP/1.6.364/gcc/dev/atmega328p/avr5/crtatmega328p.o
 *(.init9)
 *(.text)
 .text          0x00000112        0x4 C:/Program Files (x86)/Atmel/Studio/7.0/Packs/atmel/ATmega_DFP/1.6.364/gcc/dev/atmega328p/avr5/crtatmega328p.o
                0x00000112                __vector_22
                0x00000112                __vector_12
                0x00000112                __bad_interrupt
                0x00000112                __vector_3
                0x00000112                __vector_23
                0x00000112                __vector_25
                0x00000112                __vector_11
                0x00000112                __vector_13
                0x00000112                __vector_17
                0x00000112                __vector_19
                0x00000112                __vector_7
                0x00000112                __vector_5
                0x00000112                __vector_4
                0x00000112                __vector_21
                0x00000112                __vector_15
                0x00000112                __vector_8
                0x00000112                __vector_14
                0x00000112                __vector_10
                0x00000112                __vector_18
                0x00000112                __vector_20
                0x00000116                . = ALIGN (0x2)
 *(.text.*)
 .text._ZN4SWAP16enterSystemStateE7SYSTATE.isra.0
                0x00000116       0x26 klappe.o
 .text._ZN4SWAP11getRegisterEh.isra.1
                0x0000013c       0x20 klappe.o
 .text.setup    0x0000015c       0xde klappe.o
                0x0000015c                setup
 .text.loop     0x0000023a      0x16a klappe.o
                0x0000023a                loop
 .text.startup._GLOBAL__sub_I_led0
                0x000003a4        0x8 klappe.o
 .text._Z7setled1hPh
                0x000003ac        0xa regtable.o
                0x000003ac                _Z7setled1hPh
 .text._Z13setTxIntervalhPh
                0x000003b6        0x8 regtable.o
                0x000003b6                _Z13setTxIntervalhPh
 .text._Z20setSleepIntervall_mshPh
                0x000003be        0x8 regtable.o
                0x000003be                _Z20setSleepIntervall_mshPh
 .text._Z13setDevAddresshPh
                0x000003c6       0x80 regtable.o
                0x000003c6                _Z13setDevAddresshPh
 .text._Z12setNetworkIdhPh
                0x00000446       0x7a regtable.o
                0x00000446                _Z12setNetworkIdhPh
 .text._Z18updtProcVoltSupplyh
                0x000004c0       0x38 regtable.o
                0x000004c0                _Z18updtProcVoltSupplyh
 .text._Z23updAS5600_AngleValueRawh
                0x000004f8       0x38 regtable.o
                0x000004f8                _Z23updAS5600_AngleValueRawh
 .text._Z23updAS5600_AngleValueDegh
                0x00000530       0x6a regtable.o
                0x00000530                _Z23updAS5600_AngleValueDegh
 .text._Z24updAS5600_MagnitudeValueh
                0x0000059a       0x38 regtable.o
                0x0000059a                _Z24updAS5600_MagnitudeValueh
 .text._Z29updAS5600_MagnetStrengthValueh
                0x000005d2        0xe regtable.o
                0x000005d2                _Z29updAS5600_MagnetStrengthValueh
 .text._Z21updAS5600_ScaledAngleh
                0x000005e0       0x38 regtable.o
                0x000005e0                _Z21updAS5600_ScaledAngleh
 .text._Z18updAS5600_MaxAngleh
                0x00000618       0x38 regtable.o
                0x00000618                _Z18updAS5600_MaxAngleh
 .text._Z18setAS5600_MaxAnglehPh
                0x00000650       0x1a regtable.o
                0x00000650                _Z18setAS5600_MaxAnglehPh
 .text._Z23updAS5600_StartPositionh
                0x0000066a       0x38 regtable.o
                0x0000066a                _Z23updAS5600_StartPositionh
 .text._Z23setAS5600_StartPositionhPh
                0x000006a2       0x1a regtable.o
                0x000006a2                _Z23setAS5600_StartPositionhPh
 .text._Z21updAS5600_EndPositionh
                0x000006bc       0x38 regtable.o
                0x000006bc                _Z21updAS5600_EndPositionh
 .text._Z21setAS5600_EndPositionhPh
                0x000006f4       0x1a regtable.o
                0x000006f4                _Z21setAS5600_EndPositionhPh
 .text._Z20updAS5600_i2cAddressh
                0x0000070e       0x2a regtable.o
                0x0000070e                _Z20updAS5600_i2cAddressh
 .text._Z13updAS5600_AGCh
                0x00000738       0x2a regtable.o
                0x00000738                _Z13updAS5600_AGCh
 .text._Z14setFreqChannelhPh
                0x00000762       0x72 regtable.o
                0x00000762                _Z14setFreqChannelhPh
 .text._Z7setled0hPh
                0x000007d4       0x18 regtable.o
                0x000007d4                _Z7setled0hPh
 .text._Z10modulresethPh
                0x000007ec       0x4a regtable.o
                0x000007ec                _Z10modulresethPh
 .text._Z11setSysStatehPh
                0x00000836       0x32 regtable.o
                0x00000836                _Z11setSysStatehPh
 .text._Z17getBatteryVoltagev
                0x00000868       0xa2 regtable.o
                0x00000868                _Z17getBatteryVoltagev
 .text._Z18updtBattVoltSupplyh
                0x0000090a       0x34 regtable.o
                0x0000090a                _Z18updtBattVoltSupplyh
 .text.startup._GLOBAL__sub_I_regProductCode
                0x0000093e      0x4b0 regtable.o
 .text.avr-libc.fplib
                0x00000dee        0xe c:/program files (x86)/atmel/studio/7.0/toolchain/avr8/avr8-gnu-toolchain/bin/../lib/gcc/avr/5.4.0/../../../../avr/lib/avr5\libm.a(addsf3.o)
                0x00000dee                __subsf3
                0x00000df0                __addsf3
 .text.avr-libc.fplib
                0x00000dfc       0xcc c:/program files (x86)/atmel/studio/7.0/toolchain/avr8/avr8-gnu-toolchain/bin/../lib/gcc/avr/5.4.0/../../../../avr/lib/avr5\libm.a(addsf3x.o)
                0x00000e1e                __addsf3x
 .text.avr-libc.fplib
                0x00000ec8       0x5e c:/program files (x86)/atmel/studio/7.0/toolchain/avr8/avr8-gnu-toolchain/bin/../lib/gcc/avr/5.4.0/../../../../avr/lib/avr5\libm.a(fixunssfsi.o)
                0x00000ec8                __fixunssfsi
 .text.avr-libc.fplib
                0x00000f26       0x7a c:/program files (x86)/atmel/studio/7.0/toolchain/avr8/avr8-gnu-toolchain/bin/../lib/gcc/avr/5.4.0/../../../../avr/lib/avr5\libm.a(floatsisf.o)
                0x00000f26                __floatunsisf
                0x00000f2a                __floatsisf
 .text.avr-libc.fplib
                0x00000fa0        0xc c:/program files (x86)/atmel/studio/7.0/toolchain/avr8/avr8-gnu-toolchain/bin/../lib/gcc/avr/5.4.0/../../../../avr/lib/avr5\libm.a(fp_inf.o)
                0x00000fa0                __fp_inf
 .text.avr-libc.fplib
                0x00000fac        0x6 c:/program files (x86)/atmel/studio/7.0/toolchain/avr8/avr8-gnu-toolchain/bin/../lib/gcc/avr/5.4.0/../../../../avr/lib/avr5\libm.a(fp_nan.o)
                0x00000fac                __fp_nan
 .text.avr-libc.fplib
                0x00000fb2        0xe c:/program files (x86)/atmel/studio/7.0/toolchain/avr8/avr8-gnu-toolchain/bin/../lib/gcc/avr/5.4.0/../../../../avr/lib/avr5\libm.a(fp_pscA.o)
                0x00000fb2                __fp_pscA
 .text.avr-libc.fplib
                0x00000fc0        0xe c:/program files (x86)/atmel/studio/7.0/toolchain/avr8/avr8-gnu-toolchain/bin/../lib/gcc/avr/5.4.0/../../../../avr/lib/avr5\libm.a(fp_pscB.o)
                0x00000fc0                __fp_pscB
 .text.avr-libc.fplib
                0x00000fce       0x22 c:/program files (x86)/atmel/studio/7.0/toolchain/avr8/avr8-gnu-toolchain/bin/../lib/gcc/avr/5.4.0/../../../../avr/lib/avr5\libm.a(fp_round.o)
                0x00000fce                __fp_round
 .text.avr-libc.fplib
                0x00000ff0       0x44 c:/program files (x86)/atmel/studio/7.0/toolchain/avr8/avr8-gnu-toolchain/bin/../lib/gcc/avr/5.4.0/../../../../avr/lib/avr5\libm.a(fp_split3.o)
                0x00000ff0                __fp_split3
                0x00001000                __fp_splitA
 .text.avr-libc.fplib
                0x00001034        0xe c:/program files (x86)/atmel/studio/7.0/toolchain/avr8/avr8-gnu-toolchain/bin/../lib/gcc/avr/5.4.0/../../../../avr/lib/avr5\libm.a(fp_zero.o)
                0x00001034                __fp_zero
                0x00001036                __fp_szero
 .text.avr-libc.fplib
                0x00001042        0x8 c:/program files (x86)/atmel/studio/7.0/toolchain/avr8/avr8-gnu-toolchain/bin/../lib/gcc/avr/5.4.0/../../../../avr/lib/avr5\libm.a(mulsf3.o)
                0x00001042                __mulsf3
 .text.avr-libc.fplib
                0x0000104a       0xd2 c:/program files (x86)/atmel/studio/7.0/toolchain/avr8/avr8-gnu-toolchain/bin/../lib/gcc/avr/5.4.0/../../../../avr/lib/avr5\libm.a(mulsf3x.o)
                0x00001068                __mulsf3x
                0x0000106e                __mulsf3_pse
 .text.initVariant
                0x0000111c        0x2 C:\Users\Helge\source\repos\PERFOR~1\PA1137~1\SWAPKA~1\ARDUIN~1\RELEAS~1\libArduinoCore.a(main.o)
                0x0000111c                initVariant
 .text.startup.main
                0x0000111e       0x1e C:\Users\Helge\source\repos\PERFOR~1\PA1137~1\SWAPKA~1\ARDUIN~1\RELEAS~1\libArduinoCore.a(main.o)
                0x0000111e                main
 .text.__vector_16
                0x0000113c       0x94 C:\Users\Helge\source\repos\PERFOR~1\PA1137~1\SWAPKA~1\ARDUIN~1\RELEAS~1\libArduinoCore.a(wiring.o)
                0x0000113c                __vector_16
 .text.millis   0x000011d0       0x18 C:\Users\Helge\source\repos\PERFOR~1\PA1137~1\SWAPKA~1\ARDUIN~1\RELEAS~1\libArduinoCore.a(wiring.o)
                0x000011d0                millis
 .text.micros   0x000011e8       0x4a C:\Users\Helge\source\repos\PERFOR~1\PA1137~1\SWAPKA~1\ARDUIN~1\RELEAS~1\libArduinoCore.a(wiring.o)
                0x000011e8                micros
 .text.delay    0x00001232       0x78 C:\Users\Helge\source\repos\PERFOR~1\PA1137~1\SWAPKA~1\ARDUIN~1\RELEAS~1\libArduinoCore.a(wiring.o)
                0x00001232                delay
 .text.delayMicroseconds
                0x000012aa       0x12 C:\Users\Helge\source\repos\PERFOR~1\PA1137~1\SWAPKA~1\ARDUIN~1\RELEAS~1\libArduinoCore.a(wiring.o)
                0x000012aa                delayMicroseconds
 .text.init     0x000012bc       0x76 C:\Users\Helge\source\repos\PERFOR~1\PA1137~1\SWAPKA~1\ARDUIN~1\RELEAS~1\libArduinoCore.a(wiring.o)
                0x000012bc                init
 .text.analogReference
                0x00001332        0x6 C:\Users\Helge\source\repos\PERFOR~1\PA1137~1\SWAPKA~1\ARDUIN~1\RELEAS~1\libArduinoCore.a(wiring_analog.o)
                0x00001332                analogReference
 .text.analogRead
                0x00001338       0x3a C:\Users\Helge\source\repos\PERFOR~1\PA1137~1\SWAPKA~1\ARDUIN~1\RELEAS~1\libArduinoCore.a(wiring_analog.o)
                0x00001338                analogRead
 .text.turnOffPWM
                0x00001372       0x52 C:\Users\Helge\source\repos\PERFOR~1\PA1137~1\SWAPKA~1\ARDUIN~1\RELEAS~1\libArduinoCore.a(wiring_digital.o)
 .text.pinMode  0x000013c4       0x78 C:\Users\Helge\source\repos\PERFOR~1\PA1137~1\SWAPKA~1\ARDUIN~1\RELEAS~1\libArduinoCore.a(wiring_digital.o)
                0x000013c4                pinMode
 .text.digitalWrite
                0x0000143c       0x5e C:\Users\Helge\source\repos\PERFOR~1\PA1137~1\SWAPKA~1\ARDUIN~1\RELEAS~1\libArduinoCore.a(wiring_digital.o)
                0x0000143c                digitalWrite
 .text._ZN7TwoWire5writeEi
                0x0000149a        0xe C:\Users\Helge\source\repos\PERFOR~1\PA1137~1\SWAPKA~1\ARDUIN~1\RELEAS~1\libArduinoCore.a(AS5600.o)
                0x0000149a                _ZN7TwoWire5writeEi
 .text._ZN8AMS_5600C2Ev
                0x000014a8       0x98 C:\Users\Helge\source\repos\PERFOR~1\PA1137~1\SWAPKA~1\ARDUIN~1\RELEAS~1\libArduinoCore.a(AS5600.o)
                0x000014a8                _ZN8AMS_5600C2Ev
                0x000014a8                _ZN8AMS_5600C1Ev
 .text._ZN8AMS_560010getAddressEv
                0x00001540        0x8 C:\Users\Helge\source\repos\PERFOR~1\PA1137~1\SWAPKA~1\ARDUIN~1\RELEAS~1\libArduinoCore.a(AS5600.o)
                0x00001540                _ZN8AMS_560010getAddressEv
 .text._ZN8AMS_560012writeOneByteEii
                0x00001548       0x3e C:\Users\Helge\source\repos\PERFOR~1\PA1137~1\SWAPKA~1\ARDUIN~1\RELEAS~1\libArduinoCore.a(AS5600.o)
                0x00001548                _ZN8AMS_560012writeOneByteEii
 .text._ZN8AMS_560011readOneByteEi
                0x00001586       0x56 C:\Users\Helge\source\repos\PERFOR~1\PA1137~1\SWAPKA~1\ARDUIN~1\RELEAS~1\libArduinoCore.a(AS5600.o)
                0x00001586                _ZN8AMS_560011readOneByteEi
 .text._ZN8AMS_560012detectMagnetEv
                0x000015dc       0x14 C:\Users\Helge\source\repos\PERFOR~1\PA1137~1\SWAPKA~1\ARDUIN~1\RELEAS~1\libArduinoCore.a(AS5600.o)
                0x000015dc                _ZN8AMS_560012detectMagnetEv
 .text._ZN8AMS_560017getMagnetStrengthEv
                0x000015f0       0x42 C:\Users\Helge\source\repos\PERFOR~1\PA1137~1\SWAPKA~1\ARDUIN~1\RELEAS~1\libArduinoCore.a(AS5600.o)
                0x000015f0                _ZN8AMS_560017getMagnetStrengthEv
 .text._ZN8AMS_56006getAgcEv
                0x00001632        0xa C:\Users\Helge\source\repos\PERFOR~1\PA1137~1\SWAPKA~1\ARDUIN~1\RELEAS~1\libArduinoCore.a(AS5600.o)
                0x00001632                _ZN8AMS_56006getAgcEv
 .text._ZN8AMS_560012setPowerModeEh
                0x0000163c       0x42 C:\Users\Helge\source\repos\PERFOR~1\PA1137~1\SWAPKA~1\ARDUIN~1\RELEAS~1\libArduinoCore.a(AS5600.o)
                0x0000163c                _ZN8AMS_560012setPowerModeEh
 .text._ZN8AMS_560012readTwoBytesEii
                0x0000167e       0xb2 C:\Users\Helge\source\repos\PERFOR~1\PA1137~1\SWAPKA~1\ARDUIN~1\RELEAS~1\libArduinoCore.a(AS5600.o)
                0x0000167e                _ZN8AMS_560012readTwoBytesEii
 .text._ZN8AMS_560011getMaxAngleEv
                0x00001730        0xe C:\Users\Helge\source\repos\PERFOR~1\PA1137~1\SWAPKA~1\ARDUIN~1\RELEAS~1\libArduinoCore.a(AS5600.o)
                0x00001730                _ZN8AMS_560011getMaxAngleEv
 .text._ZN8AMS_560016getStartPositionEv
                0x0000173e        0xe C:\Users\Helge\source\repos\PERFOR~1\PA1137~1\SWAPKA~1\ARDUIN~1\RELEAS~1\libArduinoCore.a(AS5600.o)
                0x0000173e                _ZN8AMS_560016getStartPositionEv
 .text._ZN8AMS_560014getEndPositionEv
                0x0000174c        0xe C:\Users\Helge\source\repos\PERFOR~1\PA1137~1\SWAPKA~1\ARDUIN~1\RELEAS~1\libArduinoCore.a(AS5600.o)
                0x0000174c                _ZN8AMS_560014getEndPositionEv
 .text._ZN8AMS_560011getRawAngleEv
                0x0000175a        0xe C:\Users\Helge\source\repos\PERFOR~1\PA1137~1\SWAPKA~1\ARDUIN~1\RELEAS~1\libArduinoCore.a(AS5600.o)
                0x0000175a                _ZN8AMS_560011getRawAngleEv
 .text._ZN8AMS_560011setMaxAngleEj
                0x00001768       0x66 C:\Users\Helge\source\repos\PERFOR~1\PA1137~1\SWAPKA~1\ARDUIN~1\RELEAS~1\libArduinoCore.a(AS5600.o)
                0x00001768                _ZN8AMS_560011setMaxAngleEj
 .text._ZN8AMS_560016setStartPositionEj
                0x000017ce       0x6c C:\Users\Helge\source\repos\PERFOR~1\PA1137~1\SWAPKA~1\ARDUIN~1\RELEAS~1\libArduinoCore.a(AS5600.o)
                0x000017ce                _ZN8AMS_560016setStartPositionEj
 .text._ZN8AMS_560014setEndPositionEj
                0x0000183a       0x6c C:\Users\Helge\source\repos\PERFOR~1\PA1137~1\SWAPKA~1\ARDUIN~1\RELEAS~1\libArduinoCore.a(AS5600.o)
                0x0000183a                _ZN8AMS_560014setEndPositionEj
 .text._ZN8AMS_560014getScaledAngleEv
                0x000018a6        0xe C:\Users\Helge\source\repos\PERFOR~1\PA1137~1\SWAPKA~1\ARDUIN~1\RELEAS~1\libArduinoCore.a(AS5600.o)
                0x000018a6                _ZN8AMS_560014getScaledAngleEv
 .text._ZN8AMS_560012getMagnitudeEv
                0x000018b4        0xe C:\Users\Helge\source\repos\PERFOR~1\PA1137~1\SWAPKA~1\ARDUIN~1\RELEAS~1\libArduinoCore.a(AS5600.o)
                0x000018b4                _ZN8AMS_560012getMagnitudeEv
 .text._ZN6CC1101C2Ev
                0x000018c2       0x16 C:\Users\Helge\source\repos\PERFOR~1\PA1137~1\SWAPKA~1\ARDUIN~1\RELEAS~1\libArduinoCore.a(cc1101.o)
                0x000018c2                _ZN6CC1101C1Ev
                0x000018c2                _ZN6CC1101C2Ev
 .text._ZN6CC11016wakeUpEv
                0x000018d8        0xa C:\Users\Helge\source\repos\PERFOR~1\PA1137~1\SWAPKA~1\ARDUIN~1\RELEAS~1\libArduinoCore.a(cc1101.o)
                0x000018d8                _ZN6CC11016wakeUpEv
 .text._ZN6CC11018writeRegEhh
                0x000018e2       0x28 C:\Users\Helge\source\repos\PERFOR~1\PA1137~1\SWAPKA~1\ARDUIN~1\RELEAS~1\libArduinoCore.a(cc1101.o)
                0x000018e2                _ZN6CC11018writeRegEhh
 .text._ZN6CC110113writeBurstRegEhPhh
                0x0000190a       0x52 C:\Users\Helge\source\repos\PERFOR~1\PA1137~1\SWAPKA~1\ARDUIN~1\RELEAS~1\libArduinoCore.a(cc1101.o)
                0x0000190a                _ZN6CC110113writeBurstRegEhPhh
 .text._ZN6CC11019cmdStrobeEh
                0x0000195c        0xe C:\Users\Helge\source\repos\PERFOR~1\PA1137~1\SWAPKA~1\ARDUIN~1\RELEAS~1\libArduinoCore.a(cc1101.o)
                0x0000195c                _ZN6CC11019cmdStrobeEh
 .text._ZN6CC11017readRegEhh
                0x0000196a       0x24 C:\Users\Helge\source\repos\PERFOR~1\PA1137~1\SWAPKA~1\ARDUIN~1\RELEAS~1\libArduinoCore.a(cc1101.o)
                0x0000196a                _ZN6CC11017readRegEhh
 .text._ZN6CC110112readBurstRegEPhhh
                0x0000198e       0x56 C:\Users\Helge\source\repos\PERFOR~1\PA1137~1\SWAPKA~1\ARDUIN~1\RELEAS~1\libArduinoCore.a(cc1101.o)
                0x0000198e                _ZN6CC110112readBurstRegEPhhh
 .text._ZN6CC110111setSyncWordEhh
                0x000019e4       0x2e C:\Users\Helge\source\repos\PERFOR~1\PA1137~1\SWAPKA~1\ARDUIN~1\RELEAS~1\libArduinoCore.a(cc1101.o)
                0x000019e4                _ZN6CC110111setSyncWordEhh
 .text._ZN6CC110111setSyncWordEPh
                0x00001a12        0xa C:\Users\Helge\source\repos\PERFOR~1\PA1137~1\SWAPKA~1\ARDUIN~1\RELEAS~1\libArduinoCore.a(cc1101.o)
                0x00001a12                _ZN6CC110111setSyncWordEPh
 .text._ZN6CC110113setDevAddressEh
                0x00001a1c       0x1c C:\Users\Helge\source\repos\PERFOR~1\PA1137~1\SWAPKA~1\ARDUIN~1\RELEAS~1\libArduinoCore.a(cc1101.o)
                0x00001a1c                _ZN6CC110113setDevAddressEh
 .text._ZN6CC110110setChannelEh
                0x00001a38       0x1c C:\Users\Helge\source\repos\PERFOR~1\PA1137~1\SWAPKA~1\ARDUIN~1\RELEAS~1\libArduinoCore.a(cc1101.o)
                0x00001a38                _ZN6CC110110setChannelEh
 .text._ZN6CC110114setCarrierFreqEh
                0x00001a54       0x7e C:\Users\Helge\source\repos\PERFOR~1\PA1137~1\SWAPKA~1\ARDUIN~1\RELEAS~1\libArduinoCore.a(cc1101.o)
                0x00001a54                _ZN6CC110114setCarrierFreqEh
 .text._ZN6CC110117setPowerDownStateEv
                0x00001ad2       0x18 C:\Users\Helge\source\repos\PERFOR~1\PA1137~1\SWAPKA~1\ARDUIN~1\RELEAS~1\libArduinoCore.a(cc1101.o)
                0x00001ad2                _ZN6CC110117setPowerDownStateEv
 .text._ZN6CC110110setRxStateEv
                0x00001aea       0x16 C:\Users\Helge\source\repos\PERFOR~1\PA1137~1\SWAPKA~1\ARDUIN~1\RELEAS~1\libArduinoCore.a(cc1101.o)
                0x00001aea                _ZN6CC110110setRxStateEv
 .text._ZN6CC110111receiveDataEP8CCPACKET
                0x00001b00       0x98 C:\Users\Helge\source\repos\PERFOR~1\PA1137~1\SWAPKA~1\ARDUIN~1\RELEAS~1\libArduinoCore.a(cc1101.o)
                0x00001b00                _ZN6CC110111receiveDataEP8CCPACKET
 .text._ZN6CC110110setTxStateEv
                0x00001b98       0x16 C:\Users\Helge\source\repos\PERFOR~1\PA1137~1\SWAPKA~1\ARDUIN~1\RELEAS~1\libArduinoCore.a(cc1101.o)
                0x00001b98                _ZN6CC110110setTxStateEv
 .text._ZN6CC11018sendDataE8CCPACKET
                0x00001bae       0xe0 C:\Users\Helge\source\repos\PERFOR~1\PA1137~1\SWAPKA~1\ARDUIN~1\RELEAS~1\libArduinoCore.a(cc1101.o)
                0x00001bae                _ZN6CC11018sendDataE8CCPACKET
 .text._ZN6CC11019setCCregsEv
                0x00001c8e      0x230 C:\Users\Helge\source\repos\PERFOR~1\PA1137~1\SWAPKA~1\ARDUIN~1\RELEAS~1\libArduinoCore.a(cc1101.o)
                0x00001c8e                _ZN6CC11019setCCregsEv
 .text._ZN6CC11015resetEv
                0x00001ebe       0x42 C:\Users\Helge\source\repos\PERFOR~1\PA1137~1\SWAPKA~1\ARDUIN~1\RELEAS~1\libArduinoCore.a(cc1101.o)
                0x00001ebe                _ZN6CC11015resetEv
 .text._ZN6CC11014initEhh
                0x00001f00       0x2a C:\Users\Helge\source\repos\PERFOR~1\PA1137~1\SWAPKA~1\ARDUIN~1\RELEAS~1\libArduinoCore.a(cc1101.o)
                0x00001f00                _ZN6CC11014initEhh
 .text._Z8radioISRv
                0x00001f2a       0x46 C:\Users\Helge\source\repos\PERFOR~1\PA1137~1\SWAPKA~1\ARDUIN~1\RELEAS~1\libArduinoCore.a(panstamp.o)
                0x00001f2a                _Z8radioISRv
 .text._ZN8PANSTAMPC2Ev
                0x00001f70       0x16 C:\Users\Helge\source\repos\PERFOR~1\PA1137~1\SWAPKA~1\ARDUIN~1\RELEAS~1\libArduinoCore.a(panstamp.o)
                0x00001f70                _ZN8PANSTAMPC1Ev
                0x00001f70                _ZN8PANSTAMPC2Ev
 .text._ZN8PANSTAMP4initEhh
                0x00001f86       0x3e C:\Users\Helge\source\repos\PERFOR~1\PA1137~1\SWAPKA~1\ARDUIN~1\RELEAS~1\libArduinoCore.a(panstamp.o)
                0x00001f86                _ZN8PANSTAMP4initEhh
 .text._ZN8PANSTAMP5resetEv
                0x00001fc4       0x2c C:\Users\Helge\source\repos\PERFOR~1\PA1137~1\SWAPKA~1\ARDUIN~1\RELEAS~1\libArduinoCore.a(panstamp.o)
                0x00001fc4                _ZN8PANSTAMP5resetEv
 .text._ZN8PANSTAMP8sleepSecEj6RTCSRC
                0x00001ff0       0xe6 C:\Users\Helge\source\repos\PERFOR~1\PA1137~1\SWAPKA~1\ARDUIN~1\RELEAS~1\libArduinoCore.a(panstamp.o)
                0x00001ff0                _ZN8PANSTAMP8sleepSecEj6RTCSRC
 .text._ZN8PANSTAMP9sleepMSecEj6RTCSRC20PANSTAMP_RADIO_POWER
                0x000020d6       0x76 C:\Users\Helge\source\repos\PERFOR~1\PA1137~1\SWAPKA~1\ARDUIN~1\RELEAS~1\libArduinoCore.a(panstamp.o)
                0x000020d6                _ZN8PANSTAMP9sleepMSecEj6RTCSRC20PANSTAMP_RADIO_POWER
 .text._ZN8PANSTAMP6getVccEv
                0x0000214c       0x44 C:\Users\Helge\source\repos\PERFOR~1\PA1137~1\SWAPKA~1\ARDUIN~1\RELEAS~1\libArduinoCore.a(panstamp.o)
                0x0000214c                _ZN8PANSTAMP6getVccEv
 .text.startup._GLOBAL__sub_I__Z8radioISRv
                0x00002190        0x8 C:\Users\Helge\source\repos\PERFOR~1\PA1137~1\SWAPKA~1\ARDUIN~1\RELEAS~1\libArduinoCore.a(panstamp.o)
 .text._ZN9SIMPLESPI4initEv
                0x00002198       0x3e C:\Users\Helge\source\repos\PERFOR~1\PA1137~1\SWAPKA~1\ARDUIN~1\RELEAS~1\libArduinoCore.a(simplespi.o)
                0x00002198                _ZN9SIMPLESPI4initEv
 .text._ZN9SIMPLESPI4sendEh
                0x000021d6        0xc C:\Users\Helge\source\repos\PERFOR~1\PA1137~1\SWAPKA~1\ARDUIN~1\RELEAS~1\libArduinoCore.a(simplespi.o)
                0x000021d6                _ZN9SIMPLESPI4sendEh
 .text._ZN8REGISTER4initEv
                0x000021e2       0x30 C:\Users\Helge\source\repos\PERFOR~1\PA1137~1\SWAPKA~1\ARDUIN~1\RELEAS~1\libArduinoCore.a(register.o)
                0x000021e2                _ZN8REGISTER4initEv
 .text._ZN8REGISTER14sendSwapStatusEv
                0x00002212       0x4a C:\Users\Helge\source\repos\PERFOR~1\PA1137~1\SWAPKA~1\ARDUIN~1\RELEAS~1\libArduinoCore.a(register.o)
                0x00002212                _ZN8REGISTER14sendSwapStatusEv
 .text._ZN8REGISTER7getDataEv
                0x0000225c       0x1c C:\Users\Helge\source\repos\PERFOR~1\PA1137~1\SWAPKA~1\ARDUIN~1\RELEAS~1\libArduinoCore.a(register.o)
                0x0000225c                _ZN8REGISTER7getDataEv
 .text._ZN8REGISTER7setDataEPh
                0x00002278       0x54 C:\Users\Helge\source\repos\PERFOR~1\PA1137~1\SWAPKA~1\ARDUIN~1\RELEAS~1\libArduinoCore.a(register.o)
                0x00002278                _ZN8REGISTER7setDataEPh
 .text._ZN8REGISTER20setValueFromBeBufferEPh
                0x000022cc       0x36 C:\Users\Helge\source\repos\PERFOR~1\PA1137~1\SWAPKA~1\ARDUIN~1\RELEAS~1\libArduinoCore.a(register.o)
                0x000022cc                _ZN8REGISTER20setValueFromBeBufferEPh
 .text._Z14pacKetReceivedP8CCPACKET
                0x00002302      0x184 C:\Users\Helge\source\repos\PERFOR~1\PA1137~1\SWAPKA~1\ARDUIN~1\RELEAS~1\libArduinoCore.a(swap.o)
                0x00002302                _Z14pacKetReceivedP8CCPACKET
 .text._ZN4SWAP11goToSleepMSEj
                0x00002486       0x2e C:\Users\Helge\source\repos\PERFOR~1\PA1137~1\SWAPKA~1\ARDUIN~1\RELEAS~1\libArduinoCore.a(swap.o)
                0x00002486                _ZN4SWAP11goToSleepMSEj
 .text._ZN4SWAP23nvolatToFactoryDefaultsEv
                0x000024b4       0xaa C:\Users\Helge\source\repos\PERFOR~1\PA1137~1\SWAPKA~1\ARDUIN~1\RELEAS~1\libArduinoCore.a(swap.o)
                0x000024b4                _ZN4SWAP23nvolatToFactoryDefaultsEv
 .text._ZN4SWAP4initEv
                0x0000255e       0x9e C:\Users\Helge\source\repos\PERFOR~1\PA1137~1\SWAPKA~1\ARDUIN~1\RELEAS~1\libArduinoCore.a(swap.o)
                0x0000255e                _ZN4SWAP4initEv
 .text.startup._GLOBAL__sub_I__Z14pacKetReceivedP8CCPACKET
                0x000025fc       0x14 C:\Users\Helge\source\repos\PERFOR~1\PA1137~1\SWAPKA~1\ARDUIN~1\RELEAS~1\libArduinoCore.a(swap.o)
 .text._ZN8SWPACKETC2Ev
                0x00002610        0x2 C:\Users\Helge\source\repos\PERFOR~1\PA1137~1\SWAPKA~1\ARDUIN~1\RELEAS~1\libArduinoCore.a(swpacket.o)
                0x00002610                _ZN8SWPACKETC2Ev
                0x00002610                _ZN8SWPACKETC1Ev
 .text._ZN8SWPACKET12smartEncryptEb
                0x00002612       0xe6 C:\Users\Helge\source\repos\PERFOR~1\PA1137~1\SWAPKA~1\ARDUIN~1\RELEAS~1\libArduinoCore.a(swpacket.o)
                0x00002612                _ZN8SWPACKET12smartEncryptEb
 .text._ZN8SWPACKETC2EP8CCPACKET
                0x000026f8      0x114 C:\Users\Helge\source\repos\PERFOR~1\PA1137~1\SWAPKA~1\ARDUIN~1\RELEAS~1\libArduinoCore.a(swpacket.o)
                0x000026f8                _ZN8SWPACKETC1EP8CCPACKET
                0x000026f8                _ZN8SWPACKETC2EP8CCPACKET
 .text._ZN8SWPACKET4sendEv
                0x0000280c      0x18c C:\Users\Helge\source\repos\PERFOR~1\PA1137~1\SWAPKA~1\ARDUIN~1\RELEAS~1\libArduinoCore.a(swpacket.o)
                0x0000280c                _ZN8SWPACKET4sendEv
 .text._ZN8SWSTATUSC2EhPhh7SWDTYPE
                0x00002998       0x80 C:\Users\Helge\source\repos\PERFOR~1\PA1137~1\SWAPKA~1\ARDUIN~1\RELEAS~1\libArduinoCore.a(swstatus.o)
                0x00002998                _ZN8SWSTATUSC1EhPhh7SWDTYPE
                0x00002998                _ZN8SWSTATUSC2EhPhh7SWDTYPE
 .text._ZN5Print17availableForWriteEv
                0x00002a18        0x6 C:\Users\Helge\source\repos\PERFOR~1\PA1137~1\SWAPKA~1\ARDUIN~1\RELEAS~1\libArduinoCore.a(Wire.o)
                0x00002a18                _ZN5Print17availableForWriteEv
 .text._ZN7TwoWire9availableEv
                0x00002a1e       0x10 C:\Users\Helge\source\repos\PERFOR~1\PA1137~1\SWAPKA~1\ARDUIN~1\RELEAS~1\libArduinoCore.a(Wire.o)
                0x00002a1e                _ZN7TwoWire9availableEv
 .text._ZN7TwoWire4readEv
                0x00002a2e       0x28 C:\Users\Helge\source\repos\PERFOR~1\PA1137~1\SWAPKA~1\ARDUIN~1\RELEAS~1\libArduinoCore.a(Wire.o)
                0x00002a2e                _ZN7TwoWire4readEv
 .text._ZN7TwoWire4peekEv
                0x00002a56       0x1e C:\Users\Helge\source\repos\PERFOR~1\PA1137~1\SWAPKA~1\ARDUIN~1\RELEAS~1\libArduinoCore.a(Wire.o)
                0x00002a56                _ZN7TwoWire4peekEv
 .text._ZN7TwoWire5flushEv
                0x00002a74        0x2 C:\Users\Helge\source\repos\PERFOR~1\PA1137~1\SWAPKA~1\ARDUIN~1\RELEAS~1\libArduinoCore.a(Wire.o)
                0x00002a74                _ZN7TwoWire5flushEv
 .text._ZN7TwoWire5writeEPKhj
                0x00002a76       0x5a C:\Users\Helge\source\repos\PERFOR~1\PA1137~1\SWAPKA~1\ARDUIN~1\RELEAS~1\libArduinoCore.a(Wire.o)
                0x00002a76                _ZN7TwoWire5writeEPKhj
 .text._ZN7TwoWire5writeEh
                0x00002ad0       0x5e C:\Users\Helge\source\repos\PERFOR~1\PA1137~1\SWAPKA~1\ARDUIN~1\RELEAS~1\libArduinoCore.a(Wire.o)
                0x00002ad0                _ZN7TwoWire5writeEh
 .text._ZN7TwoWireC2Ev
                0x00002b2e       0x20 C:\Users\Helge\source\repos\PERFOR~1\PA1137~1\SWAPKA~1\ARDUIN~1\RELEAS~1\libArduinoCore.a(Wire.o)
                0x00002b2e                _ZN7TwoWireC1Ev
                0x00002b2e                _ZN7TwoWireC2Ev
 .text._ZN7TwoWire5beginEv
                0x00002b4e       0x14 C:\Users\Helge\source\repos\PERFOR~1\PA1137~1\SWAPKA~1\ARDUIN~1\RELEAS~1\libArduinoCore.a(Wire.o)
                0x00002b4e                _ZN7TwoWire5beginEv
 .text._ZN7TwoWire11requestFromEhhh
                0x00002b62       0x1a C:\Users\Helge\source\repos\PERFOR~1\PA1137~1\SWAPKA~1\ARDUIN~1\RELEAS~1\libArduinoCore.a(Wire.o)
                0x00002b62                _ZN7TwoWire11requestFromEhhh
 .text._ZN7TwoWire11requestFromEii
                0x00002b7c        0x6 C:\Users\Helge\source\repos\PERFOR~1\PA1137~1\SWAPKA~1\ARDUIN~1\RELEAS~1\libArduinoCore.a(Wire.o)
                0x00002b7c                _ZN7TwoWire11requestFromEii
 .text._ZN7TwoWire17beginTransmissionEh
                0x00002b82       0x14 C:\Users\Helge\source\repos\PERFOR~1\PA1137~1\SWAPKA~1\ARDUIN~1\RELEAS~1\libArduinoCore.a(Wire.o)
                0x00002b82                _ZN7TwoWire17beginTransmissionEh
 .text._ZN7TwoWire17beginTransmissionEi
                0x00002b96        0x4 C:\Users\Helge\source\repos\PERFOR~1\PA1137~1\SWAPKA~1\ARDUIN~1\RELEAS~1\libArduinoCore.a(Wire.o)
                0x00002b96                _ZN7TwoWire17beginTransmissionEi
 .text._ZN7TwoWire15endTransmissionEh
                0x00002b9a       0x26 C:\Users\Helge\source\repos\PERFOR~1\PA1137~1\SWAPKA~1\ARDUIN~1\RELEAS~1\libArduinoCore.a(Wire.o)
                0x00002b9a                _ZN7TwoWire15endTransmissionEh
 .text._ZN7TwoWire15endTransmissionEv
                0x00002bc0        0x6 C:\Users\Helge\source\repos\PERFOR~1\PA1137~1\SWAPKA~1\ARDUIN~1\RELEAS~1\libArduinoCore.a(Wire.o)
                0x00002bc0                _ZN7TwoWire15endTransmissionEv
 .text.startup._GLOBAL__sub_I__ZN7TwoWire8rxBufferE
                0x00002bc6        0x8 C:\Users\Helge\source\repos\PERFOR~1\PA1137~1\SWAPKA~1\ARDUIN~1\RELEAS~1\libArduinoCore.a(Wire.o)
 .text.__empty  0x00002bce        0x2 C:\Users\Helge\source\repos\PERFOR~1\PA1137~1\SWAPKA~1\ARDUIN~1\RELEAS~1\libArduinoCore.a(hooks.o)
                0x00002bce                yield
 .text.nothing  0x00002bd0        0x2 C:\Users\Helge\source\repos\PERFOR~1\PA1137~1\SWAPKA~1\ARDUIN~1\RELEAS~1\libArduinoCore.a(WInterrupts.o)
 .text.attachInterrupt
                0x00002bd2       0x40 C:\Users\Helge\source\repos\PERFOR~1\PA1137~1\SWAPKA~1\ARDUIN~1\RELEAS~1\libArduinoCore.a(WInterrupts.o)
                0x00002bd2                attachInterrupt
 .text.detachInterrupt
                0x00002c12       0x24 C:\Users\Helge\source\repos\PERFOR~1\PA1137~1\SWAPKA~1\ARDUIN~1\RELEAS~1\libArduinoCore.a(WInterrupts.o)
                0x00002c12                detachInterrupt
 .text.__vector_1
                0x00002c36       0x4e C:\Users\Helge\source\repos\PERFOR~1\PA1137~1\SWAPKA~1\ARDUIN~1\RELEAS~1\libArduinoCore.a(WInterrupts.o)
                0x00002c36                __vector_1
 .text.__vector_2
                0x00002c84       0x4e C:\Users\Helge\source\repos\PERFOR~1\PA1137~1\SWAPKA~1\ARDUIN~1\RELEAS~1\libArduinoCore.a(WInterrupts.o)
                0x00002c84                __vector_2
 .text._ZN6AVRRTC6wakeUpEv
                0x00002cd2       0x20 C:\Users\Helge\source\repos\PERFOR~1\PA1137~1\SWAPKA~1\ARDUIN~1\RELEAS~1\libArduinoCore.a(avrrtc.o)
                0x00002cd2                _ZN6AVRRTC6wakeUpEv
 .text.__vector_6
                0x00002cf2       0x14 C:\Users\Helge\source\repos\PERFOR~1\PA1137~1\SWAPKA~1\ARDUIN~1\RELEAS~1\libArduinoCore.a(avrrtc.o)
                0x00002cf2                __vector_6
 .text._ZN6AVRRTC14setup_watchdogEh
                0x00002d06       0x2c C:\Users\Helge\source\repos\PERFOR~1\PA1137~1\SWAPKA~1\ARDUIN~1\RELEAS~1\libArduinoCore.a(avrrtc.o)
                0x00002d06                _ZN6AVRRTC14setup_watchdogEh
 .text.__vector_9
                0x00002d32       0x4a C:\Users\Helge\source\repos\PERFOR~1\PA1137~1\SWAPKA~1\ARDUIN~1\RELEAS~1\libArduinoCore.a(avrrtc.o)
                0x00002d32                __vector_9
 .text._ZN6AVRRTC9setup_rtcEh
                0x00002d7c       0x26 C:\Users\Helge\source\repos\PERFOR~1\PA1137~1\SWAPKA~1\ARDUIN~1\RELEAS~1\libArduinoCore.a(avrrtc.o)
                0x00002d7c                _ZN6AVRRTC9setup_rtcEh
 .text._ZN6AVRRTC7sleepWdEh
                0x00002da2       0x4a C:\Users\Helge\source\repos\PERFOR~1\PA1137~1\SWAPKA~1\ARDUIN~1\RELEAS~1\libArduinoCore.a(avrrtc.o)
                0x00002da2                _ZN6AVRRTC7sleepWdEh
 .text._ZN6AVRRTC8sleepRtcEh
                0x00002dec       0x4a C:\Users\Helge\source\repos\PERFOR~1\PA1137~1\SWAPKA~1\ARDUIN~1\RELEAS~1\libArduinoCore.a(avrrtc.o)
                0x00002dec                _ZN6AVRRTC8sleepRtcEh
 .text._ZN7STORAGE4readEPhhhh
                0x00002e36       0x5c C:\Users\Helge\source\repos\PERFOR~1\PA1137~1\SWAPKA~1\ARDUIN~1\RELEAS~1\libArduinoCore.a(storage.o)
                0x00002e36                _ZN7STORAGE4readEPhhhh
 .text._ZN7STORAGE5writeEPhhhh
                0x00002e92       0x5a C:\Users\Helge\source\repos\PERFOR~1\PA1137~1\SWAPKA~1\ARDUIN~1\RELEAS~1\libArduinoCore.a(storage.o)
                0x00002e92                _ZN7STORAGE5writeEPhhhh
 .text._ZN8REPEATER15saveTransactionEP8SWPACKET
                0x00002eec       0x96 C:\Users\Helge\source\repos\PERFOR~1\PA1137~1\SWAPKA~1\ARDUIN~1\RELEAS~1\libArduinoCore.a(repeater.o)
                0x00002eec                _ZN8REPEATER15saveTransactionEP8SWPACKET
 .text._ZN8REPEATER13packetHandlerEP8SWPACKET
                0x00002f82      0x15c C:\Users\Helge\source\repos\PERFOR~1\PA1137~1\SWAPKA~1\ARDUIN~1\RELEAS~1\libArduinoCore.a(repeater.o)
                0x00002f82                _ZN8REPEATER13packetHandlerEP8SWPACKET
 .text._Z8twi_initv
                0x000030de       0x3c C:\Users\Helge\source\repos\PERFOR~1\PA1137~1\SWAPKA~1\ARDUIN~1\RELEAS~1\libArduinoCore.a(twi.o)
                0x000030de                _Z8twi_initv
 .text._Z12twi_readFromhPhhh
                0x0000311a       0x86 C:\Users\Helge\source\repos\PERFOR~1\PA1137~1\SWAPKA~1\ARDUIN~1\RELEAS~1\libArduinoCore.a(twi.o)
                0x0000311a                _Z12twi_readFromhPhhh
 .text._Z11twi_writeTohPhhhh
                0x000031a0       0xa4 C:\Users\Helge\source\repos\PERFOR~1\PA1137~1\SWAPKA~1\ARDUIN~1\RELEAS~1\libArduinoCore.a(twi.o)
                0x000031a0                _Z11twi_writeTohPhhhh
 .text._Z12twi_transmitPKhh
                0x00003244       0x32 C:\Users\Helge\source\repos\PERFOR~1\PA1137~1\SWAPKA~1\ARDUIN~1\RELEAS~1\libArduinoCore.a(twi.o)
                0x00003244                _Z12twi_transmitPKhh
 .text._Z8twi_stopv
                0x00003276       0x14 C:\Users\Helge\source\repos\PERFOR~1\PA1137~1\SWAPKA~1\ARDUIN~1\RELEAS~1\libArduinoCore.a(twi.o)
                0x00003276                _Z8twi_stopv
 .text._Z14twi_releaseBusv
                0x0000328a        0xc C:\Users\Helge\source\repos\PERFOR~1\PA1137~1\SWAPKA~1\ARDUIN~1\RELEAS~1\libArduinoCore.a(twi.o)
                0x0000328a                _Z14twi_releaseBusv
 .text.__vector_24
                0x00003296      0x25a C:\Users\Helge\source\repos\PERFOR~1\PA1137~1\SWAPKA~1\ARDUIN~1\RELEAS~1\libArduinoCore.a(twi.o)
                0x00003296                __vector_24
 .text.libgcc.mul
                0x000034f0       0x20 c:/program files (x86)/atmel/studio/7.0/toolchain/avr8/avr8-gnu-toolchain/bin/../lib/gcc/avr/5.4.0/avr5\libgcc.a(_mulsi3.o)
                0x000034f0                __mulsi3
 .text.libgcc.div
                0x00003510       0x28 c:/program files (x86)/atmel/studio/7.0/toolchain/avr8/avr8-gnu-toolchain/bin/../lib/gcc/avr/5.4.0/avr5\libgcc.a(_udivmodhi4.o)
                0x00003510                __udivmodhi4
 .text.libgcc.div
                0x00003538       0x28 c:/program files (x86)/atmel/studio/7.0/toolchain/avr8/avr8-gnu-toolchain/bin/../lib/gcc/avr/5.4.0/avr5\libgcc.a(_divmodhi4.o)
                0x00003538                _div
                0x00003538                __divmodhi4
 .text.libgcc.div
                0x00003560       0x44 c:/program files (x86)/atmel/studio/7.0/toolchain/avr8/avr8-gnu-toolchain/bin/../lib/gcc/avr/5.4.0/avr5\libgcc.a(_udivmodsi4.o)
                0x00003560                __udivmodsi4
 .text.libgcc.div
                0x000035a4       0x2e c:/program files (x86)/atmel/studio/7.0/toolchain/avr8/avr8-gnu-toolchain/bin/../lib/gcc/avr/5.4.0/avr5\libgcc.a(_divmodsi4.o)
                0x000035a4                __divmodsi4
 .text.libgcc.div
                0x000035d2       0x10 c:/program files (x86)/atmel/studio/7.0/toolchain/avr8/avr8-gnu-toolchain/bin/../lib/gcc/avr/5.4.0/avr5\libgcc.a(_negsi2.o)
                0x000035d2                __negsi2
 .text.libgcc.mul
                0x000035e2       0x16 c:/program files (x86)/atmel/studio/7.0/toolchain/avr8/avr8-gnu-toolchain/bin/../lib/gcc/avr/5.4.0/avr5\libgcc.a(_muluhisi3.o)
                0x000035e2                __muluhisi3
 .text.libgcc   0x000035f8        0xc c:/program files (x86)/atmel/studio/7.0/toolchain/avr8/avr8-gnu-toolchain/bin/../lib/gcc/avr/5.4.0/avr5\libgcc.a(_tablejump2.o)
                0x000035f8                __tablejump2__
 .text.libgcc.mul
                0x00003604       0x1e c:/program files (x86)/atmel/studio/7.0/toolchain/avr8/avr8-gnu-toolchain/bin/../lib/gcc/avr/5.4.0/avr5\libgcc.a(_umulhisi3.o)
                0x00003604                __umulhisi3
 .text.avr-libc
                0x00003622       0x10 C:/Program Files (x86)/Atmel/Studio/7.0/Packs/atmel/ATmega_DFP/1.6.364/gcc/dev/atmega328p/avr5\libatmega328p.a(eerd_byte.o)
                0x00003622                eeprom_read_byte
 .text.avr-libc
                0x00003632       0x1c C:/Program Files (x86)/Atmel/Studio/7.0/Packs/atmel/ATmega_DFP/1.6.364/gcc/dev/atmega328p/avr5\libatmega328p.a(eewr_byte.o)
                0x00003632                eeprom_write_byte
                0x00003634                eeprom_write_r18
                0x0000364e                . = ALIGN (0x2)
 *(.fini9)
 .fini9         0x0000364e        0x0 c:/program files (x86)/atmel/studio/7.0/toolchain/avr8/avr8-gnu-toolchain/bin/../lib/gcc/avr/5.4.0/avr5\libgcc.a(_exit.o)
                0x0000364e                _exit
                0x0000364e                exit
 *(.fini9)
 *(.fini8)
 *(.fini8)
 *(.fini7)
 *(.fini7)
 *(.fini6)
 *(.fini6)
 *(.fini5)
 *(.fini5)
 *(.fini4)
 *(.fini4)
 *(.fini3)
 *(.fini3)
 *(.fini2)
 *(.fini2)
 *(.fini1)
 *(.fini1)
 *(.fini0)
 .fini0         0x0000364e        0x4 c:/program files (x86)/atmel/studio/7.0/toolchain/avr8/avr8-gnu-toolchain/bin/../lib/gcc/avr/5.4.0/avr5\libgcc.a(_exit.o)
 *(.fini0)
                0x00003652                _etext = .

.data           0x00800100       0x68 load address 0x00003652
                0x00800100                PROVIDE (__data_start, .)
 *(.data)
 *(.data*)
 .data.msgcnt   0x00800100        0x4 klappe.o
                0x00800100                msgcnt
 .data.sleepIntervall
                0x00800104        0x2 klappe.o
                0x00800104                sleepIntervall
 .data.led1     0x00800106        0x1 klappe.o
                0x00800106                led1
 .data.regTableSize
                0x00800107        0x1 regtable.o
                0x00800107                regTableSize
 .data.regTable
                0x00800108       0x38 regtable.o
                0x00800108                regTable
 .data._ZL11dtFwVersion
                0x00800140        0x4 regtable.o
 .data._ZL11dtHwVersion
                0x00800144        0x4 regtable.o
 .data._ZL13dtProductCode
                0x00800148        0x8 regtable.o
 .data.analog_reference
                0x00800150        0x1 C:\Users\Helge\source\repos\PERFOR~1\PA1137~1\SWAPKA~1\ARDUIN~1\RELEAS~1\libArduinoCore.a(wiring_analog.o)
                0x00800150                analog_reference
 .data.intFunc  0x00800151        0x4 C:\Users\Helge\source\repos\PERFOR~1\PA1137~1\SWAPKA~1\ARDUIN~1\RELEAS~1\libArduinoCore.a(WInterrupts.o)
 *(.gnu.linkonce.d*)
 *(.rodata)
 *(.rodata*)
 .rodata._ZTV7TwoWire
                0x00800155       0x12 C:\Users\Helge\source\repos\PERFOR~1\PA1137~1\SWAPKA~1\ARDUIN~1\RELEAS~1\libArduinoCore.a(Wire.o)
                0x00800155                _ZTV7TwoWire
 *(.gnu.linkonce.r*)
                0x00800168                . = ALIGN (0x2)
 *fill*         0x00800167        0x1 
                0x00800168                _edata = .
                0x00800168                PROVIDE (__data_end, .)

.bss            0x00800168      0x31f
                0x00800168                PROVIDE (__bss_start, .)
 *(.bss)
 *(.bss*)
 .bss.ams5600   0x00800168       0x30 klappe.o
                0x00800168                ams5600
 .bss.stateCode
                0x00800198        0x1 klappe.o
                0x00800198                stateCode
 .bss.res       0x00800199        0x1 klappe.o
                0x00800199                res
 .bss.oldAngleValue
                0x0080019a        0x2 klappe.o
                0x0080019a                oldAngleValue
 .bss.as5600_MagnetStrengthValue
                0x0080019c        0x1 klappe.o
                0x0080019c                as5600_MagnetStrengthValue
 .bss.as5600_AngleValueDegActual
                0x0080019d        0x2 klappe.o
                0x0080019d                as5600_AngleValueDegActual
 .bss.rst       0x0080019f        0x1 klappe.o
                0x0080019f                rst
 .bss.led0      0x008001a0        0x1 klappe.o
                0x008001a0                led0
 .bss.regStateCode
                0x008001a1        0xd regtable.o
                0x008001a1                regStateCode
 .bss.regSleepIntervall_ms
                0x008001ae        0xd regtable.o
                0x008001ae                regSleepIntervall_ms
 .bss.regAS5600_AGC
                0x008001bb        0xd regtable.o
                0x008001bb                regAS5600_AGC
 .bss._ZL10as5600_AGC
                0x008001c8        0x1 regtable.o
 .bss.regAS5600_i2cAddress
                0x008001c9        0xd regtable.o
                0x008001c9                regAS5600_i2cAddress
 .bss._ZL17as5600_i2cAddress
                0x008001d6        0x1 regtable.o
 .bss.regAS5600_EndPosition
                0x008001d7        0xd regtable.o
                0x008001d7                regAS5600_EndPosition
 .bss._ZL18as5600_EndPosition
                0x008001e4        0x2 regtable.o
 .bss.regAS5600_StartPosition
                0x008001e6        0xd regtable.o
                0x008001e6                regAS5600_StartPosition
 .bss._ZL20as5600_StartPosition
                0x008001f3        0x2 regtable.o
 .bss.regAS5600_MaxAngle
                0x008001f5        0xd regtable.o
                0x008001f5                regAS5600_MaxAngle
 .bss._ZL15as5600_MaxAngle
                0x00800202        0x2 regtable.o
 .bss.regAS5600_ScaledAngle
                0x00800204        0xd regtable.o
                0x00800204                regAS5600_ScaledAngle
 .bss._ZL18as5600_ScaledAngle
                0x00800211        0x2 regtable.o
 .bss.regAS5600_MagnetStrengthValue
                0x00800213        0xd regtable.o
                0x00800213                regAS5600_MagnetStrengthValue
 .bss.regAS5600_MagnitudeValue
                0x00800220        0xd regtable.o
                0x00800220                regAS5600_MagnitudeValue
 .bss._ZL21as5600_MagnitudeValue
                0x0080022d        0x1 regtable.o
 .bss.regAS5600_AngleValueDeg
                0x0080022e        0xd regtable.o
                0x0080022e                regAS5600_AngleValueDeg
 .bss._ZL20as5600_AngleValueDeg
                0x0080023b        0x2 regtable.o
 .bss.regAS5600_AngleValueRaw
                0x0080023d        0xd regtable.o
                0x0080023d                regAS5600_AngleValueRaw
 .bss._ZL20as5600_AngleValueRaw
                0x0080024a        0x2 regtable.o
 .bss.regReset  0x0080024c        0xd regtable.o
                0x0080024c                regReset
 .bss.regLed1   0x00800259        0xd regtable.o
                0x00800259                regLed1
 .bss.regLed0   0x00800266        0xd regtable.o
                0x00800266                regLed0
 .bss.regBattVoltSupply
                0x00800273        0xd regtable.o
                0x00800273                regBattVoltSupply
 .bss._ZL16dtBattVoltSupply
                0x00800280        0x2 regtable.o
 .bss.regProcVoltSupply
                0x00800282        0xd regtable.o
                0x00800282                regProcVoltSupply
 .bss._ZL16dtProcVoltSupply
                0x0080028f        0x2 regtable.o
 .bss.regTxInterval
                0x00800291        0xd regtable.o
                0x00800291                regTxInterval
 .bss.regDevAddress
                0x0080029e        0xd regtable.o
                0x0080029e                regDevAddress
 .bss.regNetworkId
                0x008002ab        0xd regtable.o
                0x008002ab                regNetworkId
 .bss.regSecuNonce
                0x008002b8        0xd regtable.o
                0x008002b8                regSecuNonce
 .bss.regPassword
                0x008002c5        0xd regtable.o
                0x008002c5                regPassword
 .bss._ZL10dtPassword
                0x008002d2        0x1 regtable.o
 .bss.regSecuOption
                0x008002d3        0xd regtable.o
                0x008002d3                regSecuOption
 .bss.regFreqChannel
                0x008002e0        0xd regtable.o
                0x008002e0                regFreqChannel
 .bss.regSysState
                0x008002ed        0xd regtable.o
                0x008002ed                regSysState
 .bss.regFwVersion
                0x008002fa        0xd regtable.o
                0x008002fa                regFwVersion
 .bss.regHwVersion
                0x00800307        0xd regtable.o
                0x00800307                regHwVersion
 .bss.regProductCode
                0x00800314        0xd regtable.o
                0x00800314                regProductCode
 .bss.timer0_fract
                0x00800321        0x1 C:\Users\Helge\source\repos\PERFOR~1\PA1137~1\SWAPKA~1\ARDUIN~1\RELEAS~1\libArduinoCore.a(wiring.o)
 .bss.timer0_millis
                0x00800322        0x4 C:\Users\Helge\source\repos\PERFOR~1\PA1137~1\SWAPKA~1\ARDUIN~1\RELEAS~1\libArduinoCore.a(wiring.o)
                0x00800322                timer0_millis
 .bss.timer0_overflow_count
                0x00800326        0x4 C:\Users\Helge\source\repos\PERFOR~1\PA1137~1\SWAPKA~1\ARDUIN~1\RELEAS~1\libArduinoCore.a(wiring.o)
                0x00800326                timer0_overflow_count
 .bss._ZZ8radioISRvE8ccPacket
                0x0080032a       0x41 C:\Users\Helge\source\repos\PERFOR~1\PA1137~1\SWAPKA~1\ARDUIN~1\RELEAS~1\libArduinoCore.a(panstamp.o)
 .bss.panstamp  0x0080036b        0xd C:\Users\Helge\source\repos\PERFOR~1\PA1137~1\SWAPKA~1\ARDUIN~1\RELEAS~1\libArduinoCore.a(panstamp.o)
                0x0080036b                panstamp
 .bss.regIndex  0x00800378        0x1 C:\Users\Helge\source\repos\PERFOR~1\PA1137~1\SWAPKA~1\ARDUIN~1\RELEAS~1\libArduinoCore.a(register.o)
                0x00800378                regIndex
 .bss.swap      0x00800379        0xc C:\Users\Helge\source\repos\PERFOR~1\PA1137~1\SWAPKA~1\ARDUIN~1\RELEAS~1\libArduinoCore.a(swap.o)
                0x00800379                swap
 .bss._ZZN8SWPACKET12smartEncryptEbE7newData
                0x00800385       0x3d C:\Users\Helge\source\repos\PERFOR~1\PA1137~1\SWAPKA~1\ARDUIN~1\RELEAS~1\libArduinoCore.a(swpacket.o)
 .bss.Wire      0x008003c2        0xc C:\Users\Helge\source\repos\PERFOR~1\PA1137~1\SWAPKA~1\ARDUIN~1\RELEAS~1\libArduinoCore.a(Wire.o)
                0x008003c2                Wire
 .bss._ZN7TwoWire12transmittingE
                0x008003ce        0x1 C:\Users\Helge\source\repos\PERFOR~1\PA1137~1\SWAPKA~1\ARDUIN~1\RELEAS~1\libArduinoCore.a(Wire.o)
                0x008003ce                _ZN7TwoWire12transmittingE
 .bss._ZN7TwoWire14txBufferLengthE
                0x008003cf        0x1 C:\Users\Helge\source\repos\PERFOR~1\PA1137~1\SWAPKA~1\ARDUIN~1\RELEAS~1\libArduinoCore.a(Wire.o)
                0x008003cf                _ZN7TwoWire14txBufferLengthE
 .bss._ZN7TwoWire13txBufferIndexE
                0x008003d0        0x1 C:\Users\Helge\source\repos\PERFOR~1\PA1137~1\SWAPKA~1\ARDUIN~1\RELEAS~1\libArduinoCore.a(Wire.o)
                0x008003d0                _ZN7TwoWire13txBufferIndexE
 .bss._ZN7TwoWire8txBufferE
                0x008003d1       0x20 C:\Users\Helge\source\repos\PERFOR~1\PA1137~1\SWAPKA~1\ARDUIN~1\RELEAS~1\libArduinoCore.a(Wire.o)
                0x008003d1                _ZN7TwoWire8txBufferE
 .bss._ZN7TwoWire9txAddressE
                0x008003f1        0x1 C:\Users\Helge\source\repos\PERFOR~1\PA1137~1\SWAPKA~1\ARDUIN~1\RELEAS~1\libArduinoCore.a(Wire.o)
                0x008003f1                _ZN7TwoWire9txAddressE
 .bss._ZN7TwoWire14rxBufferLengthE
                0x008003f2        0x1 C:\Users\Helge\source\repos\PERFOR~1\PA1137~1\SWAPKA~1\ARDUIN~1\RELEAS~1\libArduinoCore.a(Wire.o)
                0x008003f2                _ZN7TwoWire14rxBufferLengthE
 .bss._ZN7TwoWire13rxBufferIndexE
                0x008003f3        0x1 C:\Users\Helge\source\repos\PERFOR~1\PA1137~1\SWAPKA~1\ARDUIN~1\RELEAS~1\libArduinoCore.a(Wire.o)
                0x008003f3                _ZN7TwoWire13rxBufferIndexE
 .bss._ZN7TwoWire8rxBufferE
                0x008003f4       0x20 C:\Users\Helge\source\repos\PERFOR~1\PA1137~1\SWAPKA~1\ARDUIN~1\RELEAS~1\libArduinoCore.a(Wire.o)
                0x008003f4                _ZN7TwoWire8rxBufferE
 .bss._ZN6AVRRTC5countE
                0x00800414        0x4 C:\Users\Helge\source\repos\PERFOR~1\PA1137~1\SWAPKA~1\ARDUIN~1\RELEAS~1\libArduinoCore.a(avrrtc.o)
                0x00800414                _ZN6AVRRTC5countE
 .bss._ZZN8REPEATER15saveTransactionEP8SWPACKETE16transactionIndex
                0x00800418        0x1 C:\Users\Helge\source\repos\PERFOR~1\PA1137~1\SWAPKA~1\ARDUIN~1\RELEAS~1\libArduinoCore.a(repeater.o)
 .bss._ZL9twi_error
                0x00800419        0x1 C:\Users\Helge\source\repos\PERFOR~1\PA1137~1\SWAPKA~1\ARDUIN~1\RELEAS~1\libArduinoCore.a(twi.o)
 .bss._ZL17twi_rxBufferIndex
                0x0080041a        0x1 C:\Users\Helge\source\repos\PERFOR~1\PA1137~1\SWAPKA~1\ARDUIN~1\RELEAS~1\libArduinoCore.a(twi.o)
 .bss._ZL12twi_rxBuffer
                0x0080041b       0x20 C:\Users\Helge\source\repos\PERFOR~1\PA1137~1\SWAPKA~1\ARDUIN~1\RELEAS~1\libArduinoCore.a(twi.o)
 .bss._ZL18twi_txBufferLength
                0x0080043b        0x1 C:\Users\Helge\source\repos\PERFOR~1\PA1137~1\SWAPKA~1\ARDUIN~1\RELEAS~1\libArduinoCore.a(twi.o)
 .bss._ZL17twi_txBufferIndex
                0x0080043c        0x1 C:\Users\Helge\source\repos\PERFOR~1\PA1137~1\SWAPKA~1\ARDUIN~1\RELEAS~1\libArduinoCore.a(twi.o)
 .bss._ZL12twi_txBuffer
                0x0080043d       0x20 C:\Users\Helge\source\repos\PERFOR~1\PA1137~1\SWAPKA~1\ARDUIN~1\RELEAS~1\libArduinoCore.a(twi.o)
 .bss._ZL22twi_masterBufferLength
                0x0080045d        0x1 C:\Users\Helge\source\repos\PERFOR~1\PA1137~1\SWAPKA~1\ARDUIN~1\RELEAS~1\libArduinoCore.a(twi.o)
 .bss._ZL21twi_masterBufferIndex
                0x0080045e        0x1 C:\Users\Helge\source\repos\PERFOR~1\PA1137~1\SWAPKA~1\ARDUIN~1\RELEAS~1\libArduinoCore.a(twi.o)
 .bss._ZL16twi_masterBuffer
                0x0080045f       0x20 C:\Users\Helge\source\repos\PERFOR~1\PA1137~1\SWAPKA~1\ARDUIN~1\RELEAS~1\libArduinoCore.a(twi.o)
 .bss._ZL18twi_onSlaveReceive
                0x0080047f        0x2 C:\Users\Helge\source\repos\PERFOR~1\PA1137~1\SWAPKA~1\ARDUIN~1\RELEAS~1\libArduinoCore.a(twi.o)
 .bss._ZL19twi_onSlaveTransmit
                0x00800481        0x2 C:\Users\Helge\source\repos\PERFOR~1\PA1137~1\SWAPKA~1\ARDUIN~1\RELEAS~1\libArduinoCore.a(twi.o)
 .bss._ZL14twi_inRepStart
                0x00800483        0x1 C:\Users\Helge\source\repos\PERFOR~1\PA1137~1\SWAPKA~1\ARDUIN~1\RELEAS~1\libArduinoCore.a(twi.o)
 .bss._ZL12twi_sendStop
                0x00800484        0x1 C:\Users\Helge\source\repos\PERFOR~1\PA1137~1\SWAPKA~1\ARDUIN~1\RELEAS~1\libArduinoCore.a(twi.o)
 .bss._ZL9twi_slarw
                0x00800485        0x1 C:\Users\Helge\source\repos\PERFOR~1\PA1137~1\SWAPKA~1\ARDUIN~1\RELEAS~1\libArduinoCore.a(twi.o)
 .bss._ZL9twi_state
                0x00800486        0x1 C:\Users\Helge\source\repos\PERFOR~1\PA1137~1\SWAPKA~1\ARDUIN~1\RELEAS~1\libArduinoCore.a(twi.o)
 *(COMMON)
                0x00800487                PROVIDE (__bss_end, .)
                0x00003652                __data_load_start = LOADADDR (.data)
                0x000036ba                __data_load_end = (__data_load_start + SIZEOF (.data))

.noinit         0x00800487        0x0
                [!provide]                PROVIDE (__noinit_start, .)
 *(.noinit*)
                [!provide]                PROVIDE (__noinit_end, .)
                0x00800487                _end = .
                [!provide]                PROVIDE (__heap_start, .)

.eeprom         0x00810000        0x0
 *(.eeprom*)
                0x00810000                __eeprom_end = .

.fuse
 *(.fuse)
 *(.lfuse)
 *(.hfuse)
 *(.efuse)

.lock
 *(.lock*)

.signature
 *(.signature*)

.user_signatures
 *(.user_signatures*)

.stab
 *(.stab)

.stabstr
 *(.stabstr)

.stab.excl
 *(.stab.excl)

.stab.exclstr
 *(.stab.exclstr)

.stab.index
 *(.stab.index)

.stab.indexstr
 *(.stab.indexstr)

.comment        0x00000000       0x30
 *(.comment)
 .comment       0x00000000       0x30 klappe.o
                                 0x31 (size before relaxing)
 .comment       0x00000030       0x31 regtable.o
 .comment       0x00000030       0x31 C:\Users\Helge\source\repos\PERFOR~1\PA1137~1\SWAPKA~1\ARDUIN~1\RELEAS~1\libArduinoCore.a(main.o)
 .comment       0x00000030       0x31 C:\Users\Helge\source\repos\PERFOR~1\PA1137~1\SWAPKA~1\ARDUIN~1\RELEAS~1\libArduinoCore.a(wiring.o)
 .comment       0x00000030       0x31 C:\Users\Helge\source\repos\PERFOR~1\PA1137~1\SWAPKA~1\ARDUIN~1\RELEAS~1\libArduinoCore.a(wiring_analog.o)
 .comment       0x00000030       0x31 C:\Users\Helge\source\repos\PERFOR~1\PA1137~1\SWAPKA~1\ARDUIN~1\RELEAS~1\libArduinoCore.a(wiring_digital.o)
 .comment       0x00000030       0x31 C:\Users\Helge\source\repos\PERFOR~1\PA1137~1\SWAPKA~1\ARDUIN~1\RELEAS~1\libArduinoCore.a(AS5600.o)
 .comment       0x00000030       0x31 C:\Users\Helge\source\repos\PERFOR~1\PA1137~1\SWAPKA~1\ARDUIN~1\RELEAS~1\libArduinoCore.a(cc1101.o)
 .comment       0x00000030       0x31 C:\Users\Helge\source\repos\PERFOR~1\PA1137~1\SWAPKA~1\ARDUIN~1\RELEAS~1\libArduinoCore.a(panstamp.o)
 .comment       0x00000030       0x31 C:\Users\Helge\source\repos\PERFOR~1\PA1137~1\SWAPKA~1\ARDUIN~1\RELEAS~1\libArduinoCore.a(simplespi.o)
 .comment       0x00000030       0x31 C:\Users\Helge\source\repos\PERFOR~1\PA1137~1\SWAPKA~1\ARDUIN~1\RELEAS~1\libArduinoCore.a(register.o)
 .comment       0x00000030       0x31 C:\Users\Helge\source\repos\PERFOR~1\PA1137~1\SWAPKA~1\ARDUIN~1\RELEAS~1\libArduinoCore.a(swap.o)
 .comment       0x00000030       0x31 C:\Users\Helge\source\repos\PERFOR~1\PA1137~1\SWAPKA~1\ARDUIN~1\RELEAS~1\libArduinoCore.a(swpacket.o)
 .comment       0x00000030       0x31 C:\Users\Helge\source\repos\PERFOR~1\PA1137~1\SWAPKA~1\ARDUIN~1\RELEAS~1\libArduinoCore.a(swstatus.o)
 .comment       0x00000030       0x31 C:\Users\Helge\source\repos\PERFOR~1\PA1137~1\SWAPKA~1\ARDUIN~1\RELEAS~1\libArduinoCore.a(Wire.o)
 .comment       0x00000030       0x31 C:\Users\Helge\source\repos\PERFOR~1\PA1137~1\SWAPKA~1\ARDUIN~1\RELEAS~1\libArduinoCore.a(hooks.o)
 .comment       0x00000030       0x31 C:\Users\Helge\source\repos\PERFOR~1\PA1137~1\SWAPKA~1\ARDUIN~1\RELEAS~1\libArduinoCore.a(WInterrupts.o)
 .comment       0x00000030       0x31 C:\Users\Helge\source\repos\PERFOR~1\PA1137~1\SWAPKA~1\ARDUIN~1\RELEAS~1\libArduinoCore.a(avrrtc.o)
 .comment       0x00000030       0x31 C:\Users\Helge\source\repos\PERFOR~1\PA1137~1\SWAPKA~1\ARDUIN~1\RELEAS~1\libArduinoCore.a(storage.o)
 .comment       0x00000030       0x31 C:\Users\Helge\source\repos\PERFOR~1\PA1137~1\SWAPKA~1\ARDUIN~1\RELEAS~1\libArduinoCore.a(repeater.o)
 .comment       0x00000030       0x31 C:\Users\Helge\source\repos\PERFOR~1\PA1137~1\SWAPKA~1\ARDUIN~1\RELEAS~1\libArduinoCore.a(twi.o)

.note.gnu.avr.deviceinfo
                0x00000000       0x40
 .note.gnu.avr.deviceinfo
                0x00000000       0x40 C:/Program Files (x86)/Atmel/Studio/7.0/Packs/atmel/ATmega_DFP/1.6.364/gcc/dev/atmega328p/avr5/crtatmega328p.o

.note.gnu.build-id
 *(.note.gnu.build-id)

.debug
 *(.debug)

.line
 *(.line)

.debug_srcinfo
 *(.debug_srcinfo)

.debug_sfnames
 *(.debug_sfnames)

.debug_aranges  0x00000000      0x7e8
 *(.debug_aranges)
 .debug_aranges
                0x00000000       0x40 klappe.o
 .debug_aranges
                0x00000040       0xf0 regtable.o
 .debug_aranges
                0x00000130       0x30 C:\Users\Helge\source\repos\PERFOR~1\PA1137~1\SWAPKA~1\ARDUIN~1\RELEAS~1\libArduinoCore.a(main.o)
 .debug_aranges
                0x00000160       0x48 C:\Users\Helge\source\repos\PERFOR~1\PA1137~1\SWAPKA~1\ARDUIN~1\RELEAS~1\libArduinoCore.a(wiring.o)
 .debug_aranges
                0x000001a8       0x30 C:\Users\Helge\source\repos\PERFOR~1\PA1137~1\SWAPKA~1\ARDUIN~1\RELEAS~1\libArduinoCore.a(wiring_analog.o)
 .debug_aranges
                0x000001d8       0x38 C:\Users\Helge\source\repos\PERFOR~1\PA1137~1\SWAPKA~1\ARDUIN~1\RELEAS~1\libArduinoCore.a(wiring_digital.o)
 .debug_aranges
                0x00000210       0xd8 C:\Users\Helge\source\repos\PERFOR~1\PA1137~1\SWAPKA~1\ARDUIN~1\RELEAS~1\libArduinoCore.a(AS5600.o)
 .debug_aranges
                0x000002e8       0xb8 C:\Users\Helge\source\repos\PERFOR~1\PA1137~1\SWAPKA~1\ARDUIN~1\RELEAS~1\libArduinoCore.a(cc1101.o)
 .debug_aranges
                0x000003a0       0x78 C:\Users\Helge\source\repos\PERFOR~1\PA1137~1\SWAPKA~1\ARDUIN~1\RELEAS~1\libArduinoCore.a(panstamp.o)
 .debug_aranges
                0x00000418       0x28 C:\Users\Helge\source\repos\PERFOR~1\PA1137~1\SWAPKA~1\ARDUIN~1\RELEAS~1\libArduinoCore.a(simplespi.o)
 .debug_aranges
                0x00000440       0x40 C:\Users\Helge\source\repos\PERFOR~1\PA1137~1\SWAPKA~1\ARDUIN~1\RELEAS~1\libArduinoCore.a(register.o)
 .debug_aranges
                0x00000480       0x58 C:\Users\Helge\source\repos\PERFOR~1\PA1137~1\SWAPKA~1\ARDUIN~1\RELEAS~1\libArduinoCore.a(swap.o)
 .debug_aranges
                0x000004d8       0x38 C:\Users\Helge\source\repos\PERFOR~1\PA1137~1\SWAPKA~1\ARDUIN~1\RELEAS~1\libArduinoCore.a(swpacket.o)
 .debug_aranges
                0x00000510       0x20 C:\Users\Helge\source\repos\PERFOR~1\PA1137~1\SWAPKA~1\ARDUIN~1\RELEAS~1\libArduinoCore.a(swstatus.o)
 .debug_aranges
                0x00000530       0xe8 C:\Users\Helge\source\repos\PERFOR~1\PA1137~1\SWAPKA~1\ARDUIN~1\RELEAS~1\libArduinoCore.a(Wire.o)
 .debug_aranges
                0x00000618       0x20 C:\Users\Helge\source\repos\PERFOR~1\PA1137~1\SWAPKA~1\ARDUIN~1\RELEAS~1\libArduinoCore.a(hooks.o)
 .debug_aranges
                0x00000638       0x40 C:\Users\Helge\source\repos\PERFOR~1\PA1137~1\SWAPKA~1\ARDUIN~1\RELEAS~1\libArduinoCore.a(WInterrupts.o)
 .debug_aranges
                0x00000678       0x50 C:\Users\Helge\source\repos\PERFOR~1\PA1137~1\SWAPKA~1\ARDUIN~1\RELEAS~1\libArduinoCore.a(avrrtc.o)
 .debug_aranges
                0x000006c8       0x28 C:\Users\Helge\source\repos\PERFOR~1\PA1137~1\SWAPKA~1\ARDUIN~1\RELEAS~1\libArduinoCore.a(storage.o)
 .debug_aranges
                0x000006f0       0x48 C:\Users\Helge\source\repos\PERFOR~1\PA1137~1\SWAPKA~1\ARDUIN~1\RELEAS~1\libArduinoCore.a(repeater.o)
 .debug_aranges
                0x00000738       0x70 C:\Users\Helge\source\repos\PERFOR~1\PA1137~1\SWAPKA~1\ARDUIN~1\RELEAS~1\libArduinoCore.a(twi.o)
 .debug_aranges
                0x000007a8       0x20 C:/Program Files (x86)/Atmel/Studio/7.0/Packs/atmel/ATmega_DFP/1.6.364/gcc/dev/atmega328p/avr5\libatmega328p.a(eerd_byte.o)
 .debug_aranges
                0x000007c8       0x20 C:/Program Files (x86)/Atmel/Studio/7.0/Packs/atmel/ATmega_DFP/1.6.364/gcc/dev/atmega328p/avr5\libatmega328p.a(eewr_byte.o)

.debug_pubnames
 *(.debug_pubnames)

.debug_info     0x00000000    0x1277a
 *(.debug_info .gnu.linkonce.wi.*)
 .debug_info    0x00000000      0x5f4 C:/Program Files (x86)/Atmel/Studio/7.0/Packs/atmel/ATmega_DFP/1.6.364/gcc/dev/atmega328p/avr5/crtatmega328p.o
 .debug_info    0x000005f4     0x1d8e klappe.o
 .debug_info    0x00002382     0x2f28 regtable.o
 .debug_info    0x000052aa      0x237 C:\Users\Helge\source\repos\PERFOR~1\PA1137~1\SWAPKA~1\ARDUIN~1\RELEAS~1\libArduinoCore.a(main.o)
 .debug_info    0x000054e1      0x2cb C:\Users\Helge\source\repos\PERFOR~1\PA1137~1\SWAPKA~1\ARDUIN~1\RELEAS~1\libArduinoCore.a(wiring.o)
 .debug_info    0x000057ac      0x26d C:\Users\Helge\source\repos\PERFOR~1\PA1137~1\SWAPKA~1\ARDUIN~1\RELEAS~1\libArduinoCore.a(wiring_analog.o)
 .debug_info    0x00005a19      0x5fe C:\Users\Helge\source\repos\PERFOR~1\PA1137~1\SWAPKA~1\ARDUIN~1\RELEAS~1\libArduinoCore.a(wiring_digital.o)
 .debug_info    0x00006017     0x1301 C:\Users\Helge\source\repos\PERFOR~1\PA1137~1\SWAPKA~1\ARDUIN~1\RELEAS~1\libArduinoCore.a(AS5600.o)
 .debug_info    0x00007318     0x1961 C:\Users\Helge\source\repos\PERFOR~1\PA1137~1\SWAPKA~1\ARDUIN~1\RELEAS~1\libArduinoCore.a(cc1101.o)
 .debug_info    0x00008c79     0x1102 C:\Users\Helge\source\repos\PERFOR~1\PA1137~1\SWAPKA~1\ARDUIN~1\RELEAS~1\libArduinoCore.a(panstamp.o)
 .debug_info    0x00009d7b      0x2e4 C:\Users\Helge\source\repos\PERFOR~1\PA1137~1\SWAPKA~1\ARDUIN~1\RELEAS~1\libArduinoCore.a(simplespi.o)
 .debug_info    0x0000a05f      0x7e1 C:\Users\Helge\source\repos\PERFOR~1\PA1137~1\SWAPKA~1\ARDUIN~1\RELEAS~1\libArduinoCore.a(register.o)
 .debug_info    0x0000a840     0x18cf C:\Users\Helge\source\repos\PERFOR~1\PA1137~1\SWAPKA~1\ARDUIN~1\RELEAS~1\libArduinoCore.a(swap.o)
 .debug_info    0x0000c10f     0x12f3 C:\Users\Helge\source\repos\PERFOR~1\PA1137~1\SWAPKA~1\ARDUIN~1\RELEAS~1\libArduinoCore.a(swpacket.o)
 .debug_info    0x0000d402      0x9b0 C:\Users\Helge\source\repos\PERFOR~1\PA1137~1\SWAPKA~1\ARDUIN~1\RELEAS~1\libArduinoCore.a(swstatus.o)
 .debug_info    0x0000ddb2     0x260c C:\Users\Helge\source\repos\PERFOR~1\PA1137~1\SWAPKA~1\ARDUIN~1\RELEAS~1\libArduinoCore.a(Wire.o)
 .debug_info    0x000103be       0x3e C:\Users\Helge\source\repos\PERFOR~1\PA1137~1\SWAPKA~1\ARDUIN~1\RELEAS~1\libArduinoCore.a(hooks.o)
 .debug_info    0x000103fc      0x21c C:\Users\Helge\source\repos\PERFOR~1\PA1137~1\SWAPKA~1\ARDUIN~1\RELEAS~1\libArduinoCore.a(WInterrupts.o)
 .debug_info    0x00010618      0x43e C:\Users\Helge\source\repos\PERFOR~1\PA1137~1\SWAPKA~1\ARDUIN~1\RELEAS~1\libArduinoCore.a(avrrtc.o)
 .debug_info    0x00010a56      0x322 C:\Users\Helge\source\repos\PERFOR~1\PA1137~1\SWAPKA~1\ARDUIN~1\RELEAS~1\libArduinoCore.a(storage.o)
 .debug_info    0x00010d78     0x12df C:\Users\Helge\source\repos\PERFOR~1\PA1137~1\SWAPKA~1\ARDUIN~1\RELEAS~1\libArduinoCore.a(repeater.o)
 .debug_info    0x00012057      0x5ef C:\Users\Helge\source\repos\PERFOR~1\PA1137~1\SWAPKA~1\ARDUIN~1\RELEAS~1\libArduinoCore.a(twi.o)
 .debug_info    0x00012646       0x9a C:/Program Files (x86)/Atmel/Studio/7.0/Packs/atmel/ATmega_DFP/1.6.364/gcc/dev/atmega328p/avr5\libatmega328p.a(eerd_byte.o)
 .debug_info    0x000126e0       0x9a C:/Program Files (x86)/Atmel/Studio/7.0/Packs/atmel/ATmega_DFP/1.6.364/gcc/dev/atmega328p/avr5\libatmega328p.a(eewr_byte.o)

.debug_abbrev   0x00000000     0x3d07
 *(.debug_abbrev)
 .debug_abbrev  0x00000000      0x5a2 C:/Program Files (x86)/Atmel/Studio/7.0/Packs/atmel/ATmega_DFP/1.6.364/gcc/dev/atmega328p/avr5/crtatmega328p.o
 .debug_abbrev  0x000005a2      0x41a klappe.o
 .debug_abbrev  0x000009bc      0x5a9 regtable.o
 .debug_abbrev  0x00000f65      0x12d C:\Users\Helge\source\repos\PERFOR~1\PA1137~1\SWAPKA~1\ARDUIN~1\RELEAS~1\libArduinoCore.a(main.o)
 .debug_abbrev  0x00001092      0x146 C:\Users\Helge\source\repos\PERFOR~1\PA1137~1\SWAPKA~1\ARDUIN~1\RELEAS~1\libArduinoCore.a(wiring.o)
 .debug_abbrev  0x000011d8      0x16b C:\Users\Helge\source\repos\PERFOR~1\PA1137~1\SWAPKA~1\ARDUIN~1\RELEAS~1\libArduinoCore.a(wiring_analog.o)
 .debug_abbrev  0x00001343      0x15b C:\Users\Helge\source\repos\PERFOR~1\PA1137~1\SWAPKA~1\ARDUIN~1\RELEAS~1\libArduinoCore.a(wiring_digital.o)
 .debug_abbrev  0x0000149e      0x341 C:\Users\Helge\source\repos\PERFOR~1\PA1137~1\SWAPKA~1\ARDUIN~1\RELEAS~1\libArduinoCore.a(AS5600.o)
 .debug_abbrev  0x000017df      0x37b C:\Users\Helge\source\repos\PERFOR~1\PA1137~1\SWAPKA~1\ARDUIN~1\RELEAS~1\libArduinoCore.a(cc1101.o)
 .debug_abbrev  0x00001b5a      0x466 C:\Users\Helge\source\repos\PERFOR~1\PA1137~1\SWAPKA~1\ARDUIN~1\RELEAS~1\libArduinoCore.a(panstamp.o)
 .debug_abbrev  0x00001fc0      0x13d C:\Users\Helge\source\repos\PERFOR~1\PA1137~1\SWAPKA~1\ARDUIN~1\RELEAS~1\libArduinoCore.a(simplespi.o)
 .debug_abbrev  0x000020fd      0x25f C:\Users\Helge\source\repos\PERFOR~1\PA1137~1\SWAPKA~1\ARDUIN~1\RELEAS~1\libArduinoCore.a(register.o)
 .debug_abbrev  0x0000235c      0x488 C:\Users\Helge\source\repos\PERFOR~1\PA1137~1\SWAPKA~1\ARDUIN~1\RELEAS~1\libArduinoCore.a(swap.o)
 .debug_abbrev  0x000027e4      0x38e C:\Users\Helge\source\repos\PERFOR~1\PA1137~1\SWAPKA~1\ARDUIN~1\RELEAS~1\libArduinoCore.a(swpacket.o)
 .debug_abbrev  0x00002b72      0x20a C:\Users\Helge\source\repos\PERFOR~1\PA1137~1\SWAPKA~1\ARDUIN~1\RELEAS~1\libArduinoCore.a(swstatus.o)
 .debug_abbrev  0x00002d7c      0x527 C:\Users\Helge\source\repos\PERFOR~1\PA1137~1\SWAPKA~1\ARDUIN~1\RELEAS~1\libArduinoCore.a(Wire.o)
 .debug_abbrev  0x000032a3       0x2a C:\Users\Helge\source\repos\PERFOR~1\PA1137~1\SWAPKA~1\ARDUIN~1\RELEAS~1\libArduinoCore.a(hooks.o)
 .debug_abbrev  0x000032cd       0xfc C:\Users\Helge\source\repos\PERFOR~1\PA1137~1\SWAPKA~1\ARDUIN~1\RELEAS~1\libArduinoCore.a(WInterrupts.o)
 .debug_abbrev  0x000033c9      0x1dd C:\Users\Helge\source\repos\PERFOR~1\PA1137~1\SWAPKA~1\ARDUIN~1\RELEAS~1\libArduinoCore.a(avrrtc.o)
 .debug_abbrev  0x000035a6      0x141 C:\Users\Helge\source\repos\PERFOR~1\PA1137~1\SWAPKA~1\ARDUIN~1\RELEAS~1\libArduinoCore.a(storage.o)
 .debug_abbrev  0x000036e7      0x381 C:\Users\Helge\source\repos\PERFOR~1\PA1137~1\SWAPKA~1\ARDUIN~1\RELEAS~1\libArduinoCore.a(repeater.o)
 .debug_abbrev  0x00003a68      0x277 C:\Users\Helge\source\repos\PERFOR~1\PA1137~1\SWAPKA~1\ARDUIN~1\RELEAS~1\libArduinoCore.a(twi.o)
 .debug_abbrev  0x00003cdf       0x14 C:/Program Files (x86)/Atmel/Studio/7.0/Packs/atmel/ATmega_DFP/1.6.364/gcc/dev/atmega328p/avr5\libatmega328p.a(eerd_byte.o)
 .debug_abbrev  0x00003cf3       0x14 C:/Program Files (x86)/Atmel/Studio/7.0/Packs/atmel/ATmega_DFP/1.6.364/gcc/dev/atmega328p/avr5\libatmega328p.a(eewr_byte.o)

.debug_line     0x00000000     0x4c93
 *(.debug_line .debug_line.* .debug_line_end)
 .debug_line    0x00000000      0x134 C:/Program Files (x86)/Atmel/Studio/7.0/Packs/atmel/ATmega_DFP/1.6.364/gcc/dev/atmega328p/avr5/crtatmega328p.o
 .debug_line    0x00000134      0x512 klappe.o
 .debug_line    0x00000646      0x629 regtable.o
 .debug_line    0x00000c6f      0x17a C:\Users\Helge\source\repos\PERFOR~1\PA1137~1\SWAPKA~1\ARDUIN~1\RELEAS~1\libArduinoCore.a(main.o)
 .debug_line    0x00000de9      0x2af C:\Users\Helge\source\repos\PERFOR~1\PA1137~1\SWAPKA~1\ARDUIN~1\RELEAS~1\libArduinoCore.a(wiring.o)
 .debug_line    0x00001098      0x224 C:\Users\Helge\source\repos\PERFOR~1\PA1137~1\SWAPKA~1\ARDUIN~1\RELEAS~1\libArduinoCore.a(wiring_analog.o)
 .debug_line    0x000012bc      0x267 C:\Users\Helge\source\repos\PERFOR~1\PA1137~1\SWAPKA~1\ARDUIN~1\RELEAS~1\libArduinoCore.a(wiring_digital.o)
 .debug_line    0x00001523      0x6d4 C:\Users\Helge\source\repos\PERFOR~1\PA1137~1\SWAPKA~1\ARDUIN~1\RELEAS~1\libArduinoCore.a(AS5600.o)
 .debug_line    0x00001bf7      0x752 C:\Users\Helge\source\repos\PERFOR~1\PA1137~1\SWAPKA~1\ARDUIN~1\RELEAS~1\libArduinoCore.a(cc1101.o)
 .debug_line    0x00002349      0x4c1 C:\Users\Helge\source\repos\PERFOR~1\PA1137~1\SWAPKA~1\ARDUIN~1\RELEAS~1\libArduinoCore.a(panstamp.o)
 .debug_line    0x0000280a      0x1a9 C:\Users\Helge\source\repos\PERFOR~1\PA1137~1\SWAPKA~1\ARDUIN~1\RELEAS~1\libArduinoCore.a(simplespi.o)
 .debug_line    0x000029b3      0x26d C:\Users\Helge\source\repos\PERFOR~1\PA1137~1\SWAPKA~1\ARDUIN~1\RELEAS~1\libArduinoCore.a(register.o)
 .debug_line    0x00002c20      0x4ad C:\Users\Helge\source\repos\PERFOR~1\PA1137~1\SWAPKA~1\ARDUIN~1\RELEAS~1\libArduinoCore.a(swap.o)
 .debug_line    0x000030cd      0x410 C:\Users\Helge\source\repos\PERFOR~1\PA1137~1\SWAPKA~1\ARDUIN~1\RELEAS~1\libArduinoCore.a(swpacket.o)
 .debug_line    0x000034dd      0x1f7 C:\Users\Helge\source\repos\PERFOR~1\PA1137~1\SWAPKA~1\ARDUIN~1\RELEAS~1\libArduinoCore.a(swstatus.o)
 .debug_line    0x000036d4      0x590 C:\Users\Helge\source\repos\PERFOR~1\PA1137~1\SWAPKA~1\ARDUIN~1\RELEAS~1\libArduinoCore.a(Wire.o)
 .debug_line    0x00003c64       0x41 C:\Users\Helge\source\repos\PERFOR~1\PA1137~1\SWAPKA~1\ARDUIN~1\RELEAS~1\libArduinoCore.a(hooks.o)
 .debug_line    0x00003ca5      0x1b7 C:\Users\Helge\source\repos\PERFOR~1\PA1137~1\SWAPKA~1\ARDUIN~1\RELEAS~1\libArduinoCore.a(WInterrupts.o)
 .debug_line    0x00003e5c      0x317 C:\Users\Helge\source\repos\PERFOR~1\PA1137~1\SWAPKA~1\ARDUIN~1\RELEAS~1\libArduinoCore.a(avrrtc.o)
 .debug_line    0x00004173      0x247 C:\Users\Helge\source\repos\PERFOR~1\PA1137~1\SWAPKA~1\ARDUIN~1\RELEAS~1\libArduinoCore.a(storage.o)
 .debug_line    0x000043ba      0x2f1 C:\Users\Helge\source\repos\PERFOR~1\PA1137~1\SWAPKA~1\ARDUIN~1\RELEAS~1\libArduinoCore.a(repeater.o)
 .debug_line    0x000046ab      0x4d0 C:\Users\Helge\source\repos\PERFOR~1\PA1137~1\SWAPKA~1\ARDUIN~1\RELEAS~1\libArduinoCore.a(twi.o)
 .debug_line    0x00004b7b       0x7a C:/Program Files (x86)/Atmel/Studio/7.0/Packs/atmel/ATmega_DFP/1.6.364/gcc/dev/atmega328p/avr5\libatmega328p.a(eerd_byte.o)
 .debug_line    0x00004bf5       0x9e C:/Program Files (x86)/Atmel/Studio/7.0/Packs/atmel/ATmega_DFP/1.6.364/gcc/dev/atmega328p/avr5\libatmega328p.a(eewr_byte.o)

.debug_frame    0x00000000     0x14ec
 *(.debug_frame)
 .debug_frame   0x00000000       0x84 klappe.o
 .debug_frame   0x00000084      0x2cc regtable.o
 .debug_frame   0x00000350       0x54 C:\Users\Helge\source\repos\PERFOR~1\PA1137~1\SWAPKA~1\ARDUIN~1\RELEAS~1\libArduinoCore.a(main.o)
 .debug_frame   0x000003a4       0xc4 C:\Users\Helge\source\repos\PERFOR~1\PA1137~1\SWAPKA~1\ARDUIN~1\RELEAS~1\libArduinoCore.a(wiring.o)
 .debug_frame   0x00000468       0x54 C:\Users\Helge\source\repos\PERFOR~1\PA1137~1\SWAPKA~1\ARDUIN~1\RELEAS~1\libArduinoCore.a(wiring_analog.o)
 .debug_frame   0x000004bc       0x7c C:\Users\Helge\source\repos\PERFOR~1\PA1137~1\SWAPKA~1\ARDUIN~1\RELEAS~1\libArduinoCore.a(wiring_digital.o)
 .debug_frame   0x00000538      0x248 C:\Users\Helge\source\repos\PERFOR~1\PA1137~1\SWAPKA~1\ARDUIN~1\RELEAS~1\libArduinoCore.a(AS5600.o)
 .debug_frame   0x00000780      0x284 C:\Users\Helge\source\repos\PERFOR~1\PA1137~1\SWAPKA~1\ARDUIN~1\RELEAS~1\libArduinoCore.a(cc1101.o)
 .debug_frame   0x00000a04      0x168 C:\Users\Helge\source\repos\PERFOR~1\PA1137~1\SWAPKA~1\ARDUIN~1\RELEAS~1\libArduinoCore.a(panstamp.o)
 .debug_frame   0x00000b6c       0x34 C:\Users\Helge\source\repos\PERFOR~1\PA1137~1\SWAPKA~1\ARDUIN~1\RELEAS~1\libArduinoCore.a(simplespi.o)
 .debug_frame   0x00000ba0       0xc0 C:\Users\Helge\source\repos\PERFOR~1\PA1137~1\SWAPKA~1\ARDUIN~1\RELEAS~1\libArduinoCore.a(register.o)
 .debug_frame   0x00000c60       0xfc C:\Users\Helge\source\repos\PERFOR~1\PA1137~1\SWAPKA~1\ARDUIN~1\RELEAS~1\libArduinoCore.a(swap.o)
 .debug_frame   0x00000d5c       0xe0 C:\Users\Helge\source\repos\PERFOR~1\PA1137~1\SWAPKA~1\ARDUIN~1\RELEAS~1\libArduinoCore.a(swpacket.o)
 .debug_frame   0x00000e3c       0x48 C:\Users\Helge\source\repos\PERFOR~1\PA1137~1\SWAPKA~1\ARDUIN~1\RELEAS~1\libArduinoCore.a(swstatus.o)
 .debug_frame   0x00000e84      0x20c C:\Users\Helge\source\repos\PERFOR~1\PA1137~1\SWAPKA~1\ARDUIN~1\RELEAS~1\libArduinoCore.a(Wire.o)
 .debug_frame   0x00001090       0x24 C:\Users\Helge\source\repos\PERFOR~1\PA1137~1\SWAPKA~1\ARDUIN~1\RELEAS~1\libArduinoCore.a(hooks.o)
 .debug_frame   0x000010b4       0xf4 C:\Users\Helge\source\repos\PERFOR~1\PA1137~1\SWAPKA~1\ARDUIN~1\RELEAS~1\libArduinoCore.a(WInterrupts.o)
 .debug_frame   0x000011a8       0xc8 C:\Users\Helge\source\repos\PERFOR~1\PA1137~1\SWAPKA~1\ARDUIN~1\RELEAS~1\libArduinoCore.a(avrrtc.o)
 .debug_frame   0x00001270       0x84 C:\Users\Helge\source\repos\PERFOR~1\PA1137~1\SWAPKA~1\ARDUIN~1\RELEAS~1\libArduinoCore.a(storage.o)
 .debug_frame   0x000012f4       0xe4 C:\Users\Helge\source\repos\PERFOR~1\PA1137~1\SWAPKA~1\ARDUIN~1\RELEAS~1\libArduinoCore.a(repeater.o)
 .debug_frame   0x000013d8      0x114 C:\Users\Helge\source\repos\PERFOR~1\PA1137~1\SWAPKA~1\ARDUIN~1\RELEAS~1\libArduinoCore.a(twi.o)

.debug_str      0x00000000     0x4329
 *(.debug_str)
 .debug_str     0x00000000      0x208 C:/Program Files (x86)/Atmel/Studio/7.0/Packs/atmel/ATmega_DFP/1.6.364/gcc/dev/atmega328p/avr5/crtatmega328p.o
 .debug_str     0x00000208     0x195a klappe.o
                               0x1a4e (size before relaxing)
 .debug_str     0x00001b62      0x792 regtable.o
                               0x1f70 (size before relaxing)
 .debug_str     0x000022f4       0xee C:\Users\Helge\source\repos\PERFOR~1\PA1137~1\SWAPKA~1\ARDUIN~1\RELEAS~1\libArduinoCore.a(main.o)
                                0x2f3 (size before relaxing)
 .debug_str     0x000023e2      0x14d C:\Users\Helge\source\repos\PERFOR~1\PA1137~1\SWAPKA~1\ARDUIN~1\RELEAS~1\libArduinoCore.a(wiring.o)
                                0x289 (size before relaxing)
 .debug_str     0x0000252f       0x6e C:\Users\Helge\source\repos\PERFOR~1\PA1137~1\SWAPKA~1\ARDUIN~1\RELEAS~1\libArduinoCore.a(wiring_analog.o)
                                0x28d (size before relaxing)
 .debug_str     0x0000259d       0xa9 C:\Users\Helge\source\repos\PERFOR~1\PA1137~1\SWAPKA~1\ARDUIN~1\RELEAS~1\libArduinoCore.a(wiring_digital.o)
                                0x2ee (size before relaxing)
 .debug_str     0x00002646      0x19a C:\Users\Helge\source\repos\PERFOR~1\PA1137~1\SWAPKA~1\ARDUIN~1\RELEAS~1\libArduinoCore.a(AS5600.o)
                                0xafa (size before relaxing)
 .debug_str     0x000027e0       0xa3 C:\Users\Helge\source\repos\PERFOR~1\PA1137~1\SWAPKA~1\ARDUIN~1\RELEAS~1\libArduinoCore.a(cc1101.o)
                                0x81a (size before relaxing)
 .debug_str     0x00002883       0xb5 C:\Users\Helge\source\repos\PERFOR~1\PA1137~1\SWAPKA~1\ARDUIN~1\RELEAS~1\libArduinoCore.a(panstamp.o)
                                0xc09 (size before relaxing)
 .debug_str     0x00002938       0x28 C:\Users\Helge\source\repos\PERFOR~1\PA1137~1\SWAPKA~1\ARDUIN~1\RELEAS~1\libArduinoCore.a(simplespi.o)
                                0x314 (size before relaxing)
 .debug_str     0x00002960       0x69 C:\Users\Helge\source\repos\PERFOR~1\PA1137~1\SWAPKA~1\ARDUIN~1\RELEAS~1\libArduinoCore.a(register.o)
                                0x5aa (size before relaxing)
 .debug_str     0x000029c9      0x113 C:\Users\Helge\source\repos\PERFOR~1\PA1137~1\SWAPKA~1\ARDUIN~1\RELEAS~1\libArduinoCore.a(swap.o)
                               0x129a (size before relaxing)
 .debug_str     0x00002adc       0x66 C:\Users\Helge\source\repos\PERFOR~1\PA1137~1\SWAPKA~1\ARDUIN~1\RELEAS~1\libArduinoCore.a(swpacket.o)
                               0x1077 (size before relaxing)
 .debug_str     0x00002b42       0x3f C:\Users\Helge\source\repos\PERFOR~1\PA1137~1\SWAPKA~1\ARDUIN~1\RELEAS~1\libArduinoCore.a(swstatus.o)
                                0x8cf (size before relaxing)
 .debug_str     0x00002b81     0x149a C:\Users\Helge\source\repos\PERFOR~1\PA1137~1\SWAPKA~1\ARDUIN~1\RELEAS~1\libArduinoCore.a(Wire.o)
                               0x1952 (size before relaxing)
 .debug_str     0x0000401b       0x1c C:\Users\Helge\source\repos\PERFOR~1\PA1137~1\SWAPKA~1\ARDUIN~1\RELEAS~1\libArduinoCore.a(hooks.o)
                                0x17e (size before relaxing)
 .debug_str     0x00004037       0x62 C:\Users\Helge\source\repos\PERFOR~1\PA1137~1\SWAPKA~1\ARDUIN~1\RELEAS~1\libArduinoCore.a(WInterrupts.o)
                                0x276 (size before relaxing)
 .debug_str     0x00004099       0x60 C:\Users\Helge\source\repos\PERFOR~1\PA1137~1\SWAPKA~1\ARDUIN~1\RELEAS~1\libArduinoCore.a(avrrtc.o)
                                0x3b6 (size before relaxing)
 .debug_str     0x000040f9       0x5a C:\Users\Helge\source\repos\PERFOR~1\PA1137~1\SWAPKA~1\ARDUIN~1\RELEAS~1\libArduinoCore.a(storage.o)
                                0x341 (size before relaxing)
 .debug_str     0x00004153       0x5e C:\Users\Helge\source\repos\PERFOR~1\PA1137~1\SWAPKA~1\ARDUIN~1\RELEAS~1\libArduinoCore.a(repeater.o)
                               0x104f (size before relaxing)
 .debug_str     0x000041b1      0x178 C:\Users\Helge\source\repos\PERFOR~1\PA1137~1\SWAPKA~1\ARDUIN~1\RELEAS~1\libArduinoCore.a(twi.o)
                                0x556 (size before relaxing)

.debug_loc      0x00000000     0x63b5
 *(.debug_loc)
 .debug_loc     0x00000000      0x1c8 klappe.o
 .debug_loc     0x000001c8     0x148e regtable.o
 .debug_loc     0x00001656      0x28d C:\Users\Helge\source\repos\PERFOR~1\PA1137~1\SWAPKA~1\ARDUIN~1\RELEAS~1\libArduinoCore.a(wiring.o)
 .debug_loc     0x000018e3       0xfe C:\Users\Helge\source\repos\PERFOR~1\PA1137~1\SWAPKA~1\ARDUIN~1\RELEAS~1\libArduinoCore.a(wiring_analog.o)
 .debug_loc     0x000019e1      0x5fc C:\Users\Helge\source\repos\PERFOR~1\PA1137~1\SWAPKA~1\ARDUIN~1\RELEAS~1\libArduinoCore.a(wiring_digital.o)
 .debug_loc     0x00001fdd      0xacf C:\Users\Helge\source\repos\PERFOR~1\PA1137~1\SWAPKA~1\ARDUIN~1\RELEAS~1\libArduinoCore.a(AS5600.o)
 .debug_loc     0x00002aac      0xd74 C:\Users\Helge\source\repos\PERFOR~1\PA1137~1\SWAPKA~1\ARDUIN~1\RELEAS~1\libArduinoCore.a(cc1101.o)
 .debug_loc     0x00003820      0x728 C:\Users\Helge\source\repos\PERFOR~1\PA1137~1\SWAPKA~1\ARDUIN~1\RELEAS~1\libArduinoCore.a(panstamp.o)
 .debug_loc     0x00003f48       0x4c C:\Users\Helge\source\repos\PERFOR~1\PA1137~1\SWAPKA~1\ARDUIN~1\RELEAS~1\libArduinoCore.a(simplespi.o)
 .debug_loc     0x00003f94      0x29d C:\Users\Helge\source\repos\PERFOR~1\PA1137~1\SWAPKA~1\ARDUIN~1\RELEAS~1\libArduinoCore.a(register.o)
 .debug_loc     0x00004231      0x4cc C:\Users\Helge\source\repos\PERFOR~1\PA1137~1\SWAPKA~1\ARDUIN~1\RELEAS~1\libArduinoCore.a(swap.o)
 .debug_loc     0x000046fd      0x36f C:\Users\Helge\source\repos\PERFOR~1\PA1137~1\SWAPKA~1\ARDUIN~1\RELEAS~1\libArduinoCore.a(swpacket.o)
 .debug_loc     0x00004a6c      0x15b C:\Users\Helge\source\repos\PERFOR~1\PA1137~1\SWAPKA~1\ARDUIN~1\RELEAS~1\libArduinoCore.a(swstatus.o)
 .debug_loc     0x00004bc7      0x959 C:\Users\Helge\source\repos\PERFOR~1\PA1137~1\SWAPKA~1\ARDUIN~1\RELEAS~1\libArduinoCore.a(Wire.o)
 .debug_loc     0x00005520      0x235 C:\Users\Helge\source\repos\PERFOR~1\PA1137~1\SWAPKA~1\ARDUIN~1\RELEAS~1\libArduinoCore.a(WInterrupts.o)
 .debug_loc     0x00005755      0x24f C:\Users\Helge\source\repos\PERFOR~1\PA1137~1\SWAPKA~1\ARDUIN~1\RELEAS~1\libArduinoCore.a(avrrtc.o)
 .debug_loc     0x000059a4      0x393 C:\Users\Helge\source\repos\PERFOR~1\PA1137~1\SWAPKA~1\ARDUIN~1\RELEAS~1\libArduinoCore.a(storage.o)
 .debug_loc     0x00005d37      0x2ba C:\Users\Helge\source\repos\PERFOR~1\PA1137~1\SWAPKA~1\ARDUIN~1\RELEAS~1\libArduinoCore.a(repeater.o)
 .debug_loc     0x00005ff1      0x3c4 C:\Users\Helge\source\repos\PERFOR~1\PA1137~1\SWAPKA~1\ARDUIN~1\RELEAS~1\libArduinoCore.a(twi.o)

.debug_macinfo
 *(.debug_macinfo)

.debug_weaknames
 *(.debug_weaknames)

.debug_funcnames
 *(.debug_funcnames)

.debug_typenames
 *(.debug_typenames)

.debug_varnames
 *(.debug_varnames)

.debug_pubtypes
 *(.debug_pubtypes)

.debug_ranges   0x00000000      0x6b8
 *(.debug_ranges)
 .debug_ranges  0x00000000       0x30 klappe.o
 .debug_ranges  0x00000030       0xe0 regtable.o
 .debug_ranges  0x00000110       0x20 C:\Users\Helge\source\repos\PERFOR~1\PA1137~1\SWAPKA~1\ARDUIN~1\RELEAS~1\libArduinoCore.a(main.o)
 .debug_ranges  0x00000130       0x38 C:\Users\Helge\source\repos\PERFOR~1\PA1137~1\SWAPKA~1\ARDUIN~1\RELEAS~1\libArduinoCore.a(wiring.o)
 .debug_ranges  0x00000168       0x20 C:\Users\Helge\source\repos\PERFOR~1\PA1137~1\SWAPKA~1\ARDUIN~1\RELEAS~1\libArduinoCore.a(wiring_analog.o)
 .debug_ranges  0x00000188       0x28 C:\Users\Helge\source\repos\PERFOR~1\PA1137~1\SWAPKA~1\ARDUIN~1\RELEAS~1\libArduinoCore.a(wiring_digital.o)
 .debug_ranges  0x000001b0       0xe0 C:\Users\Helge\source\repos\PERFOR~1\PA1137~1\SWAPKA~1\ARDUIN~1\RELEAS~1\libArduinoCore.a(AS5600.o)
 .debug_ranges  0x00000290       0xc0 C:\Users\Helge\source\repos\PERFOR~1\PA1137~1\SWAPKA~1\ARDUIN~1\RELEAS~1\libArduinoCore.a(cc1101.o)
 .debug_ranges  0x00000350       0x68 C:\Users\Helge\source\repos\PERFOR~1\PA1137~1\SWAPKA~1\ARDUIN~1\RELEAS~1\libArduinoCore.a(panstamp.o)
 .debug_ranges  0x000003b8       0x18 C:\Users\Helge\source\repos\PERFOR~1\PA1137~1\SWAPKA~1\ARDUIN~1\RELEAS~1\libArduinoCore.a(simplespi.o)
 .debug_ranges  0x000003d0       0x30 C:\Users\Helge\source\repos\PERFOR~1\PA1137~1\SWAPKA~1\ARDUIN~1\RELEAS~1\libArduinoCore.a(register.o)
 .debug_ranges  0x00000400       0x48 C:\Users\Helge\source\repos\PERFOR~1\PA1137~1\SWAPKA~1\ARDUIN~1\RELEAS~1\libArduinoCore.a(swap.o)
 .debug_ranges  0x00000448       0x40 C:\Users\Helge\source\repos\PERFOR~1\PA1137~1\SWAPKA~1\ARDUIN~1\RELEAS~1\libArduinoCore.a(swpacket.o)
 .debug_ranges  0x00000488       0x10 C:\Users\Helge\source\repos\PERFOR~1\PA1137~1\SWAPKA~1\ARDUIN~1\RELEAS~1\libArduinoCore.a(swstatus.o)
 .debug_ranges  0x00000498       0xd8 C:\Users\Helge\source\repos\PERFOR~1\PA1137~1\SWAPKA~1\ARDUIN~1\RELEAS~1\libArduinoCore.a(Wire.o)
 .debug_ranges  0x00000570       0x10 C:\Users\Helge\source\repos\PERFOR~1\PA1137~1\SWAPKA~1\ARDUIN~1\RELEAS~1\libArduinoCore.a(hooks.o)
 .debug_ranges  0x00000580       0x30 C:\Users\Helge\source\repos\PERFOR~1\PA1137~1\SWAPKA~1\ARDUIN~1\RELEAS~1\libArduinoCore.a(WInterrupts.o)
 .debug_ranges  0x000005b0       0x40 C:\Users\Helge\source\repos\PERFOR~1\PA1137~1\SWAPKA~1\ARDUIN~1\RELEAS~1\libArduinoCore.a(avrrtc.o)
 .debug_ranges  0x000005f0       0x18 C:\Users\Helge\source\repos\PERFOR~1\PA1137~1\SWAPKA~1\ARDUIN~1\RELEAS~1\libArduinoCore.a(storage.o)
 .debug_ranges  0x00000608       0x50 C:\Users\Helge\source\repos\PERFOR~1\PA1137~1\SWAPKA~1\ARDUIN~1\RELEAS~1\libArduinoCore.a(repeater.o)
 .debug_ranges  0x00000658       0x60 C:\Users\Helge\source\repos\PERFOR~1\PA1137~1\SWAPKA~1\ARDUIN~1\RELEAS~1\libArduinoCore.a(twi.o)

.debug_macro
 *(.debug_macro)
OUTPUT(Klappe.elf elf32-avr)
LOAD linker stubs
