Archive member included to satisfy reference by file (symbol)

C:\Users\Helge\source\repos\Performance20\ArduinoSketch1\ArduinoSketch1\ArduinoCore\Release\libArduinoCore.a(cc1101.o)
                              regtable.o (_ZN6CC110111setSyncWordEPh)
C:\Users\Helge\source\repos\Performance20\ArduinoSketch1\ArduinoSketch1\ArduinoCore\Release\libArduinoCore.a(main.o)
                              C:/Program Files (x86)/Atmel/Studio/7.0/Packs/atmel/ATmega_DFP/1.6.364/gcc/dev/atmega328p/avr5/crtatmega328p.o (main)
C:\Users\Helge\source\repos\Performance20\ArduinoSketch1\ArduinoSketch1\ArduinoCore\Release\libArduinoCore.a(panstamp.o)
                              regtable.o (panstamp)
C:\Users\Helge\source\repos\Performance20\ArduinoSketch1\ArduinoSketch1\ArduinoCore\Release\libArduinoCore.a(simplespi.o)
                              C:\Users\Helge\source\repos\Performance20\ArduinoSketch1\ArduinoSketch1\ArduinoCore\Release\libArduinoCore.a(cc1101.o) (_ZN9SIMPLESPI4initEv)
C:\Users\Helge\source\repos\Performance20\ArduinoSketch1\ArduinoSketch1\ArduinoCore\Release\libArduinoCore.a(WInterrupts.o)
                              C:\Users\Helge\source\repos\Performance20\ArduinoSketch1\ArduinoSketch1\ArduinoCore\Release\libArduinoCore.a(panstamp.o) (attachInterrupt)
C:\Users\Helge\source\repos\Performance20\ArduinoSketch1\ArduinoSketch1\ArduinoCore\Release\libArduinoCore.a(wiring.o)
                              binouts2.o (delay)
C:\Users\Helge\source\repos\Performance20\ArduinoSketch1\ArduinoSketch1\ArduinoCore\Release\libArduinoCore.a(wiring_analog.o)
                              regtable.o (analogWrite)
C:\Users\Helge\source\repos\Performance20\ArduinoSketch1\ArduinoSketch1\ArduinoCore\Release\libArduinoCore.a(wiring_digital.o)
                              binouts2.o (pinMode)
C:\Users\Helge\source\repos\Performance20\ArduinoSketch1\ArduinoSketch1\ArduinoCore\Release\libArduinoCore.a(register.o)
                              regtable.o (_ZN8REGISTER14sendSwapStatusEv)
C:\Users\Helge\source\repos\Performance20\ArduinoSketch1\ArduinoSketch1\ArduinoCore\Release\libArduinoCore.a(swap.o)
                              binouts2.o (swap)
C:\Users\Helge\source\repos\Performance20\ArduinoSketch1\ArduinoSketch1\ArduinoCore\Release\libArduinoCore.a(swpacket.o)
                              C:\Users\Helge\source\repos\Performance20\ArduinoSketch1\ArduinoSketch1\ArduinoCore\Release\libArduinoCore.a(swap.o) (_ZN8SWPACKETC1EP8CCPACKET)
C:\Users\Helge\source\repos\Performance20\ArduinoSketch1\ArduinoSketch1\ArduinoCore\Release\libArduinoCore.a(swstatus.o)
                              regtable.o (_ZN8SWSTATUSC1EhPhh7SWDTYPE)
C:\Users\Helge\source\repos\Performance20\ArduinoSketch1\ArduinoSketch1\ArduinoCore\Release\libArduinoCore.a(avrrtc.o)
                              C:\Users\Helge\source\repos\Performance20\ArduinoSketch1\ArduinoSketch1\ArduinoCore\Release\libArduinoCore.a(panstamp.o) (_ZN6AVRRTC6wakeUpEv)
C:\Users\Helge\source\repos\Performance20\ArduinoSketch1\ArduinoSketch1\ArduinoCore\Release\libArduinoCore.a(calibration.o)
                              C:\Users\Helge\source\repos\Performance20\ArduinoSketch1\ArduinoSketch1\ArduinoCore\Release\libArduinoCore.a(panstamp.o) (_Z14rcOscCalibratev)
C:\Users\Helge\source\repos\Performance20\ArduinoSketch1\ArduinoSketch1\ArduinoCore\Release\libArduinoCore.a(hooks.o)
                              C:\Users\Helge\source\repos\Performance20\ArduinoSketch1\ArduinoSketch1\ArduinoCore\Release\libArduinoCore.a(wiring.o) (yield)
C:\Users\Helge\source\repos\Performance20\ArduinoSketch1\ArduinoSketch1\ArduinoCore\Release\libArduinoCore.a(storage.o)
                              C:\Users\Helge\source\repos\Performance20\ArduinoSketch1\ArduinoSketch1\ArduinoCore\Release\libArduinoCore.a(register.o) (_ZN7STORAGE4readEPhhhh)
C:\Users\Helge\source\repos\Performance20\ArduinoSketch1\ArduinoSketch1\ArduinoCore\Release\libArduinoCore.a(repeater.o)
                              C:\Users\Helge\source\repos\Performance20\ArduinoSketch1\ArduinoSketch1\ArduinoCore\Release\libArduinoCore.a(swap.o) (_ZN8REPEATER4initEh)
c:/program files (x86)/atmel/studio/7.0/toolchain/avr8/avr8-gnu-toolchain/bin/../lib/gcc/avr/5.4.0/avr5\libgcc.a(_divmodhi4.o)
                              C:\Users\Helge\source\repos\Performance20\ArduinoSketch1\ArduinoSketch1\ArduinoCore\Release\libArduinoCore.a(repeater.o) (__divmodhi4)
c:/program files (x86)/atmel/studio/7.0/toolchain/avr8/avr8-gnu-toolchain/bin/../lib/gcc/avr/5.4.0/avr5\libgcc.a(_divmodsi4.o)
                              C:\Users\Helge\source\repos\Performance20\ArduinoSketch1\ArduinoSketch1\ArduinoCore\Release\libArduinoCore.a(panstamp.o) (__divmodsi4)
c:/program files (x86)/atmel/studio/7.0/toolchain/avr8/avr8-gnu-toolchain/bin/../lib/gcc/avr/5.4.0/avr5\libgcc.a(_negsi2.o)
                              c:/program files (x86)/atmel/studio/7.0/toolchain/avr8/avr8-gnu-toolchain/bin/../lib/gcc/avr/5.4.0/avr5\libgcc.a(_divmodsi4.o) (__negsi2)
[...]
Memory Configuration

Name             Origin             Length             Attributes
text             0x00000000         0x00008000         xr
data             0x00800100         0x00000800         rw !x
eeprom           0x00810000         0x00000400         rw !x
fuse             0x00820000         0x00000003         rw !x
lock             0x00830000         0x00000400         rw !x
signature        0x00840000         0x00000400         rw !x
user_signatures  0x00850000         0x00000400         rw !x
*default*        0x00000000         0xffffffff

Linker script and memory map

Address of section .data set to 0x800100
LOAD C:/Program Files (x86)/Atmel/Studio/7.0/Packs/atmel/ATmega_DFP/1.6.364/gcc/dev/atmega328p/avr5/crtatmega328p.o
LOAD binouts2.o
LOAD regtable.o
START GROUP
LOAD c:/program files (x86)/atmel/studio/7.0/toolchain/avr8/avr8-gnu-toolchain/bin/../lib/gcc/avr/5.4.0/../../../../avr/lib/avr5\libm.a
LOAD C:\Users\Helge\source\repos\Performance20\ArduinoSketch1\ArduinoSketch1\ArduinoCore\Release\libArduinoCore.a
END GROUP
LOAD c:/program files (x86)/atmel/studio/7.0/toolchain/avr8/avr8-gnu-toolchain/bin/../lib/gcc/avr/5.4.0/avr5\libgcc.a
LOAD c:/program files (x86)/atmel/studio/7.0/toolchain/avr8/avr8-gnu-toolchain/bin/../lib/gcc/avr/5.4.0/../../../../avr/lib/avr5\libm.a
START GROUP
LOAD c:/program files (x86)/atmel/studio/7.0/toolchain/avr8/avr8-gnu-toolchain/bin/../lib/gcc/avr/5.4.0/avr5\libgcc.a
LOAD c:/program files (x86)/atmel/studio/7.0/toolchain/avr8/avr8-gnu-toolchain/bin/../lib/gcc/avr/5.4.0/../../../../avr/lib/avr5\libm.a
LOAD c:/program files (x86)/atmel/studio/7.0/toolchain/avr8/avr8-gnu-toolchain/bin/../lib/gcc/avr/5.4.0/../../../../avr/lib/avr5\libc.a
LOAD C:/Program Files (x86)/Atmel/Studio/7.0/Packs/atmel/ATmega_DFP/1.6.364/gcc/dev/atmega328p/avr5\libatmega328p.a
END GROUP
                0x00000000                __TEXT_REGION_ORIGIN__ = DEFINED (__TEXT_REGION_ORIGIN__)?__TEXT_REGION_ORIGIN__:0x0
                [0x00800100]                __DATA_REGION_ORIGIN__ = DEFINED (__DATA_REGION_ORIGIN__)?__DATA_REGION_ORIGIN__:0x800060
                [0x00008000]                __TEXT_REGION_LENGTH__ = DEFINED (__TEXT_REGION_LENGTH__)?__TEXT_REGION_LENGTH__:0x20000
                [0x00000800]                __DATA_REGION_LENGTH__ = DEFINED (__DATA_REGION_LENGTH__)?__DATA_REGION_LENGTH__:0xffa0
                [0x00000400]                __EEPROM_REGION_LENGTH__ = DEFINED (__EEPROM_REGION_LENGTH__)?__EEPROM_REGION_LENGTH__:0x10000
                [0x00000003]                __FUSE_REGION_LENGTH__ = DEFINED (__FUSE_REGION_LENGTH__)?__FUSE_REGION_LENGTH__:0x400
                0x00000400                __LOCK_REGION_LENGTH__ = DEFINED (__LOCK_REGION_LENGTH__)?__LOCK_REGION_LENGTH__:0x400
                0x00000400                __SIGNATURE_REGION_LENGTH__ = DEFINED (__SIGNATURE_REGION_LENGTH__)?__SIGNATURE_REGION_LENGTH__:0x400
                0x00000400                __USER_SIGNATURE_REGION_LENGTH__ = DEFINED (__USER_SIGNATURE_REGION_LENGTH__)?__USER_SIGNATURE_REGION_LENGTH__:0x400

.hash
 *(.hash)

.dynsym
 *(.dynsym)

.dynstr
 *(.dynstr)

.gnu.version
 *(.gnu.version)

.gnu.version_d
 *(.gnu.version_d)

.gnu.version_r
 *(.gnu.version_r)

.rel.init
 *(.rel.init)

.rela.init
 *(.rela.init)

.rel.text
 *(.rel.text)
 *(.rel.text.*)
 *(.rel.gnu.linkonce.t*)

.rela.text
 *(.rela.text)
 *(.rela.text.*)
 *(.rela.gnu.linkonce.t*)

.rel.fini
 *(.rel.fini)

.rela.fini
 *(.rela.fini)

.rel.rodata
 *(.rel.rodata)
 *(.rel.rodata.*)
 *(.rel.gnu.linkonce.r*)

.rela.rodata
 *(.rela.rodata)
 *(.rela.rodata.*)
 *(.rela.gnu.linkonce.r*)

.rel.data
 *(.rel.data)
 *(.rel.data.*)
 *(.rel.gnu.linkonce.d*)

.rela.data
 *(.rela.data)
 *(.rela.data.*)
 *(.rela.gnu.linkonce.d*)

.rel.ctors
 *(.rel.ctors)

.rela.ctors
 *(.rela.ctors)

.rel.dtors
 *(.rel.dtors)

.rela.dtors
 *(.rela.dtors)

.rel.got
 *(.rel.got)

.rela.got
 *(.rela.got)

.rel.bss
 *(.rel.bss)

.rela.bss
 *(.rela.bss)

.rel.plt
 *(.rel.plt)

.rela.plt
 *(.rela.plt)

.text           0x00000000     0x1e26
 *(.vectors)
 .vectors       0x00000000       0x68 C:/Program Files (x86)/Atmel/Studio/7.0/Packs/atmel/ATmega_DFP/1.6.364/gcc/dev/atmega328p/avr5/crtatmega328p.o
                0x00000000                __vector_default
                0x00000000                __vectors
 *(.vectors)
 *(.progmem.gcc*)
                0x00000068                . = ALIGN (0x2)
                0x00000068                __trampolines_start = .
 *(.trampolines)
 .trampolines   0x00000068        0x0 linker stubs
 *(.trampolines*)
                0x00000068                __trampolines_end = .
 *libprintf_flt.a:*(.progmem.data)
 *libc.a:*(.progmem.data)
 *(.progmem*)
 .progmem.data.digital_pin_to_timer_PGM
                0x00000068       0x14 C:\Users\Helge\source\repos\Performance20\ArduinoSketch1\ArduinoSketch1\ArduinoCore\Release\libArduinoCore.a(wiring_digital.o)
                0x00000068                digital_pin_to_timer_PGM
 .progmem.data.digital_pin_to_bit_mask_PGM
                0x0000007c       0x14 C:\Users\Helge\source\repos\Performance20\ArduinoSketch1\ArduinoSketch1\ArduinoCore\Release\libArduinoCore.a(wiring_digital.o)
                0x0000007c                digital_pin_to_bit_mask_PGM
 .progmem.data.digital_pin_to_port_PGM
                0x00000090       0x14 C:\Users\Helge\source\repos\Performance20\ArduinoSketch1\ArduinoSketch1\ArduinoCore\Release\libArduinoCore.a(wiring_digital.o)
                0x00000090                digital_pin_to_port_PGM
 .progmem.data.port_to_output_PGM
                0x000000a4        0xa C:\Users\Helge\source\repos\Performance20\ArduinoSketch1\ArduinoSketch1\ArduinoCore\Release\libArduinoCore.a(wiring_digital.o)
                0x000000a4                port_to_output_PGM
 .progmem.data.port_to_mode_PGM
                0x000000ae        0xa C:\Users\Helge\source\repos\Performance20\ArduinoSketch1\ArduinoSketch1\ArduinoCore\Release\libArduinoCore.a(wiring_digital.o)
                0x000000ae                port_to_mode_PGM
                0x000000b8                . = ALIGN (0x2)
 *(.jumptables)
 *(.jumptables*)
 *(.lowtext)
 *(.lowtext*)
                0x000000b8                __ctors_start = .
 *(.ctors)
 .ctors         0x000000b8        0x2 regtable.o
 .ctors         0x000000ba        0x2 C:\Users\Helge\source\repos\Performance20\ArduinoSketch1\ArduinoSketch1\ArduinoCore\Release\libArduinoCore.a(panstamp.o)
 .ctors         0x000000bc        0x2 C:\Users\Helge\source\repos\Performance20\ArduinoSketch1\ArduinoSketch1\ArduinoCore\Release\libArduinoCore.a(swap.o)
                0x000000be                __ctors_end = .
                0x000000be                __dtors_start = .
 *(.dtors)
                0x000000be                __dtors_end = .
 SORT(*)(.ctors)
 SORT(*)(.dtors)
 *(.init0)
 .init0         0x000000be        0x0 C:/Program Files (x86)/Atmel/Studio/7.0/Packs/atmel/ATmega_DFP/1.6.364/gcc/dev/atmega328p/avr5/crtatmega328p.o
                0x000000be                __init
 *(.init0)
 *(.init1)
 *(.init1)
 *(.init2)
 .init2         0x000000be        0xc C:/Program Files (x86)/Atmel/Studio/7.0/Packs/atmel/ATmega_DFP/1.6.364/gcc/dev/atmega328p/avr5/crtatmega328p.o
 *(.init2)
 *(.init3)
 *(.init3)
 *(.init4)
 .init4         0x000000ca       0x16 c:/program files (x86)/atmel/studio/7.0/toolchain/avr8/avr8-gnu-toolchain/bin/../lib/gcc/avr/5.4.0/avr5\libgcc.a(_copy_data.o)
                0x000000ca                __do_copy_data
 .init4         0x000000e0       0x10 c:/program files (x86)/atmel/studio/7.0/toolchain/avr8/avr8-gnu-toolchain/bin/../lib/gcc/avr/5.4.0/avr5\libgcc.a(_clear_bss.o)
                0x000000e0                __do_clear_bss
 *(.init4)
 *(.init5)
 *(.init5)
 *(.init6)
 .init6         0x000000f0       0x16 c:/program files (x86)/atmel/studio/7.0/toolchain/avr8/avr8-gnu-toolchain/bin/../lib/gcc/avr/5.4.0/avr5\libgcc.a(_ctors.o)
                0x000000f0                __do_global_ctors
 *(.init6)
 *(.init7)
 *(.init7)
 *(.init8)
 *(.init8)
 *(.init9)
 .init9         0x00000106        0x8 C:/Program Files (x86)/Atmel/Studio/7.0/Packs/atmel/ATmega_DFP/1.6.364/gcc/dev/atmega328p/avr5/crtatmega328p.o
 *(.init9)
 *(.text)
 .text          0x0000010e        0x4 C:/Program Files (x86)/Atmel/Studio/7.0/Packs/atmel/ATmega_DFP/1.6.364/gcc/dev/atmega328p/avr5/crtatmega328p.o
                0x0000010e                __vector_22
                0x0000010e                __vector_24
                0x0000010e                __vector_12
                0x0000010e                __bad_interrupt
                0x0000010e                __vector_3
                0x0000010e                __vector_23
                0x0000010e                __vector_25
                0x0000010e                __vector_11
                0x0000010e                __vector_13
                0x0000010e                __vector_17
                0x0000010e                __vector_19
                0x0000010e                __vector_7
                0x0000010e                __vector_5
                0x0000010e                __vector_4
                0x0000010e                __vector_21
                0x0000010e                __vector_15
                0x0000010e                __vector_8
                0x0000010e                __vector_14
                0x0000010e                __vector_10
                0x0000010e                __vector_18
                0x0000010e                __vector_20
                0x00000112                . = ALIGN (0x2)
 *(.text.*)
 .text.setup    0x00000112      0x104 binouts2.o
                0x00000112                setup
 .text.loop     0x00000216       0x28 binouts2.o
                0x00000216                loop
 .text._Z13setTxIntervalhPh
                0x0000023e        0x8 regtable.o
                0x0000023e                _Z13setTxIntervalhPh
 .text._Z13setDevAddresshPh
                0x00000246       0x80 regtable.o
                0x00000246                _Z13setDevAddresshPh
 .text._Z12setNetworkIdhPh
                0x000002c6       0x7a regtable.o
                0x000002c6                _Z12setNetworkIdhPh
 .text._Z12setBinOutputhPh
                0x00000340       0x30 regtable.o
                0x00000340                _Z12setBinOutputhPh
 .text._Z12setPwmOutputhPh
                0x00000370       0x32 regtable.o
                0x00000370                _Z12setPwmOutputhPh
 .text._Z14setFreqChannelhPh
                0x000003a2       0x72 regtable.o
                0x000003a2                _Z14setFreqChannelhPh
 .text._Z11setSysStatehPh
                0x00000414       0x32 regtable.o
                0x00000414                _Z11setSysStatehPh
 .text.startup._GLOBAL__sub_I_regProductCode
                0x00000446      0x3cc regtable.o
 .text._ZN6CC1101C2Ev
                0x00000812       0x16 C:\Users\Helge\source\repos\Performance20\ArduinoSketch1\ArduinoSketch1\ArduinoCore\Release\libArduinoCore.a(cc1101.o)
                0x00000812                _ZN6CC1101C1Ev
                0x00000812                _ZN6CC1101C2Ev
 .text._ZN6CC11018writeRegEhh
                0x00000828       0x28 C:\Users\Helge\source\repos\Performance20\ArduinoSketch1\ArduinoSketch1\ArduinoCore\Release\libArduinoCore.a(cc1101.o)
                0x00000828                _ZN6CC11018writeRegEhh
 .text._ZN6CC110113writeBurstRegEhPhh
                0x00000850       0x52 C:\Users\Helge\source\repos\Performance20\ArduinoSketch1\ArduinoSketch1\ArduinoCore\Release\libArduinoCore.a(cc1101.o)
                0x00000850                _ZN6CC110113writeBurstRegEhPhh
 .text._ZN6CC11019cmdStrobeEh
                0x000008a2        0xe C:\Users\Helge\source\repos\Performance20\ArduinoSketch1\ArduinoSketch1\ArduinoCore\Release\libArduinoCore.a(cc1101.o)
                0x000008a2                _ZN6CC11019cmdStrobeEh
 .text._ZN6CC11017readRegEhh
                0x000008b0       0x24 C:\Users\Helge\source\repos\Performance20\ArduinoSketch1\ArduinoSketch1\ArduinoCore\Release\libArduinoCore.a(cc1101.o)
                0x000008b0                _ZN6CC11017readRegEhh
 .text._ZN6CC110111setSyncWordEhh
                0x000008d4       0x2e C:\Users\Helge\source\repos\Performance20\ArduinoSketch1\ArduinoSketch1\ArduinoCore\Release\libArduinoCore.a(cc1101.o)
                0x000008d4                _ZN6CC110111setSyncWordEhh
 .text._ZN6CC110111setSyncWordEPh
                0x00000902        0xa C:\Users\Helge\source\repos\Performance20\ArduinoSketch1\ArduinoSketch1\ArduinoCore\Release\libArduinoCore.a(cc1101.o)
                0x00000902                _ZN6CC110111setSyncWordEPh
 .text._ZN6CC110113setDevAddressEh
                0x0000090c       0x1c C:\Users\Helge\source\repos\Performance20\ArduinoSketch1\ArduinoSketch1\ArduinoCore\Release\libArduinoCore.a(cc1101.o)
                0x0000090c                _ZN6CC110113setDevAddressEh
 .text._ZN6CC110110setChannelEh
                0x00000928       0x1c C:\Users\Helge\source\repos\Performance20\ArduinoSketch1\ArduinoSketch1\ArduinoCore\Release\libArduinoCore.a(cc1101.o)
                0x00000928                _ZN6CC110110setChannelEh
 .text._ZN6CC110114setCarrierFreqEh
                0x00000944       0x7e C:\Users\Helge\source\repos\Performance20\ArduinoSketch1\ArduinoSketch1\ArduinoCore\Release\libArduinoCore.a(cc1101.o)
                0x00000944                _ZN6CC110114setCarrierFreqEh
 .text._ZN6CC11018enablePAEv
                0x000009c2       0x10 C:\Users\Helge\source\repos\Performance20\ArduinoSketch1\ArduinoSketch1\ArduinoCore\Release\libArduinoCore.a(cc1101.o)
                0x000009c2                _ZN6CC11018enablePAEv
 .text._ZN6CC110110setTxStateEv
                0x000009d2       0x24 C:\Users\Helge\source\repos\Performance20\ArduinoSketch1\ArduinoSketch1\ArduinoCore\Release\libArduinoCore.a(cc1101.o)
                0x000009d2                _ZN6CC110110setTxStateEv
 .text._ZN6CC11019enableLNAEv
                0x000009f6       0x10 C:\Users\Helge\source\repos\Performance20\ArduinoSketch1\ArduinoSketch1\ArduinoCore\Release\libArduinoCore.a(cc1101.o)
                0x000009f6                _ZN6CC11019enableLNAEv
 .text._ZN6CC110110setRxStateEv
                0x00000a06       0x26 C:\Users\Helge\source\repos\Performance20\ArduinoSketch1\ArduinoSketch1\ArduinoCore\Release\libArduinoCore.a(cc1101.o)
                0x00000a06                _ZN6CC110110setRxStateEv
 .text._ZN6CC11018sendDataE8CCPACKET
                0x00000a2c       0xe0 C:\Users\Helge\source\repos\Performance20\ArduinoSketch1\ArduinoSketch1\ArduinoCore\Release\libArduinoCore.a(cc1101.o)
                0x00000a2c                _ZN6CC11018sendDataE8CCPACKET
 .text._ZN6CC11019setCCregsEv
                0x00000b0c      0x230 C:\Users\Helge\source\repos\Performance20\ArduinoSketch1\ArduinoSketch1\ArduinoCore\Release\libArduinoCore.a(cc1101.o)
                0x00000b0c                _ZN6CC11019setCCregsEv
 .text.initVariant
                0x00000d3c        0x2 C:\Users\Helge\source\repos\Performance20\ArduinoSketch1\ArduinoSketch1\ArduinoCore\Release\libArduinoCore.a(main.o)
                0x00000d3c                initVariant
 .text.startup.main
                0x00000d3e       0x1e C:\Users\Helge\source\repos\Performance20\ArduinoSketch1\ArduinoSketch1\ArduinoCore\Release\libArduinoCore.a(main.o)
                0x00000d3e                main
 .text._ZN8PANSTAMPC2Ev
                0x00000d5c       0x16 C:\Users\Helge\source\repos\Performance20\ArduinoSketch1\ArduinoSketch1\ArduinoCore\Release\libArduinoCore.a(panstamp.o)
                0x00000d5c                _ZN8PANSTAMPC1Ev
                0x00000d5c                _ZN8PANSTAMPC2Ev
 .text._ZN8PANSTAMP5resetEv
                0x00000d72       0x2c C:\Users\Helge\source\repos\Performance20\ArduinoSketch1\ArduinoSketch1\ArduinoCore\Release\libArduinoCore.a(panstamp.o)
                0x00000d72                _ZN8PANSTAMP5resetEv
 .text.startup._GLOBAL__sub_I__Z8radioISRv
                0x00000d9e        0x8 C:\Users\Helge\source\repos\Performance20\ArduinoSketch1\ArduinoSketch1\ArduinoCore\Release\libArduinoCore.a(panstamp.o)
 .text._ZN9SIMPLESPI4sendEh
                0x00000da6        0xc C:\Users\Helge\source\repos\Performance20\ArduinoSketch1\ArduinoSketch1\ArduinoCore\Release\libArduinoCore.a(simplespi.o)
                0x00000da6                _ZN9SIMPLESPI4sendEh
 .text.nothing  0x00000db2        0x2 C:\Users\Helge\source\repos\Performance20\ArduinoSketch1\ArduinoSketch1\ArduinoCore\Release\libArduinoCore.a(WInterrupts.o)
 .text.__vector_1
                0x00000db4       0x4e C:\Users\Helge\source\repos\Performance20\ArduinoSketch1\ArduinoSketch1\ArduinoCore\Release\libArduinoCore.a(WInterrupts.o)
                0x00000db4                __vector_1
 .text.__vector_2
                0x00000e02       0x4e C:\Users\Helge\source\repos\Performance20\ArduinoSketch1\ArduinoSketch1\ArduinoCore\Release\libArduinoCore.a(WInterrupts.o)
                0x00000e02                __vector_2
 .text.__vector_16
                0x00000e50       0x94 C:\Users\Helge\source\repos\Performance20\ArduinoSketch1\ArduinoSketch1\ArduinoCore\Release\libArduinoCore.a(wiring.o)
                0x00000e50                __vector_16
 .text.millis   0x00000ee4       0x18 C:\Users\Helge\source\repos\Performance20\ArduinoSketch1\ArduinoSketch1\ArduinoCore\Release\libArduinoCore.a(wiring.o)
                0x00000ee4                millis
 .text.micros   0x00000efc       0x4a C:\Users\Helge\source\repos\Performance20\ArduinoSketch1\ArduinoSketch1\ArduinoCore\Release\libArduinoCore.a(wiring.o)
                0x00000efc                micros
 .text.delay    0x00000f46       0x78 C:\Users\Helge\source\repos\Performance20\ArduinoSketch1\ArduinoSketch1\ArduinoCore\Release\libArduinoCore.a(wiring.o)
                0x00000f46                delay
 .text.delayMicroseconds
                0x00000fbe       0x16 C:\Users\Helge\source\repos\Performance20\ArduinoSketch1\ArduinoSketch1\ArduinoCore\Release\libArduinoCore.a(wiring.o)
                0x00000fbe                delayMicroseconds
 .text.init     0x00000fd4       0x76 C:\Users\Helge\source\repos\Performance20\ArduinoSketch1\ArduinoSketch1\ArduinoCore\Release\libArduinoCore.a(wiring.o)
                0x00000fd4                init
 .text.analogWrite
                0x0000104a       0xbe C:\Users\Helge\source\repos\Performance20\ArduinoSketch1\ArduinoSketch1\ArduinoCore\Release\libArduinoCore.a(wiring_analog.o)
                0x0000104a                analogWrite
 .text.turnOffPWM
                0x00001108       0x52 C:\Users\Helge\source\repos\Performance20\ArduinoSketch1\ArduinoSketch1\ArduinoCore\Release\libArduinoCore.a(wiring_digital.o)
 .text.pinMode  0x0000115a       0x78 C:\Users\Helge\source\repos\Performance20\ArduinoSketch1\ArduinoSketch1\ArduinoCore\Release\libArduinoCore.a(wiring_digital.o)
                0x0000115a                pinMode
 .text.digitalWrite
                0x000011d2       0x5e C:\Users\Helge\source\repos\Performance20\ArduinoSketch1\ArduinoSketch1\ArduinoCore\Release\libArduinoCore.a(wiring_digital.o)
                0x000011d2                digitalWrite
 .text._ZN8REGISTER4initEv
                0x00001230       0x30 C:\Users\Helge\source\repos\Performance20\ArduinoSketch1\ArduinoSketch1\ArduinoCore\Release\libArduinoCore.a(register.o)
                0x00001230                _ZN8REGISTER4initEv
 .text._ZN8REGISTER14sendSwapStatusEv
                0x00001260       0x4a C:\Users\Helge\source\repos\Performance20\ArduinoSketch1\ArduinoSketch1\ArduinoCore\Release\libArduinoCore.a(register.o)
                0x00001260                _ZN8REGISTER14sendSwapStatusEv
 .text._ZN8REGISTER7getDataEv
                0x000012aa       0x1c C:\Users\Helge\source\repos\Performance20\ArduinoSketch1\ArduinoSketch1\ArduinoCore\Release\libArduinoCore.a(register.o)
                0x000012aa                _ZN8REGISTER7getDataEv
 .text._ZN8REGISTER7setDataEPh
                0x000012c6       0x54 C:\Users\Helge\source\repos\Performance20\ArduinoSketch1\ArduinoSketch1\ArduinoCore\Release\libArduinoCore.a(register.o)
                0x000012c6                _ZN8REGISTER7setDataEPh
 .text._ZN8REGISTER20setValueFromBeBufferEPh
                0x0000131a       0x36 C:\Users\Helge\source\repos\Performance20\ArduinoSketch1\ArduinoSketch1\ArduinoCore\Release\libArduinoCore.a(register.o)
                0x0000131a                _ZN8REGISTER20setValueFromBeBufferEPh
 .text._Z14pacKetReceivedP8CCPACKET
                0x00001350      0x184 C:\Users\Helge\source\repos\Performance20\ArduinoSketch1\ArduinoSketch1\ArduinoCore\Release\libArduinoCore.a(swap.o)
                0x00001350                _Z14pacKetReceivedP8CCPACKET
 .text._ZN4SWAP14enableRepeaterEh
                0x000014d4       0x50 C:\Users\Helge\source\repos\Performance20\ArduinoSketch1\ArduinoSketch1\ArduinoCore\Release\libArduinoCore.a(swap.o)
                0x000014d4                _ZN4SWAP14enableRepeaterEh
 .text._ZN4SWAP23nvolatToFactoryDefaultsEv
                0x00001524       0xaa C:\Users\Helge\source\repos\Performance20\ArduinoSketch1\ArduinoSketch1\ArduinoCore\Release\libArduinoCore.a(swap.o)
                0x00001524                _ZN4SWAP23nvolatToFactoryDefaultsEv
 .text._ZN4SWAP4initEv
                0x000015ce       0x8e C:\Users\Helge\source\repos\Performance20\ArduinoSketch1\ArduinoSketch1\ArduinoCore\Release\libArduinoCore.a(swap.o)
                0x000015ce                _ZN4SWAP4initEv
 .text.startup._GLOBAL__sub_I__Z14pacKetReceivedP8CCPACKET
                0x0000165c       0x14 C:\Users\Helge\source\repos\Performance20\ArduinoSketch1\ArduinoSketch1\ArduinoCore\Release\libArduinoCore.a(swap.o)
 .text._ZN8SWPACKETC2Ev
                0x00001670        0x2 C:\Users\Helge\source\repos\Performance20\ArduinoSketch1\ArduinoSketch1\ArduinoCore\Release\libArduinoCore.a(swpacket.o)
                0x00001670                _ZN8SWPACKETC2Ev
                0x00001670                _ZN8SWPACKETC1Ev
 .text._ZN8SWPACKET12smartEncryptEb
                0x00001672       0xe6 C:\Users\Helge\source\repos\Performance20\ArduinoSketch1\ArduinoSketch1\ArduinoCore\Release\libArduinoCore.a(swpacket.o)
                0x00001672                _ZN8SWPACKET12smartEncryptEb
 .text._ZN8SWPACKETC2EP8CCPACKET
                0x00001758      0x114 C:\Users\Helge\source\repos\Performance20\ArduinoSketch1\ArduinoSketch1\ArduinoCore\Release\libArduinoCore.a(swpacket.o)
                0x00001758                _ZN8SWPACKETC1EP8CCPACKET
                0x00001758                _ZN8SWPACKETC2EP8CCPACKET
 .text._ZN8SWPACKET4sendEv
                0x0000186c      0x18c C:\Users\Helge\source\repos\Performance20\ArduinoSketch1\ArduinoSketch1\ArduinoCore\Release\libArduinoCore.a(swpacket.o)
                0x0000186c                _ZN8SWPACKET4sendEv
 .text._ZN8SWSTATUSC2EhPhh7SWDTYPE
                0x000019f8       0x80 C:\Users\Helge\source\repos\Performance20\ArduinoSketch1\ArduinoSketch1\ArduinoCore\Release\libArduinoCore.a(swstatus.o)
                0x000019f8                _ZN8SWSTATUSC1EhPhh7SWDTYPE
                0x000019f8                _ZN8SWSTATUSC2EhPhh7SWDTYPE
 .text.__vector_6
                0x00001a78       0x14 C:\Users\Helge\source\repos\Performance20\ArduinoSketch1\ArduinoSketch1\ArduinoCore\Release\libArduinoCore.a(avrrtc.o)
                0x00001a78                __vector_6
 .text.__vector_9
                0x00001a8c       0x4a C:\Users\Helge\source\repos\Performance20\ArduinoSketch1\ArduinoSketch1\ArduinoCore\Release\libArduinoCore.a(avrrtc.o)
                0x00001a8c                __vector_9
 .text.__empty  0x00001ad6        0x2 C:\Users\Helge\source\repos\Performance20\ArduinoSketch1\ArduinoSketch1\ArduinoCore\Release\libArduinoCore.a(hooks.o)
                0x00001ad6                yield
 .text._ZN7STORAGE4readEPhhhh
                0x00001ad8       0x5c C:\Users\Helge\source\repos\Performance20\ArduinoSketch1\ArduinoSketch1\ArduinoCore\Release\libArduinoCore.a(storage.o)
                0x00001ad8                _ZN7STORAGE4readEPhhhh
 .text._ZN7STORAGE5writeEPhhhh
                0x00001b34       0x5a C:\Users\Helge\source\repos\Performance20\ArduinoSketch1\ArduinoSketch1\ArduinoCore\Release\libArduinoCore.a(storage.o)
                0x00001b34                _ZN7STORAGE5writeEPhhhh
 .text._ZN8REPEATER4initEh
                0x00001b8e        0xe C:\Users\Helge\source\repos\Performance20\ArduinoSketch1\ArduinoSketch1\ArduinoCore\Release\libArduinoCore.a(repeater.o)
                0x00001b8e                _ZN8REPEATER4initEh
 .text._ZN8REPEATERC2Ev
                0x00001b9c        0x2 C:\Users\Helge\source\repos\Performance20\ArduinoSketch1\ArduinoSketch1\ArduinoCore\Release\libArduinoCore.a(repeater.o)
                0x00001b9c                _ZN8REPEATERC1Ev
                0x00001b9c                _ZN8REPEATERC2Ev
 .text._ZN8REPEATER15saveTransactionEP8SWPACKET
                0x00001b9e       0x96 C:\Users\Helge\source\repos\Performance20\ArduinoSketch1\ArduinoSketch1\ArduinoCore\Release\libArduinoCore.a(repeater.o)
                0x00001b9e                _ZN8REPEATER15saveTransactionEP8SWPACKET
 .text._ZN8REPEATER13packetHandlerEP8SWPACKET
                0x00001c34      0x15c C:\Users\Helge\source\repos\Performance20\ArduinoSketch1\ArduinoSketch1\ArduinoCore\Release\libArduinoCore.a(repeater.o)
                0x00001c34                _ZN8REPEATER13packetHandlerEP8SWPACKET
 .text._ZN8REPEATER4stopEv
                0x00001d90        0xa C:\Users\Helge\source\repos\Performance20\ArduinoSketch1\ArduinoSketch1\ArduinoCore\Release\libArduinoCore.a(repeater.o)
                0x00001d90                _ZN8REPEATER4stopEv
 .text.libgcc.div
                0x00001d9a       0x28 c:/program files (x86)/atmel/studio/7.0/toolchain/avr8/avr8-gnu-toolchain/bin/../lib/gcc/avr/5.4.0/avr5\libgcc.a(_divmodhi4.o)
                0x00001d9a                _div
                0x00001d9a                __divmodhi4
 .text.libgcc.div
                0x00001dc2       0x28 c:/program files (x86)/atmel/studio/7.0/toolchain/avr8/avr8-gnu-toolchain/bin/../lib/gcc/avr/5.4.0/avr5\libgcc.a(_udivmodhi4.o)
                0x00001dc2                __udivmodhi4
 .text.libgcc   0x00001dea        0xc c:/program files (x86)/atmel/studio/7.0/toolchain/avr8/avr8-gnu-toolchain/bin/../lib/gcc/avr/5.4.0/avr5\libgcc.a(_tablejump2.o)
                0x00001dea                __tablejump2__
 .text.avr-libc
                0x00001df6       0x10 C:/Program Files (x86)/Atmel/Studio/7.0/Packs/atmel/ATmega_DFP/1.6.364/gcc/dev/atmega328p/avr5\libatmega328p.a(eerd_byte.o)
                0x00001df6                eeprom_read_byte
 .text.avr-libc
                0x00001e06       0x1c C:/Program Files (x86)/Atmel/Studio/7.0/Packs/atmel/ATmega_DFP/1.6.364/gcc/dev/atmega328p/avr5\libatmega328p.a(eewr_byte.o)
                0x00001e06                eeprom_write_byte
                0x00001e08                eeprom_write_r18
                0x00001e22                . = ALIGN (0x2)
 *(.fini9)
 .fini9         0x00001e22        0x0 c:/program files (x86)/atmel/studio/7.0/toolchain/avr8/avr8-gnu-toolchain/bin/../lib/gcc/avr/5.4.0/avr5\libgcc.a(_exit.o)
                0x00001e22                _exit
                0x00001e22                exit
 *(.fini9)
 *(.fini8)
 *(.fini8)
 *(.fini7)
 *(.fini7)
 *(.fini6)
 *(.fini6)
 *(.fini5)
 *(.fini5)
 *(.fini4)
 *(.fini4)
 *(.fini3)
 *(.fini3)
 *(.fini2)
 *(.fini2)
 *(.fini1)
 *(.fini1)
 *(.fini0)
 .fini0         0x00001e22        0x4 c:/program files (x86)/atmel/studio/7.0/toolchain/avr8/avr8-gnu-toolchain/bin/../lib/gcc/avr/5.4.0/avr5\libgcc.a(_exit.o)
 *(.fini0)
                0x00001e26                _etext = .

.data           0x00800100       0x52 load address 0x00001e26
                0x00800100                PROVIDE (__data_start, .)
 *(.data)
 *(.data*)
 .data.pwmPin   0x00800100        0x4 binouts2.o
                0x00800100                pwmPin
 .data.binaryPin
                0x00800104        0x8 binouts2.o
                0x00800104                binaryPin
 .data.regTableSize
                0x0080010c        0x1 regtable.o
                0x0080010c                regTableSize
 .data.regTable
                0x0080010d       0x30 regtable.o
                0x0080010d                regTable
 .data._ZL11dtFwVersion
                0x0080013d        0x4 regtable.o
 .data._ZL11dtHwVersion
                0x00800141        0x4 regtable.o
 .data._ZL13dtProductCode
                0x00800145        0x8 regtable.o
 .data.intFunc  0x0080014d        0x4 C:\Users\Helge\source\repos\Performance20\ArduinoSketch1\ArduinoSketch1\ArduinoCore\Release\libArduinoCore.a(WInterrupts.o)
 *(.gnu.linkonce.d*)
 *(.rodata)
 *(.rodata*)
 *(.gnu.linkonce.r*)
                0x00800152                . = ALIGN (0x2)
 *fill*         0x00800151        0x1 
                0x00800152                _edata = .
                0x00800152                PROVIDE (__data_end, .)

.bss            0x00800152      0x255
                0x00800152                PROVIDE (__bss_start, .)
 *(.bss)
 *(.bss*)
 .bss.regPwmOutput3
                0x00800152        0xd regtable.o
                0x00800152                regPwmOutput3
 .bss.dtPwmOutput3
                0x0080015f        0x1 regtable.o
                0x0080015f                dtPwmOutput3
 .bss.regPwmOutput2
                0x00800160        0xd regtable.o
                0x00800160                regPwmOutput2
 .bss.dtPwmOutput2
                0x0080016d        0x1 regtable.o
                0x0080016d                dtPwmOutput2
 .bss.regPwmOutput1
                0x0080016e        0xd regtable.o
                0x0080016e                regPwmOutput1
 .bss.dtPwmOutput1
                0x0080017b        0x1 regtable.o
                0x0080017b                dtPwmOutput1
 .bss.regPwmOutput0
                0x0080017c        0xd regtable.o
                0x0080017c                regPwmOutput0
 .bss.dtPwmOutput0
                0x00800189        0x1 regtable.o
                0x00800189                dtPwmOutput0
 .bss.regBinOutput7
                0x0080018a        0xd regtable.o
                0x0080018a                regBinOutput7
 .bss.dtBinOutput7
                0x00800197        0x1 regtable.o
                0x00800197                dtBinOutput7
 .bss.regBinOutput6
                0x00800198        0xd regtable.o
                0x00800198                regBinOutput6
 .bss.dtBinOutput6
                0x008001a5        0x1 regtable.o
                0x008001a5                dtBinOutput6
 .bss.regBinOutput5
                0x008001a6        0xd regtable.o
                0x008001a6                regBinOutput5
 .bss.dtBinOutput5
                0x008001b3        0x1 regtable.o
                0x008001b3                dtBinOutput5
 .bss.regBinOutput4
                0x008001b4        0xd regtable.o
                0x008001b4                regBinOutput4
 .bss.dtBinOutput4
                0x008001c1        0x1 regtable.o
                0x008001c1                dtBinOutput4
 .bss.regBinOutput3
                0x008001c2        0xd regtable.o
                0x008001c2                regBinOutput3
 .bss.dtBinOutput3
                0x008001cf        0x1 regtable.o
                0x008001cf                dtBinOutput3
 .bss.regBinOutput2
                0x008001d0        0xd regtable.o
                0x008001d0                regBinOutput2
 .bss.dtBinOutput2
                0x008001dd        0x1 regtable.o
                0x008001dd                dtBinOutput2
 .bss.regBinOutput1
                0x008001de        0xd regtable.o
                0x008001de                regBinOutput1
 .bss.dtBinOutput1
                0x008001eb        0x1 regtable.o
                0x008001eb                dtBinOutput1
 .bss.regBinOutput0
                0x008001ec        0xd regtable.o
                0x008001ec                regBinOutput0
 .bss.dtBinOutput0
                0x008001f9        0x1 regtable.o
                0x008001f9                dtBinOutput0
 .bss.regRepeaterCfg
                0x008001fa        0xd regtable.o
                0x008001fa                regRepeaterCfg
 .bss.dtRepeaterCfg
                0x00800207        0x1 regtable.o
                0x00800207                dtRepeaterCfg
 .bss.regTxInterval
                0x00800208        0xd regtable.o
                0x00800208                regTxInterval
 .bss.regDevAddress
                0x00800215        0xd regtable.o
                0x00800215                regDevAddress
 .bss.regNetworkId
                0x00800222        0xd regtable.o
                0x00800222                regNetworkId
 .bss.regSecuNonce
                0x0080022f        0xd regtable.o
                0x0080022f                regSecuNonce
 .bss.regPassword
                0x0080023c        0xd regtable.o
                0x0080023c                regPassword
 .bss._ZL10dtPassword
                0x00800249        0x1 regtable.o
 .bss.regSecuOption
                0x0080024a        0xd regtable.o
                0x0080024a                regSecuOption
 .bss.regFreqChannel
                0x00800257        0xd regtable.o
                0x00800257                regFreqChannel
 .bss.regSysState
                0x00800264        0xd regtable.o
                0x00800264                regSysState
 .bss.regFwVersion
                0x00800271        0xd regtable.o
                0x00800271                regFwVersion
 .bss.regHwVersion
                0x0080027e        0xd regtable.o
                0x0080027e                regHwVersion
 .bss.regProductCode
                0x0080028b        0xd regtable.o
                0x0080028b                regProductCode
 .bss.panstamp  0x00800298        0xd C:\Users\Helge\source\repos\Performance20\ArduinoSketch1\ArduinoSketch1\ArduinoCore\Release\libArduinoCore.a(panstamp.o)
                0x00800298                panstamp
 .bss.timer0_fract
                0x008002a5        0x1 C:\Users\Helge\source\repos\Performance20\ArduinoSketch1\ArduinoSketch1\ArduinoCore\Release\libArduinoCore.a(wiring.o)
 .bss.timer0_millis
                0x008002a6        0x4 C:\Users\Helge\source\repos\Performance20\ArduinoSketch1\ArduinoSketch1\ArduinoCore\Release\libArduinoCore.a(wiring.o)
                0x008002a6                timer0_millis
 .bss.timer0_overflow_count
                0x008002aa        0x4 C:\Users\Helge\source\repos\Performance20\ArduinoSketch1\ArduinoSketch1\ArduinoCore\Release\libArduinoCore.a(wiring.o)
                0x008002aa                timer0_overflow_count
 .bss.regIndex  0x008002ae        0x1 C:\Users\Helge\source\repos\Performance20\ArduinoSketch1\ArduinoSketch1\ArduinoCore\Release\libArduinoCore.a(register.o)
                0x008002ae                regIndex
 .bss._ZZN4SWAP14enableRepeaterEhE4repe
                0x008002af       0xa2 C:\Users\Helge\source\repos\Performance20\ArduinoSketch1\ArduinoSketch1\ArduinoCore\Release\libArduinoCore.a(swap.o)
 .bss.swap      0x00800351        0xc C:\Users\Helge\source\repos\Performance20\ArduinoSketch1\ArduinoSketch1\ArduinoCore\Release\libArduinoCore.a(swap.o)
                0x00800351                swap
 .bss._ZGVZN4SWAP14enableRepeaterEhE4repe
                0x0080035d        0x8 C:\Users\Helge\source\repos\Performance20\ArduinoSketch1\ArduinoSketch1\ArduinoCore\Release\libArduinoCore.a(swap.o)
 .bss._ZZN8SWPACKET12smartEncryptEbE7newData
                0x00800365       0x3d C:\Users\Helge\source\repos\Performance20\ArduinoSketch1\ArduinoSketch1\ArduinoCore\Release\libArduinoCore.a(swpacket.o)
 .bss._ZN6AVRRTC5countE
                0x008003a2        0x4 C:\Users\Helge\source\repos\Performance20\ArduinoSketch1\ArduinoSketch1\ArduinoCore\Release\libArduinoCore.a(avrrtc.o)
                0x008003a2                _ZN6AVRRTC5countE
 .bss._ZZN8REPEATER15saveTransactionEP8SWPACKETE16transactionIndex
                0x008003a6        0x1 C:\Users\Helge\source\repos\Performance20\ArduinoSketch1\ArduinoSketch1\ArduinoCore\Release\libArduinoCore.a(repeater.o)
 *(COMMON)
                0x008003a7                PROVIDE (__bss_end, .)
                0x00001e26                __data_load_start = LOADADDR (.data)
                0x00001e78                __data_load_end = (__data_load_start + SIZEOF (.data))

.noinit         0x008003a7        0x0
                [!provide]                PROVIDE (__noinit_start, .)
 *(.noinit*)
                [!provide]                PROVIDE (__noinit_end, .)
                0x008003a7                _end = .
                [!provide]                PROVIDE (__heap_start, .)

.eeprom         0x00810000        0x0
 *(.eeprom*)
                0x00810000                __eeprom_end = .

.fuse
 *(.fuse)
 *(.lfuse)
 *(.hfuse)
 *(.efuse)

.lock
 *(.lock*)

.signature
 *(.signature*)

.user_signatures
 *(.user_signatures*)

.stab
 *(.stab)

.stabstr
 *(.stabstr)

.stab.excl
 *(.stab.excl)

.stab.exclstr
 *(.stab.exclstr)

.stab.index
 *(.stab.index)

.stab.indexstr
 *(.stab.indexstr)

.comment        0x00000000       0x30
 *(.comment)
 .comment       0x00000000       0x30 binouts2.o
                                 0x31 (size before relaxing)
 .comment       0x00000030       0x31 regtable.o
 .comment       0x00000030       0x31 C:\Users\Helge\source\repos\Performance20\ArduinoSketch1\ArduinoSketch1\ArduinoCore\Release\libArduinoCore.a(cc1101.o)
 .comment       0x00000030       0x31 C:\Users\Helge\source\repos\Performance20\ArduinoSketch1\ArduinoSketch1\ArduinoCore\Release\libArduinoCore.a(main.o)
 .comment       0x00000030       0x31 C:\Users\Helge\source\repos\Performance20\ArduinoSketch1\ArduinoSketch1\ArduinoCore\Release\libArduinoCore.a(panstamp.o)
 .comment       0x00000030       0x31 C:\Users\Helge\source\repos\Performance20\ArduinoSketch1\ArduinoSketch1\ArduinoCore\Release\libArduinoCore.a(simplespi.o)
 .comment       0x00000030       0x31 C:\Users\Helge\source\repos\Performance20\ArduinoSketch1\ArduinoSketch1\ArduinoCore\Release\libArduinoCore.a(WInterrupts.o)
 .comment       0x00000030       0x31 C:\Users\Helge\source\repos\Performance20\ArduinoSketch1\ArduinoSketch1\ArduinoCore\Release\libArduinoCore.a(wiring.o)
 .comment       0x00000030       0x31 C:\Users\Helge\source\repos\Performance20\ArduinoSketch1\ArduinoSketch1\ArduinoCore\Release\libArduinoCore.a(wiring_analog.o)
 .comment       0x00000030       0x31 C:\Users\Helge\source\repos\Performance20\ArduinoSketch1\ArduinoSketch1\ArduinoCore\Release\libArduinoCore.a(wiring_digital.o)
 .comment       0x00000030       0x31 C:\Users\Helge\source\repos\Performance20\ArduinoSketch1\ArduinoSketch1\ArduinoCore\Release\libArduinoCore.a(register.o)
 .comment       0x00000030       0x31 C:\Users\Helge\source\repos\Performance20\ArduinoSketch1\ArduinoSketch1\ArduinoCore\Release\libArduinoCore.a(swap.o)
 .comment       0x00000030       0x31 C:\Users\Helge\source\repos\Performance20\ArduinoSketch1\ArduinoSketch1\ArduinoCore\Release\libArduinoCore.a(swpacket.o)
 .comment       0x00000030       0x31 C:\Users\Helge\source\repos\Performance20\ArduinoSketch1\ArduinoSketch1\ArduinoCore\Release\libArduinoCore.a(swstatus.o)
 .comment       0x00000030       0x31 C:\Users\Helge\source\repos\Performance20\ArduinoSketch1\ArduinoSketch1\ArduinoCore\Release\libArduinoCore.a(avrrtc.o)
 .comment       0x00000030       0x31 C:\Users\Helge\source\repos\Performance20\ArduinoSketch1\ArduinoSketch1\ArduinoCore\Release\libArduinoCore.a(hooks.o)
 .comment       0x00000030       0x31 C:\Users\Helge\source\repos\Performance20\ArduinoSketch1\ArduinoSketch1\ArduinoCore\Release\libArduinoCore.a(storage.o)
 .comment       0x00000030       0x31 C:\Users\Helge\source\repos\Performance20\ArduinoSketch1\ArduinoSketch1\ArduinoCore\Release\libArduinoCore.a(repeater.o)

.note.gnu.avr.deviceinfo
                0x00000000       0x40
 .note.gnu.avr.deviceinfo
                0x00000000       0x40 C:/Program Files (x86)/Atmel/Studio/7.0/Packs/atmel/ATmega_DFP/1.6.364/gcc/dev/atmega328p/avr5/crtatmega328p.o

.note.gnu.build-id
 *(.note.gnu.build-id)

.debug
 *(.debug)

.line
 *(.line)

.debug_srcinfo
 *(.debug_srcinfo)

.debug_sfnames
 *(.debug_sfnames)

.debug_aranges  0x00000000      0x520
 *(.debug_aranges)
 .debug_aranges
                0x00000000       0x28 binouts2.o
 .debug_aranges
                0x00000028       0x58 regtable.o
 .debug_aranges
                0x00000080       0xe0 C:\Users\Helge\source\repos\Performance20\ArduinoSketch1\ArduinoSketch1\ArduinoCore\Release\libArduinoCore.a(cc1101.o)
 .debug_aranges
                0x00000160       0x30 C:\Users\Helge\source\repos\Performance20\ArduinoSketch1\ArduinoSketch1\ArduinoCore\Release\libArduinoCore.a(main.o)
 .debug_aranges
                0x00000190       0x70 C:\Users\Helge\source\repos\Performance20\ArduinoSketch1\ArduinoSketch1\ArduinoCore\Release\libArduinoCore.a(panstamp.o)
 .debug_aranges
                0x00000200       0x28 C:\Users\Helge\source\repos\Performance20\ArduinoSketch1\ArduinoSketch1\ArduinoCore\Release\libArduinoCore.a(simplespi.o)
 .debug_aranges
                0x00000228       0x40 C:\Users\Helge\source\repos\Performance20\ArduinoSketch1\ArduinoSketch1\ArduinoCore\Release\libArduinoCore.a(WInterrupts.o)
 .debug_aranges
                0x00000268       0x48 C:\Users\Helge\source\repos\Performance20\ArduinoSketch1\ArduinoSketch1\ArduinoCore\Release\libArduinoCore.a(wiring.o)
 .debug_aranges
                0x000002b0       0x30 C:\Users\Helge\source\repos\Performance20\ArduinoSketch1\ArduinoSketch1\ArduinoCore\Release\libArduinoCore.a(wiring_analog.o)
 .debug_aranges
                0x000002e0       0x38 C:\Users\Helge\source\repos\Performance20\ArduinoSketch1\ArduinoSketch1\ArduinoCore\Release\libArduinoCore.a(wiring_digital.o)
 .debug_aranges
                0x00000318       0x40 C:\Users\Helge\source\repos\Performance20\ArduinoSketch1\ArduinoSketch1\ArduinoCore\Release\libArduinoCore.a(register.o)
 .debug_aranges
                0x00000358       0x50 C:\Users\Helge\source\repos\Performance20\ArduinoSketch1\ArduinoSketch1\ArduinoCore\Release\libArduinoCore.a(swap.o)
 .debug_aranges
                0x000003a8       0x38 C:\Users\Helge\source\repos\Performance20\ArduinoSketch1\ArduinoSketch1\ArduinoCore\Release\libArduinoCore.a(swpacket.o)
 .debug_aranges
                0x000003e0       0x20 C:\Users\Helge\source\repos\Performance20\ArduinoSketch1\ArduinoSketch1\ArduinoCore\Release\libArduinoCore.a(swstatus.o)
 .debug_aranges
                0x00000400       0x50 C:\Users\Helge\source\repos\Performance20\ArduinoSketch1\ArduinoSketch1\ArduinoCore\Release\libArduinoCore.a(avrrtc.o)
 .debug_aranges
                0x00000450       0x20 C:\Users\Helge\source\repos\Performance20\ArduinoSketch1\ArduinoSketch1\ArduinoCore\Release\libArduinoCore.a(hooks.o)
 .debug_aranges
                0x00000470       0x28 C:\Users\Helge\source\repos\Performance20\ArduinoSketch1\ArduinoSketch1\ArduinoCore\Release\libArduinoCore.a(storage.o)
 .debug_aranges
                0x00000498       0x48 C:\Users\Helge\source\repos\Performance20\ArduinoSketch1\ArduinoSketch1\ArduinoCore\Release\libArduinoCore.a(repeater.o)
 .debug_aranges
                0x000004e0       0x20 C:/Program Files (x86)/Atmel/Studio/7.0/Packs/atmel/ATmega_DFP/1.6.364/gcc/dev/atmega328p/avr5\libatmega328p.a(eerd_byte.o)
 .debug_aranges
                0x00000500       0x20 C:/Program Files (x86)/Atmel/Studio/7.0/Packs/atmel/ATmega_DFP/1.6.364/gcc/dev/atmega328p/avr5\libatmega328p.a(eewr_byte.o)

.debug_pubnames
 *(.debug_pubnames)

.debug_info     0x00000000     0xc661
 *(.debug_info .gnu.linkonce.wi.*)
 .debug_info    0x00000000      0x5f4 C:/Program Files (x86)/Atmel/Studio/7.0/Packs/atmel/ATmega_DFP/1.6.364/gcc/dev/atmega328p/avr5/crtatmega328p.o
 .debug_info    0x000005f4      0xbea binouts2.o
 .debug_info    0x000011de     0x213d regtable.o
 .debug_info    0x0000331b     0x1b90 C:\Users\Helge\source\repos\Performance20\ArduinoSketch1\ArduinoSketch1\ArduinoCore\Release\libArduinoCore.a(cc1101.o)
 .debug_info    0x00004eab      0x237 C:\Users\Helge\source\repos\Performance20\ArduinoSketch1\ArduinoSketch1\ArduinoCore\Release\libArduinoCore.a(main.o)
 .debug_info    0x000050e2      0xf59 C:\Users\Helge\source\repos\Performance20\ArduinoSketch1\ArduinoSketch1\ArduinoCore\Release\libArduinoCore.a(panstamp.o)
 .debug_info    0x0000603b      0x2e4 C:\Users\Helge\source\repos\Performance20\ArduinoSketch1\ArduinoSketch1\ArduinoCore\Release\libArduinoCore.a(simplespi.o)
 .debug_info    0x0000631f      0x21c C:\Users\Helge\source\repos\Performance20\ArduinoSketch1\ArduinoSketch1\ArduinoCore\Release\libArduinoCore.a(WInterrupts.o)
 .debug_info    0x0000653b      0x2cb C:\Users\Helge\source\repos\Performance20\ArduinoSketch1\ArduinoSketch1\ArduinoCore\Release\libArduinoCore.a(wiring.o)
 .debug_info    0x00006806      0x26d C:\Users\Helge\source\repos\Performance20\ArduinoSketch1\ArduinoSketch1\ArduinoCore\Release\libArduinoCore.a(wiring_analog.o)
 .debug_info    0x00006a73      0x5fe C:\Users\Helge\source\repos\Performance20\ArduinoSketch1\ArduinoSketch1\ArduinoCore\Release\libArduinoCore.a(wiring_digital.o)
 .debug_info    0x00007071      0x7e1 C:\Users\Helge\source\repos\Performance20\ArduinoSketch1\ArduinoSketch1\ArduinoCore\Release\libArduinoCore.a(register.o)
 .debug_info    0x00007852     0x1743 C:\Users\Helge\source\repos\Performance20\ArduinoSketch1\ArduinoSketch1\ArduinoCore\Release\libArduinoCore.a(swap.o)
 .debug_info    0x00008f95     0x123f C:\Users\Helge\source\repos\Performance20\ArduinoSketch1\ArduinoSketch1\ArduinoCore\Release\libArduinoCore.a(swpacket.o)
 .debug_info    0x0000a1d4      0x98f C:\Users\Helge\source\repos\Performance20\ArduinoSketch1\ArduinoSketch1\ArduinoCore\Release\libArduinoCore.a(swstatus.o)
 .debug_info    0x0000ab63      0x43f C:\Users\Helge\source\repos\Performance20\ArduinoSketch1\ArduinoSketch1\ArduinoCore\Release\libArduinoCore.a(avrrtc.o)
 .debug_info    0x0000afa2       0x3e C:\Users\Helge\source\repos\Performance20\ArduinoSketch1\ArduinoSketch1\ArduinoCore\Release\libArduinoCore.a(hooks.o)
 .debug_info    0x0000afe0      0x322 C:\Users\Helge\source\repos\Performance20\ArduinoSketch1\ArduinoSketch1\ArduinoCore\Release\libArduinoCore.a(storage.o)
 .debug_info    0x0000b302     0x122b C:\Users\Helge\source\repos\Performance20\ArduinoSketch1\ArduinoSketch1\ArduinoCore\Release\libArduinoCore.a(repeater.o)
 .debug_info    0x0000c52d       0x9a C:/Program Files (x86)/Atmel/Studio/7.0/Packs/atmel/ATmega_DFP/1.6.364/gcc/dev/atmega328p/avr5\libatmega328p.a(eerd_byte.o)
 .debug_info    0x0000c5c7       0x9a C:/Program Files (x86)/Atmel/Studio/7.0/Packs/atmel/ATmega_DFP/1.6.364/gcc/dev/atmega328p/avr5\libatmega328p.a(eewr_byte.o)

.debug_abbrev   0x00000000     0x2e2b
 *(.debug_abbrev)
 .debug_abbrev  0x00000000      0x5a2 C:/Program Files (x86)/Atmel/Studio/7.0/Packs/atmel/ATmega_DFP/1.6.364/gcc/dev/atmega328p/avr5/crtatmega328p.o
 .debug_abbrev  0x000005a2      0x279 binouts2.o
 .debug_abbrev  0x0000081b      0x435 regtable.o
 .debug_abbrev  0x00000c50      0x37b C:\Users\Helge\source\repos\Performance20\ArduinoSketch1\ArduinoSketch1\ArduinoCore\Release\libArduinoCore.a(cc1101.o)
 .debug_abbrev  0x00000fcb      0x12d C:\Users\Helge\source\repos\Performance20\ArduinoSketch1\ArduinoSketch1\ArduinoCore\Release\libArduinoCore.a(main.o)
 .debug_abbrev  0x000010f8      0x42d C:\Users\Helge\source\repos\Performance20\ArduinoSketch1\ArduinoSketch1\ArduinoCore\Release\libArduinoCore.a(panstamp.o)
 .debug_abbrev  0x00001525      0x13d C:\Users\Helge\source\repos\Performance20\ArduinoSketch1\ArduinoSketch1\ArduinoCore\Release\libArduinoCore.a(simplespi.o)
 .debug_abbrev  0x00001662       0xfc C:\Users\Helge\source\repos\Performance20\ArduinoSketch1\ArduinoSketch1\ArduinoCore\Release\libArduinoCore.a(WInterrupts.o)
 .debug_abbrev  0x0000175e      0x146 C:\Users\Helge\source\repos\Performance20\ArduinoSketch1\ArduinoSketch1\ArduinoCore\Release\libArduinoCore.a(wiring.o)
 .debug_abbrev  0x000018a4      0x16b C:\Users\Helge\source\repos\Performance20\ArduinoSketch1\ArduinoSketch1\ArduinoCore\Release\libArduinoCore.a(wiring_analog.o)
 .debug_abbrev  0x00001a0f      0x15b C:\Users\Helge\source\repos\Performance20\ArduinoSketch1\ArduinoSketch1\ArduinoCore\Release\libArduinoCore.a(wiring_digital.o)
 .debug_abbrev  0x00001b6a      0x25f C:\Users\Helge\source\repos\Performance20\ArduinoSketch1\ArduinoSketch1\ArduinoCore\Release\libArduinoCore.a(register.o)
 .debug_abbrev  0x00001dc9      0x401 C:\Users\Helge\source\repos\Performance20\ArduinoSketch1\ArduinoSketch1\ArduinoCore\Release\libArduinoCore.a(swap.o)
 .debug_abbrev  0x000021ca      0x385 C:\Users\Helge\source\repos\Performance20\ArduinoSketch1\ArduinoSketch1\ArduinoCore\Release\libArduinoCore.a(swpacket.o)
 .debug_abbrev  0x0000254f      0x20a C:\Users\Helge\source\repos\Performance20\ArduinoSketch1\ArduinoSketch1\ArduinoCore\Release\libArduinoCore.a(swstatus.o)
 .debug_abbrev  0x00002759      0x1c7 C:\Users\Helge\source\repos\Performance20\ArduinoSketch1\ArduinoSketch1\ArduinoCore\Release\libArduinoCore.a(avrrtc.o)
 .debug_abbrev  0x00002920       0x2a C:\Users\Helge\source\repos\Performance20\ArduinoSketch1\ArduinoSketch1\ArduinoCore\Release\libArduinoCore.a(hooks.o)
 .debug_abbrev  0x0000294a      0x141 C:\Users\Helge\source\repos\Performance20\ArduinoSketch1\ArduinoSketch1\ArduinoCore\Release\libArduinoCore.a(storage.o)
 .debug_abbrev  0x00002a8b      0x378 C:\Users\Helge\source\repos\Performance20\ArduinoSketch1\ArduinoSketch1\ArduinoCore\Release\libArduinoCore.a(repeater.o)
 .debug_abbrev  0x00002e03       0x14 C:/Program Files (x86)/Atmel/Studio/7.0/Packs/atmel/ATmega_DFP/1.6.364/gcc/dev/atmega328p/avr5\libatmega328p.a(eerd_byte.o)
 .debug_abbrev  0x00002e17       0x14 C:/Program Files (x86)/Atmel/Studio/7.0/Packs/atmel/ATmega_DFP/1.6.364/gcc/dev/atmega328p/avr5\libatmega328p.a(eewr_byte.o)

.debug_line     0x00000000     0x347e
 *(.debug_line .debug_line.* .debug_line_end)
 .debug_line    0x00000000      0x134 C:/Program Files (x86)/Atmel/Studio/7.0/Packs/atmel/ATmega_DFP/1.6.364/gcc/dev/atmega328p/avr5/crtatmega328p.o
 .debug_line    0x00000134      0x2ae binouts2.o
 .debug_line    0x000003e2      0x2e9 regtable.o
 .debug_line    0x000006cb      0x7f9 C:\Users\Helge\source\repos\Performance20\ArduinoSketch1\ArduinoSketch1\ArduinoCore\Release\libArduinoCore.a(cc1101.o)
 .debug_line    0x00000ec4      0x17a C:\Users\Helge\source\repos\Performance20\ArduinoSketch1\ArduinoSketch1\ArduinoCore\Release\libArduinoCore.a(main.o)
 .debug_line    0x0000103e      0x445 C:\Users\Helge\source\repos\Performance20\ArduinoSketch1\ArduinoSketch1\ArduinoCore\Release\libArduinoCore.a(panstamp.o)
 .debug_line    0x00001483      0x17d C:\Users\Helge\source\repos\Performance20\ArduinoSketch1\ArduinoSketch1\ArduinoCore\Release\libArduinoCore.a(simplespi.o)
 .debug_line    0x00001600      0x1b7 C:\Users\Helge\source\repos\Performance20\ArduinoSketch1\ArduinoSketch1\ArduinoCore\Release\libArduinoCore.a(WInterrupts.o)
 .debug_line    0x000017b7      0x2ae C:\Users\Helge\source\repos\Performance20\ArduinoSketch1\ArduinoSketch1\ArduinoCore\Release\libArduinoCore.a(wiring.o)
 .debug_line    0x00001a65      0x224 C:\Users\Helge\source\repos\Performance20\ArduinoSketch1\ArduinoSketch1\ArduinoCore\Release\libArduinoCore.a(wiring_analog.o)
 .debug_line    0x00001c89      0x267 C:\Users\Helge\source\repos\Performance20\ArduinoSketch1\ArduinoSketch1\ArduinoCore\Release\libArduinoCore.a(wiring_digital.o)
 .debug_line    0x00001ef0      0x24f C:\Users\Helge\source\repos\Performance20\ArduinoSketch1\ArduinoSketch1\ArduinoCore\Release\libArduinoCore.a(register.o)
 .debug_line    0x0000213f      0x444 C:\Users\Helge\source\repos\Performance20\ArduinoSketch1\ArduinoSketch1\ArduinoCore\Release\libArduinoCore.a(swap.o)
 .debug_line    0x00002583      0x3f0 C:\Users\Helge\source\repos\Performance20\ArduinoSketch1\ArduinoSketch1\ArduinoCore\Release\libArduinoCore.a(swpacket.o)
 .debug_line    0x00002973      0x1d9 C:\Users\Helge\source\repos\Performance20\ArduinoSketch1\ArduinoSketch1\ArduinoCore\Release\libArduinoCore.a(swstatus.o)
 .debug_line    0x00002b4c      0x2eb C:\Users\Helge\source\repos\Performance20\ArduinoSketch1\ArduinoSketch1\ArduinoCore\Release\libArduinoCore.a(avrrtc.o)
 .debug_line    0x00002e37       0x41 C:\Users\Helge\source\repos\Performance20\ArduinoSketch1\ArduinoSketch1\ArduinoCore\Release\libArduinoCore.a(hooks.o)
 .debug_line    0x00002e78      0x21b C:\Users\Helge\source\repos\Performance20\ArduinoSketch1\ArduinoSketch1\ArduinoCore\Release\libArduinoCore.a(storage.o)
 .debug_line    0x00003093      0x2d3 C:\Users\Helge\source\repos\Performance20\ArduinoSketch1\ArduinoSketch1\ArduinoCore\Release\libArduinoCore.a(repeater.o)
 .debug_line    0x00003366       0x7a C:/Program Files (x86)/Atmel/Studio/7.0/Packs/atmel/ATmega_DFP/1.6.364/gcc/dev/atmega328p/avr5\libatmega328p.a(eerd_byte.o)
 .debug_line    0x000033e0       0x9e C:/Program Files (x86)/Atmel/Studio/7.0/Packs/atmel/ATmega_DFP/1.6.364/gcc/dev/atmega328p/avr5\libatmega328p.a(eewr_byte.o)

.debug_frame    0x00000000      0xdb4
 *(.debug_frame)
 .debug_frame   0x00000000       0x64 binouts2.o
 .debug_frame   0x00000064      0x100 regtable.o
 .debug_frame   0x00000164      0x2d4 C:\Users\Helge\source\repos\Performance20\ArduinoSketch1\ArduinoSketch1\ArduinoCore\Release\libArduinoCore.a(cc1101.o)
 .debug_frame   0x00000438       0x54 C:\Users\Helge\source\repos\Performance20\ArduinoSketch1\ArduinoSketch1\ArduinoCore\Release\libArduinoCore.a(main.o)
 .debug_frame   0x0000048c      0x144 C:\Users\Helge\source\repos\Performance20\ArduinoSketch1\ArduinoSketch1\ArduinoCore\Release\libArduinoCore.a(panstamp.o)
 .debug_frame   0x000005d0       0x34 C:\Users\Helge\source\repos\Performance20\ArduinoSketch1\ArduinoSketch1\ArduinoCore\Release\libArduinoCore.a(simplespi.o)
 .debug_frame   0x00000604       0xf4 C:\Users\Helge\source\repos\Performance20\ArduinoSketch1\ArduinoSketch1\ArduinoCore\Release\libArduinoCore.a(WInterrupts.o)
 .debug_frame   0x000006f8       0xc4 C:\Users\Helge\source\repos\Performance20\ArduinoSketch1\ArduinoSketch1\ArduinoCore\Release\libArduinoCore.a(wiring.o)
 .debug_frame   0x000007bc       0x54 C:\Users\Helge\source\repos\Performance20\ArduinoSketch1\ArduinoSketch1\ArduinoCore\Release\libArduinoCore.a(wiring_analog.o)
 .debug_frame   0x00000810       0x7c C:\Users\Helge\source\repos\Performance20\ArduinoSketch1\ArduinoSketch1\ArduinoCore\Release\libArduinoCore.a(wiring_digital.o)
 .debug_frame   0x0000088c       0xc0 C:\Users\Helge\source\repos\Performance20\ArduinoSketch1\ArduinoSketch1\ArduinoCore\Release\libArduinoCore.a(register.o)
 .debug_frame   0x0000094c       0xec C:\Users\Helge\source\repos\Performance20\ArduinoSketch1\ArduinoSketch1\ArduinoCore\Release\libArduinoCore.a(swap.o)
 .debug_frame   0x00000a38       0xe0 C:\Users\Helge\source\repos\Performance20\ArduinoSketch1\ArduinoSketch1\ArduinoCore\Release\libArduinoCore.a(swpacket.o)
 .debug_frame   0x00000b18       0x48 C:\Users\Helge\source\repos\Performance20\ArduinoSketch1\ArduinoSketch1\ArduinoCore\Release\libArduinoCore.a(swstatus.o)
 .debug_frame   0x00000b60       0xc8 C:\Users\Helge\source\repos\Performance20\ArduinoSketch1\ArduinoSketch1\ArduinoCore\Release\libArduinoCore.a(avrrtc.o)
 .debug_frame   0x00000c28       0x24 C:\Users\Helge\source\repos\Performance20\ArduinoSketch1\ArduinoSketch1\ArduinoCore\Release\libArduinoCore.a(hooks.o)
 .debug_frame   0x00000c4c       0x84 C:\Users\Helge\source\repos\Performance20\ArduinoSketch1\ArduinoSketch1\ArduinoCore\Release\libArduinoCore.a(storage.o)
 .debug_frame   0x00000cd0       0xe4 C:\Users\Helge\source\repos\Performance20\ArduinoSketch1\ArduinoSketch1\ArduinoCore\Release\libArduinoCore.a(repeater.o)

.debug_str      0x00000000     0x1e9a
 *(.debug_str)
 .debug_str     0x00000000      0x208 C:/Program Files (x86)/Atmel/Studio/7.0/Packs/atmel/ATmega_DFP/1.6.364/gcc/dev/atmega328p/avr5/crtatmega328p.o
 .debug_str     0x00000208      0x982 binouts2.o
                                0x9fa (size before relaxing)
 .debug_str     0x00000b8a      0xab9 regtable.o
                               0x1495 (size before relaxing)
 .debug_str     0x00001643      0x108 C:\Users\Helge\source\repos\Performance20\ArduinoSketch1\ArduinoSketch1\ArduinoCore\Release\libArduinoCore.a(cc1101.o)
                                0x7e1 (size before relaxing)
 .debug_str     0x0000174b       0x5a C:\Users\Helge\source\repos\Performance20\ArduinoSketch1\ArduinoSketch1\ArduinoCore\Release\libArduinoCore.a(main.o)
                                0x2bb (size before relaxing)
 .debug_str     0x000017a5       0xd0 C:\Users\Helge\source\repos\Performance20\ArduinoSketch1\ArduinoSketch1\ArduinoCore\Release\libArduinoCore.a(panstamp.o)
                                0xb2e (size before relaxing)
 .debug_str     0x00001875       0x1a C:\Users\Helge\source\repos\Performance20\ArduinoSketch1\ArduinoSketch1\ArduinoCore\Release\libArduinoCore.a(simplespi.o)
                                0x2ce (size before relaxing)
 .debug_str     0x0000188f      0x136 C:\Users\Helge\source\repos\Performance20\ArduinoSketch1\ArduinoSketch1\ArduinoCore\Release\libArduinoCore.a(WInterrupts.o)
                                0x23e (size before relaxing)
 .debug_str     0x000019c5       0x70 C:\Users\Helge\source\repos\Performance20\ArduinoSketch1\ArduinoSketch1\ArduinoCore\Release\libArduinoCore.a(wiring.o)
                                0x251 (size before relaxing)
 .debug_str     0x00001a35       0x78 C:\Users\Helge\source\repos\Performance20\ArduinoSketch1\ArduinoSketch1\ArduinoCore\Release\libArduinoCore.a(wiring_analog.o)
                                0x255 (size before relaxing)
 .debug_str     0x00001aad       0xa9 C:\Users\Helge\source\repos\Performance20\ArduinoSketch1\ArduinoSketch1\ArduinoCore\Release\libArduinoCore.a(wiring_digital.o)
                                0x2b6 (size before relaxing)
 .debug_str     0x00001b56       0x74 C:\Users\Helge\source\repos\Performance20\ArduinoSketch1\ArduinoSketch1\ArduinoCore\Release\libArduinoCore.a(register.o)
                                0x572 (size before relaxing)
 .debug_str     0x00001bca      0x113 C:\Users\Helge\source\repos\Performance20\ArduinoSketch1\ArduinoSketch1\ArduinoCore\Release\libArduinoCore.a(swap.o)
                               0x1182 (size before relaxing)
 .debug_str     0x00001cdd       0x66 C:\Users\Helge\source\repos\Performance20\ArduinoSketch1\ArduinoSketch1\ArduinoCore\Release\libArduinoCore.a(swpacket.o)
                                0xf6c (size before relaxing)
 .debug_str     0x00001d43       0x3f C:\Users\Helge\source\repos\Performance20\ArduinoSketch1\ArduinoSketch1\ArduinoCore\Release\libArduinoCore.a(swstatus.o)
                                0x873 (size before relaxing)
 .debug_str     0x00001d82       0x52 C:\Users\Helge\source\repos\Performance20\ArduinoSketch1\ArduinoSketch1\ArduinoCore\Release\libArduinoCore.a(avrrtc.o)
                                0x370 (size before relaxing)
 .debug_str     0x00001dd4       0x1c C:\Users\Helge\source\repos\Performance20\ArduinoSketch1\ArduinoSketch1\ArduinoCore\Release\libArduinoCore.a(hooks.o)
                                0x146 (size before relaxing)
 .debug_str     0x00001df0       0x4c C:\Users\Helge\source\repos\Performance20\ArduinoSketch1\ArduinoSketch1\ArduinoCore\Release\libArduinoCore.a(storage.o)
                                0x2fb (size before relaxing)
 .debug_str     0x00001e3c       0x5e C:\Users\Helge\source\repos\Performance20\ArduinoSketch1\ArduinoSketch1\ArduinoCore\Release\libArduinoCore.a(repeater.o)
                                0xf44 (size before relaxing)

.debug_loc      0x00000000     0x4178
 *(.debug_loc)
 .debug_loc     0x00000000      0x1d2 binouts2.o
 .debug_loc     0x000001d2      0xb5e regtable.o
 .debug_loc     0x00000d30      0xe80 C:\Users\Helge\source\repos\Performance20\ArduinoSketch1\ArduinoSketch1\ArduinoCore\Release\libArduinoCore.a(cc1101.o)
 .debug_loc     0x00001bb0      0x601 C:\Users\Helge\source\repos\Performance20\ArduinoSketch1\ArduinoSketch1\ArduinoCore\Release\libArduinoCore.a(panstamp.o)
 .debug_loc     0x000021b1       0x4c C:\Users\Helge\source\repos\Performance20\ArduinoSketch1\ArduinoSketch1\ArduinoCore\Release\libArduinoCore.a(simplespi.o)
 .debug_loc     0x000021fd      0x235 C:\Users\Helge\source\repos\Performance20\ArduinoSketch1\ArduinoSketch1\ArduinoCore\Release\libArduinoCore.a(WInterrupts.o)
 .debug_loc     0x00002432      0x28d C:\Users\Helge\source\repos\Performance20\ArduinoSketch1\ArduinoSketch1\ArduinoCore\Release\libArduinoCore.a(wiring.o)
 .debug_loc     0x000026bf       0xfe C:\Users\Helge\source\repos\Performance20\ArduinoSketch1\ArduinoSketch1\ArduinoCore\Release\libArduinoCore.a(wiring_analog.o)
 .debug_loc     0x000027bd      0x5fc C:\Users\Helge\source\repos\Performance20\ArduinoSketch1\ArduinoSketch1\ArduinoCore\Release\libArduinoCore.a(wiring_digital.o)
 .debug_loc     0x00002db9      0x29d C:\Users\Helge\source\repos\Performance20\ArduinoSketch1\ArduinoSketch1\ArduinoCore\Release\libArduinoCore.a(register.o)
 .debug_loc     0x00003056      0x3bc C:\Users\Helge\source\repos\Performance20\ArduinoSketch1\ArduinoSketch1\ArduinoCore\Release\libArduinoCore.a(swap.o)
 .debug_loc     0x00003412      0x36f C:\Users\Helge\source\repos\Performance20\ArduinoSketch1\ArduinoSketch1\ArduinoCore\Release\libArduinoCore.a(swpacket.o)
 .debug_loc     0x00003781      0x15b C:\Users\Helge\source\repos\Performance20\ArduinoSketch1\ArduinoSketch1\ArduinoCore\Release\libArduinoCore.a(swstatus.o)
 .debug_loc     0x000038dc      0x24f C:\Users\Helge\source\repos\Performance20\ArduinoSketch1\ArduinoSketch1\ArduinoCore\Release\libArduinoCore.a(avrrtc.o)
 .debug_loc     0x00003b2b      0x393 C:\Users\Helge\source\repos\Performance20\ArduinoSketch1\ArduinoSketch1\ArduinoCore\Release\libArduinoCore.a(storage.o)
 .debug_loc     0x00003ebe      0x2ba C:\Users\Helge\source\repos\Performance20\ArduinoSketch1\ArduinoSketch1\ArduinoCore\Release\libArduinoCore.a(repeater.o)

.debug_macinfo
 *(.debug_macinfo)

.debug_weaknames
 *(.debug_weaknames)

.debug_funcnames
 *(.debug_funcnames)

.debug_typenames
 *(.debug_typenames)

.debug_varnames
 *(.debug_varnames)

.debug_pubtypes
 *(.debug_pubtypes)

.debug_ranges   0x00000000      0x408
 *(.debug_ranges)
 .debug_ranges  0x00000000       0x18 binouts2.o
 .debug_ranges  0x00000018       0x48 regtable.o
 .debug_ranges  0x00000060       0xe8 C:\Users\Helge\source\repos\Performance20\ArduinoSketch1\ArduinoSketch1\ArduinoCore\Release\libArduinoCore.a(cc1101.o)
 .debug_ranges  0x00000148       0x20 C:\Users\Helge\source\repos\Performance20\ArduinoSketch1\ArduinoSketch1\ArduinoCore\Release\libArduinoCore.a(main.o)
 .debug_ranges  0x00000168       0x60 C:\Users\Helge\source\repos\Performance20\ArduinoSketch1\ArduinoSketch1\ArduinoCore\Release\libArduinoCore.a(panstamp.o)
 .debug_ranges  0x000001c8       0x18 C:\Users\Helge\source\repos\Performance20\ArduinoSketch1\ArduinoSketch1\ArduinoCore\Release\libArduinoCore.a(simplespi.o)
 .debug_ranges  0x000001e0       0x30 C:\Users\Helge\source\repos\Performance20\ArduinoSketch1\ArduinoSketch1\ArduinoCore\Release\libArduinoCore.a(WInterrupts.o)
 .debug_ranges  0x00000210       0x38 C:\Users\Helge\source\repos\Performance20\ArduinoSketch1\ArduinoSketch1\ArduinoCore\Release\libArduinoCore.a(wiring.o)
 .debug_ranges  0x00000248       0x20 C:\Users\Helge\source\repos\Performance20\ArduinoSketch1\ArduinoSketch1\ArduinoCore\Release\libArduinoCore.a(wiring_analog.o)
 .debug_ranges  0x00000268       0x28 C:\Users\Helge\source\repos\Performance20\ArduinoSketch1\ArduinoSketch1\ArduinoCore\Release\libArduinoCore.a(wiring_digital.o)
 .debug_ranges  0x00000290       0x30 C:\Users\Helge\source\repos\Performance20\ArduinoSketch1\ArduinoSketch1\ArduinoCore\Release\libArduinoCore.a(register.o)
 .debug_ranges  0x000002c0       0x40 C:\Users\Helge\source\repos\Performance20\ArduinoSketch1\ArduinoSketch1\ArduinoCore\Release\libArduinoCore.a(swap.o)
 .debug_ranges  0x00000300       0x40 C:\Users\Helge\source\repos\Performance20\ArduinoSketch1\ArduinoSketch1\ArduinoCore\Release\libArduinoCore.a(swpacket.o)
 .debug_ranges  0x00000340       0x10 C:\Users\Helge\source\repos\Performance20\ArduinoSketch1\ArduinoSketch1\ArduinoCore\Release\libArduinoCore.a(swstatus.o)
 .debug_ranges  0x00000350       0x40 C:\Users\Helge\source\repos\Performance20\ArduinoSketch1\ArduinoSketch1\ArduinoCore\Release\libArduinoCore.a(avrrtc.o)
 .debug_ranges  0x00000390       0x10 C:\Users\Helge\source\repos\Performance20\ArduinoSketch1\ArduinoSketch1\ArduinoCore\Release\libArduinoCore.a(hooks.o)
 .debug_ranges  0x000003a0       0x18 C:\Users\Helge\source\repos\Performance20\ArduinoSketch1\ArduinoSketch1\ArduinoCore\Release\libArduinoCore.a(storage.o)
 .debug_ranges  0x000003b8       0x50 C:\Users\Helge\source\repos\Performance20\ArduinoSketch1\ArduinoSketch1\ArduinoCore\Release\libArduinoCore.a(repeater.o)

.debug_macro
 *(.debug_macro)
OUTPUT(binouts2.elf elf32-avr)
LOAD linker stubs
